---
source: crates/wip-lang/tests/cases.rs
---
=== main.wip ===
enum Shape  @4:1..8:2
  variant Circle  @5:5..5:24
    field radius  @5:12..5:23
      f64  @5:20..5:23
  variant Rect  @6:5..6:25
    field w  @6:10..6:16
      f64  @6:13..6:16
    field h  @6:18..6:24
      f64  @6:21..6:24
  variant Point  @7:5..7:10
enum Never  @10:1..10:14
fn main  @12:1..17:2
  ret: i64  @12:12..12:15
  body: block  @12:18..17:2
    val a  @13:5..13:31
      init: call  @13:13..13:31
        callee: path Shape::Circle  @13:13..13:26
        arg: float 1.5  @13:27..13:30
    val b  @14:5..14:40
      init: call  @14:13..14:40
        callee: path Shape::Rect  @14:13..14:24
        arg w: float 2.0  @14:28..14:31
        arg h: float 3.0  @14:36..14:39
    val c  @15:5..15:25
      init: path Shape::Point  @15:13..15:25
    expr  @16:5..16:6
      int 0  @16:5..16:6
