---
source: crates/wip-lang/tests/cases.rs
---
=== main.wip ===
import std::io  @8:1..8:15
struct Rule  @10:1..13:2
  field prefix  @11:2..11:33
    Option  @11:10..11:33
      arg: fn type  @11:17..11:32
        param x  @11:18..11:24
          i64  @11:21..11:24
        ret: i64  @11:29..11:32
  field infix  @12:2..12:32
    Option  @12:9..12:32
      arg: fn type  @12:16..12:31
        param x  @12:17..12:23
          i64  @12:20..12:23
        ret: i64  @12:28..12:31
fn twice  @15:1..15:30
  param x  @15:10..15:16
    i64  @15:13..15:16
  ret: i64  @15:19..15:22
  body: binary *  @15:25..15:30
    name x  @15:25..15:26
    int 2  @15:29..15:30
fn thrice  @17:1..17:31
  param x  @17:11..17:17
    i64  @17:14..17:17
  ret: i64  @17:20..17:23
  body: binary *  @17:26..17:31
    name x  @17:26..17:27
    int 3  @17:30..17:31
fn ruleFor  @19:1..22:2
  param which  @19:12..19:22
    i64  @19:19..19:22
  ret: Rule  @19:25..19:29
  body: match  @19:32..22:2
    scrutinee: name which  @19:38..19:43
    arm  @20:2..20:47
      pattern: int 0  @20:2..20:3
      body: call  @20:7..20:47
        callee: name Rule  @20:7..20:11
        arg prefix: call  @20:20..20:32
          callee: path .Some  @20:20..20:25
          arg: name twice  @20:26..20:31
        arg infix: path .None  @20:41..20:46
    arm  @21:2..21:48
      pattern: _  @21:2..21:3
      body: call  @21:7..21:48
        callee: name Rule  @21:7..21:11
        arg prefix: path .None  @21:20..21:25
        arg infix: call  @21:34..21:47
          callee: path .Some  @21:34..21:39
          arg: name thrice  @21:40..21:46
fn main  @24:1..38:2
  body: block  @24:13..38:2
    expr  @25:2..27:3
      if  @25:2..27:3
        cond: is  @25:5..25:34
          scrutinee: field prefix  @25:5..25:22
            call  @25:5..25:15
              callee: name ruleFor  @25:5..25:12
              arg: int 0  @25:13..25:14
          pattern: variant .Some(f)  @25:26..25:34
        then: block  @25:35..27:3
          expr  @26:3..26:21
            call  @26:3..26:21
              callee: path io::printInt  @26:3..26:15
              arg: call  @26:16..26:20
                callee: name f  @26:16..26:17
                arg: int 4  @26:18..26:19
    expr  @28:2..31:3
      match  @28:2..31:3
        scrutinee: field infix  @28:8..28:24
          call  @28:8..28:18
            callee: name ruleFor  @28:8..28:15
            arg: int 1  @28:16..28:17
        arm  @29:3..29:33
          pattern: variant .Some(g)  @29:3..29:11
          body: call  @29:15..29:33
            callee: path io::printInt  @29:15..29:27
            arg: call  @29:28..29:32
              callee: name g  @29:28..29:29
              arg: int 3  @29:30..29:31
        arm  @30:3..30:14
          pattern: variant .None  @30:3..30:8
          body: block  @30:12..30:14
    val rules  @32:2..32:38
      init: array  @32:14..32:38
        call  @32:15..32:25
          callee: name ruleFor  @32:15..32:22
          arg: int 0  @32:23..32:24
        call  @32:27..32:37
          callee: name ruleFor  @32:27..32:34
          arg: int 1  @32:35..32:36
    for  @33:2..37:3
      pattern: binding rule  @33:6..33:10
      elements: name rules  @33:14..33:19
      body: block  @33:20..37:3
        expr  @34:3..36:4
          if  @34:3..36:4
            cond: is  @34:6..34:29
              scrutinee: field prefix  @34:6..34:17
                name rule  @34:6..34:10
              pattern: variant .Some(f)  @34:21..34:29
            then: block  @34:30..36:4
              expr  @35:4..35:22
                call  @35:4..35:22
                  callee: path io::printInt  @35:4..35:16
                  arg: call  @35:17..35:21
                    callee: name f  @35:17..35:18
                    arg: int 2  @35:19..35:20
