---
source: crates/wip-lang/tests/cases.rs
---
[E0304] Error: cannot assign to `count`, which this closure only reads
   ╭─[ err/209_what_a_kept_closure_reads/main.wip:7:22 ]
   │
 7 │     val bump = () => count += 1
   │                      ──┬──  
   │                        ╰──── captured to read
   │ 
   │ Help: write the lambda where a `&var (…) => R` is taken, or take what changes as a `&var` parameter of it
   │ 
   │ Note: a closure lent as `&(…) => R`, or kept in a `val`, reads what it captures; one that changes it is a `&var (…) => R`, lent for the call it is written in
───╯
[E0350] Error: a lambda that uses `limit` from around it is a closure
    ╭─[ err/209_what_a_kept_closure_reads/main.wip:12:33 ]
    │
 12 │     var below = (n: i64) => n < limit
    │                                 ──┬──  
    │                                   ╰──── captured here
    │ 
    │ Help: take it as a parameter of the lambda, declare the parameter a closure, or keep the lambda in a `val`
    │ 
    │ Note: a plain function value captures nothing; a closure is `&(…) => R` or `&var (…) => R`, lent for one call, or kept in a `val` it is the whole value of, reading what it captures
────╯
