---
source: crates/wip-lang/tests/cases.rs
---
[E0409] Error: cannot take `make(…).engine` out of a temporary
    ╭─[ err/61_temporary_parts/main.wip:20:13 ]
    │
 20 │     val e = make().engine
    │             ──────┬──────  
    │                   ╰──────── part of a temporary value
    │ 
    │ Help: bind the temporary with `val`, then `move` this part out of it
────╯
[E0409] Error: cannot take `make(…).engine` out of a temporary
    ╭─[ err/61_temporary_parts/main.wip:25:10 ]
    │
 25 │     take(make().engine)
    │          ──────┬──────  
    │                ╰──────── part of a temporary value
    │ 
    │ Help: bind the temporary with `val`, then `move` this part out of it
────╯
