---
source: tests/gate
---
[E0340] Error: `Library` already implements `Shelf`
    ╭─[ err/421_a_second_decided_type/main.wip:15:8 ]
    │
 11 │ extend Library: Shelf<String> {
    │        ───┬───
    │           ╰───── implemented here
    │
 15 │ extend Library: Shelf<i64> {
    │        ───┬───
    │           ╰───── implemented again here
    │
    │ Note: a type implements an interface once, so which implementation applies is never in question
────╯
[E0340] Error: `Counter` already implements `Iterator`
    ╭─[ err/421_a_second_decided_type/main.wip:25:8 ]
    │
 21 │ extend Counter: Iterator<i64> {
    │        ───┬───
    │           ╰───── implemented here
    │
 25 │ extend Counter: Iterator<bool> {
    │        ───┬───
    │           ╰───── implemented again here
    │
    │ Note: a type implements an interface once, so which implementation applies is never in question
────╯
