---
source: tests/gate
---
[E0304] Error: cannot assign through a `&` reference
   ╭─[ err/19_assignment/main.wip:9:5 ]
   │
 9 │     c.hits = c.hits + 1
   │     ───┬──
   │        ╰──── behind a `&` reference, which only reads
   │
   │ Help: to write through it, declare the parameter `&var` and pass it with `&var`
───╯
[E0304] Error: cannot assign to `n`
    ╭─[ err/19_assignment/main.wip:10:5 ]
    │
  8 │ fn bump(c: &Counter, n: i64) = {
    │                      ┬
    │                      ╰── a parameter
    │
 10 │     n = n + 1
    │     ┬
    │     ╰── cannot be assigned
    │
    │ Help: a parameter cannot change: copy it first (`var n = n`), or declare it `&var` so that the caller's variable changes
────╯
[E0304] Error: cannot assign to `total`
    ╭─[ err/19_assignment/main.wip:15:5 ]
    │
 14 │     val total = 0
    │         ──┬──
    │           ╰──── declared with `val`, so it cannot change
 15 │     total = total + 1
    │     ──┬──
    │       ╰──── cannot be assigned
    │
    │ Help: declare it with `var`
────╯
[E0304] Error: cannot assign to `c`
    ╭─[ err/19_assignment/main.wip:17:5 ]
    │
 16 │     val c = Counter(hits: 0)
    │         ┬
    │         ╰── declared with `val`, so it cannot change
 17 │     c.hits = 1
    │     ───┬──
    │        ╰──── cannot be assigned
    │
    │ Help: declare it with `var`
────╯
[E0304] Error: cannot assign to this expression
    ╭─[ err/19_assignment/main.wip:19:5 ]
    │
 19 │     1 = total
    │     ┬
    │     ╰── not a variable, field or element
────╯
