---
source: crates/wip-lang/tests/cases.rs
---
[E0307] Error: `cstring` has no field `toStr`
    ╭─[ err/116_c_strings/main.wip:10:39 ]
    │
 10 │ fn notCalled(): i64 = text_greeting().toStr          // a method, not a field
    │                                       ──┬──  
    │                                         ╰──── not a field
    │ 
    │ Help: `toStr` is a method: call it
    │ 
    │ Note: a `cstring` is a pointer to bytes that end with a NUL, so its length is not known until it is walked
────╯
[E0302] Error: `toStr` takes no arguments
    ╭─[ err/116_c_strings/main.wip:12:23 ]
    │
 12 │ fn arguments(): i64 = text_greeting().toStr(1).len()   // it takes none
    │                       ────────────┬───────────  
    │                                   ╰───────────── arguments
────╯
[E0337] Error: no method `len` on `cstring`
    ╭─[ err/116_c_strings/main.wip:14:36 ]
    │
 14 │ fn length(): i64 = text_greeting().len()               // walk it first
    │                                    ─┬─  
    │                                     ╰─── its length is not known
    │ 
    │ Help: walk it first, with `toStr()`
    │ 
    │ Note: a `cstring` is a pointer to bytes that end with a NUL, so its length is not known until it is walked
────╯
[E0337] Error: no method `toStr` on `str`
    ╭─[ err/116_c_strings/main.wip:16:35 ]
    │
 16 │ fn alreadyText(): i64 = "literal".toStr().len()        // a `str` is text already
    │                                   ──┬──  
    │                                     ╰──── unknown method
    │ 
    │ Note: `str` has `toInt`, `toFloat`, `equals`, `compare`, `hashInto`, `items`, `len`, `isEmpty`, `startsWith`, `endsWith`, `find`, `findLast`, `contains`, `stripPrefix`, `stripSuffix`, `trimStart`, `trimEnd`, `trim`, `chars`, `isValidUtf8`, `charAt`, `width`, `toLowercase`, `toUppercase`, `equalsAnyCase`, `folded`, `split`, `lines`, `splitOnce`, `toString`, `appendTo`, `alignsRight`, `appendFitted`
────╯
