---
source: tests/gate
---
[E0436] Error: `n` is used after `s`, which it borrows, was changed
    ╭─[ err/328_borrows_through_a_function/main.wip:11:13 ]
    │
  9 │     val n = o.map((h) => h.toStr())
    │         ┬
    │         ╰── `n` borrows `s`
 10 │     s = String::of("second")
    │     ┬
    │     ╰── `s` assigned here
 11 │     val m = n
    │             ┬
    │             ╰── used here
    │
    │ Help: use `n` before `s` changes, or keep a value that owns its data
    │
    │ Note: a view points into what it borrows — a `str` into bytes, a `&` into a place — so that must not change while the view is still used
────╯
[E0436] Error: `views` is used after `names`, which it borrows, was changed
    ╭─[ err/328_borrows_through_a_function/main.wip:16:17 ]
    │
 14 │     val views = names.map((name) => name.toStr())
    │         ──┬──
    │           ╰──── `views` borrows `names`
 15 │     names.clear()
    │     ──┬──
    │       ╰──── `names` passed as `&var` here
 16 │     val first = views[0]
    │                 ──┬──
    │                   ╰──── used here
    │
    │ Help: use `views` before `names` changes, or keep a value that owns its data
    │
    │ Note: a view points into what it borrows — a `str` into bytes, a `&` into a place — so that must not change while the view is still used
────╯
