---
source: crates/wip-lang/tests/cases.rs
---
=== main.wip ===
import std::io  @4:1..4:15
val PRELUDE  @6:1..6:37
  type: array 4  @6:14..6:22
    u32  @6:15..6:18
  value: array  @6:25..6:37
    int 1  @6:26..6:27
    int 2  @6:29..6:30
    int 3  @6:32..6:33
    int 4  @6:35..6:36
val DEAD  @7:1..7:28
  type: array 2  @7:11..7:19
    u32  @7:12..7:15
  value: array  @7:22..7:28
    int 9  @7:23..7:24
    int 8  @7:26..7:27
val UNKNOWN  @8:1..8:29
  type: array 1  @8:14..8:22
    i64  @8:15..8:18
  value: array  @8:25..8:29
    unary -  @8:26..8:28
      int 1  @8:27..8:28
enum Recording  @10:1..13:2
  variant Prelude  @11:2..11:9
  variant Dead  @12:2..12:6
fn registers  @15:1..18:2
  param recording  @15:14..15:34
    Recording  @15:25..15:34
  ret: ref  @15:37..15:43
    slice  @15:38..15:43
      u32  @15:39..15:42
  body: match  @15:46..18:2
    scrutinee: name recording  @15:52..15:61
    arm  @16:2..16:26
      pattern: variant .Prelude  @16:2..16:10
      body: lend  @16:14..16:26
        name PRELUDE  @16:19..16:26
    arm  @17:2..17:20
      pattern: variant .Dead  @17:2..17:7
      body: lend  @17:11..17:20
        name DEAD  @17:16..17:20
fn deadOnes  @21:1..21:46
  ret: ref  @21:16..21:22
    slice  @21:17..21:22
      u32  @21:18..21:21
  body: lend  @21:25..21:46
    call  @21:30..21:46
      callee: name registers  @21:30..21:39
      arg: path .Dead  @21:40..21:45
fn total  @23:1..29:2
  param values  @23:10..23:24
    ref  @23:18..23:24
      slice  @23:19..23:24
        u32  @23:20..23:23
  ret: u32  @23:27..23:30
  body: block  @23:33..29:2
    var sum  @24:2..24:18
      type: u32  @24:11..24:14
      init: int 0  @24:17..24:18
    for  @25:2..27:3
      pattern: binding value  @25:6..25:11
      elements: name values  @25:15..25:21
      body: block  @25:22..27:3
        expr  @26:3..26:15
          assign +=  @26:3..26:15
            target: name sum  @26:3..26:6
            value: name value  @26:10..26:15
    return  @28:2..28:12
      name sum  @28:9..28:12
struct Labels  @31:1..33:2
  field values  @32:2..32:18
    Vec  @32:10..32:18
      arg: i64  @32:14..32:17
extend Labels  @35:1..42:2
  fn at  @37:2..41:3
    param i  @37:8..37:14
      i64  @37:11..37:14
    ret: ref  @37:17..37:21
      i64  @37:18..37:21
    body: if  @37:24..41:3
      cond: binary <  @37:27..37:48
        name i  @37:27..37:28
        call  @37:31..37:48
          callee: field len  @37:31..37:46
            field values  @37:31..37:42
              self  @37:31..37:35
      then: block  @37:49..39:3
        expr  @38:3..38:22
          lend  @38:3..38:22
            index  @38:8..38:22
              base: field values  @38:8..38:19
                self  @38:8..38:12
              index: name i  @38:20..38:21
      else: block  @39:9..41:3
        expr  @40:3..40:18
          lend  @40:3..40:18
            index  @40:8..40:18
              base: name UNKNOWN  @40:8..40:15
              index: int 0  @40:16..40:17
struct Mode  @44:1..46:2
  field dead  @45:2..45:20
    bool  @45:8..45:12
    default: bool false  @45:15..45:20
fn playing  @48:1..48:83
  param mode  @48:12..48:23
    ref  @48:18..48:23
      Mode  @48:19..48:23
  ret: ref  @48:26..48:32
    slice  @48:27..48:32
      u32  @48:28..48:31
  body: if  @48:35..48:83
    cond: field dead  @48:38..48:47
      name mode  @48:38..48:42
    then: block  @48:48..48:61
      expr  @48:50..48:59
        lend  @48:50..48:59
          name DEAD  @48:55..48:59
    else: block  @48:67..48:83
      expr  @48:69..48:81
        lend  @48:69..48:81
          name PRELUDE  @48:74..48:81
fn switch  @50:1..52:2
  param mode  @50:11..50:26
    ref var  @50:17..50:26
      Mode  @50:22..50:26
  param heard  @50:28..50:41
    ref  @50:35..50:41
      slice  @50:36..50:41
        u32  @50:37..50:40
  body: block  @50:45..52:2
    expr  @51:2..51:26
      assign  @51:2..51:26
        target: field dead  @51:2..51:11
          name mode  @51:2..51:6
        value: binary <  @51:14..51:26
          index  @51:14..51:22
            base: name heard  @51:14..51:19
            index: int 0  @51:20..51:21
          int 5  @51:25..51:26
fn main  @54:1..63:2
  body: block  @54:13..63:2
    expr  @55:2..55:101
      call  @55:2..55:101
        callee: path io::println  @55:2..55:13
        arg: block  @55:14..55:100
          var text#  @55:14..55:100
            init: call  @55:14..55:100
              callee: path String::withCapacity  @55:14..55:100
              arg: int 26  @55:14..55:100
          expr  @55:17..55:44
            call  @55:17..55:44
              callee: field appendTo  @55:17..55:44
                call  @55:17..55:44
                  callee: name total  @55:17..55:22
                  arg: unary &  @55:23..55:43
                    call  @55:24..55:43
                      callee: name registers  @55:24..55:33
                      arg: path .Prelude  @55:34..55:42
              arg: unary &var  @55:17..55:44
                name text#  @55:17..55:44
          expr  @55:44..55:48
            call  @55:44..55:48
              callee: field push  @55:44..55:48
                name text#  @55:44..55:48
              arg: str " "  @55:44..55:48
          expr  @55:48..55:72
            call  @55:48..55:72
              callee: field appendTo  @55:48..55:72
                call  @55:48..55:72
                  callee: name total  @55:48..55:53
                  arg: unary &  @55:54..55:71
                    call  @55:55..55:71
                      callee: name registers  @55:55..55:64
                      arg: path .Dead  @55:65..55:70
              arg: unary &var  @55:48..55:72
                name text#  @55:48..55:72
          expr  @55:72..55:76
            call  @55:72..55:76
              callee: field push  @55:72..55:76
                name text#  @55:72..55:76
              arg: str " "  @55:72..55:76
          expr  @55:76..55:98
            call  @55:76..55:98
              callee: field appendTo  @55:76..55:98
                index  @55:76..55:98
                  base: call  @55:76..55:95
                    callee: name registers  @55:76..55:85
                    arg: path .Prelude  @55:86..55:94
                  index: int 2  @55:96..55:97
              arg: unary &var  @55:76..55:98
                name text#  @55:76..55:98
          expr  @55:14..55:100
            unary move  @55:14..55:100
              name text#  @55:14..55:100
    expr  @56:2..56:38
      call  @56:2..56:38
        callee: path io::println  @56:2..56:13
        arg: block  @56:14..56:37
          var text#  @56:14..56:37
            init: call  @56:14..56:37
              callee: path String::withCapacity  @56:14..56:37
              arg: int 8  @56:14..56:37
          expr  @56:17..56:35
            call  @56:17..56:35
              callee: field appendTo  @56:17..56:35
                call  @56:17..56:35
                  callee: name total  @56:17..56:22
                  arg: unary &  @56:23..56:34
                    call  @56:24..56:34
                      callee: name deadOnes  @56:24..56:32
              arg: unary &var  @56:17..56:35
                name text#  @56:17..56:35
          expr  @56:14..56:37
            unary move  @56:14..56:37
              name text#  @56:14..56:37
    val labels  @57:2..57:50
      init: call  @57:15..57:50
        callee: name Labels  @57:15..57:21
        arg values: call  @57:30..57:49
          callee: path Vec::of  @57:30..57:37
          arg: unary own  @57:38..57:48
            array  @57:42..57:48
              int 5  @57:43..57:44
              int 6  @57:46..57:47
    expr  @58:2..58:48
      call  @58:2..58:48
        callee: path io::println  @58:2..58:13
        arg: block  @58:14..58:47
          var text#  @58:14..58:47
            init: call  @58:14..58:47
              callee: path String::withCapacity  @58:14..58:47
              arg: int 17  @58:14..58:47
          expr  @58:17..58:29
            call  @58:17..58:29
              callee: field appendTo  @58:17..58:29
                call  @58:17..58:29
                  callee: field at  @58:17..58:26
                    name labels  @58:17..58:23
                  arg: int 1  @58:27..58:28
              arg: unary &var  @58:17..58:29
                name text#  @58:17..58:29
          expr  @58:29..58:33
            call  @58:29..58:33
              callee: field push  @58:29..58:33
                name text#  @58:29..58:33
              arg: str " "  @58:29..58:33
          expr  @58:33..58:45
            call  @58:33..58:45
              callee: field appendTo  @58:33..58:45
                call  @58:33..58:45
                  callee: field at  @58:33..58:42
                    name labels  @58:33..58:39
                  arg: int 7  @58:43..58:44
              arg: unary &var  @58:33..58:45
                name text#  @58:33..58:45
          expr  @58:14..58:47
            unary move  @58:14..58:47
              name text#  @58:14..58:47
    var mode  @60:2..60:19
      init: call  @60:13..60:19
        callee: name Mode  @60:13..60:17
    expr  @61:2..61:36
      call  @61:2..61:36
        callee: name switch  @61:2..61:8
        arg: unary &var  @61:9..61:18
          name mode  @61:14..61:18
        arg: unary &  @61:20..61:35
          call  @61:21..61:35
            callee: name playing  @61:21..61:28
            arg: unary &  @61:29..61:34
              name mode  @61:30..61:34
    expr  @62:2..62:29
      call  @62:2..62:29
        callee: path io::println  @62:2..62:13
        arg: block  @62:14..62:28
          var text#  @62:14..62:28
            init: call  @62:14..62:28
              callee: path String::withCapacity  @62:14..62:28
              arg: int 8  @62:14..62:28
          expr  @62:17..62:26
            call  @62:17..62:26
              callee: field appendTo  @62:17..62:26
                field dead  @62:17..62:26
                  name mode  @62:17..62:21
              arg: unary &var  @62:17..62:26
                name text#  @62:17..62:26
          expr  @62:14..62:28
            unary move  @62:14..62:28
              name text#  @62:14..62:28
