---
source: crates/wip-lang/tests/cases.rs
---
=== main.wip ===
import std::io  @16:1..16:15
@derive(Text)  @18:1..18:14
struct Vec2  @19:1..22:2
  field x  @20:5..20:11
    f32  @20:8..20:11
  field y  @21:5..21:11
    f32  @21:8..21:11
extend Vec2: Add  @24:1..26:2
  fn add  @25:5..25:80
    param other  @25:12..25:24
      ref  @25:19..25:24
        Vec2  @25:20..25:24
    ret: Vec2  @25:27..25:31
    body: call  @25:34..25:80
      callee: name Vec2  @25:34..25:38
      arg x: binary +  @25:42..25:58
        field x  @25:42..25:48
          self  @25:42..25:46
        field x  @25:51..25:58
          name other  @25:51..25:56
      arg y: binary +  @25:63..25:79
        field y  @25:63..25:69
          self  @25:63..25:67
        field y  @25:72..25:79
          name other  @25:72..25:77
extend Vec2: Multiply  @28:1..30:2
  interface arg: f32  @28:23..28:26
  fn multiply  @29:5..29:80
    param other  @29:17..29:28
      ref  @29:24..29:28
        f32  @29:25..29:28
    ret: Vec2  @29:31..29:35
    body: call  @29:38..29:80
      callee: name Vec2  @29:38..29:42
      arg x: binary *  @29:46..29:60
        field x  @29:46..29:52
          self  @29:46..29:50
        name other  @29:55..29:60
      arg y: binary *  @29:65..29:79
        field y  @29:65..29:71
          self  @29:65..29:69
        name other  @29:74..29:79
extend Vec2: Multiply  @32:1..34:2
  fn multiply  @33:5..33:85
    param other  @33:17..33:29
      ref  @33:24..33:29
        Vec2  @33:25..33:29
    ret: Vec2  @33:32..33:36
    body: call  @33:39..33:85
      callee: name Vec2  @33:39..33:43
      arg x: binary *  @33:47..33:63
        field x  @33:47..33:53
          self  @33:47..33:51
        field x  @33:56..33:63
          name other  @33:56..33:61
      arg y: binary *  @33:68..33:84
        field y  @33:68..33:74
          self  @33:68..33:72
        field y  @33:77..33:84
          name other  @33:77..33:82
extend f32: Multiply  @36:1..38:2
  interface arg: Vec2  @36:22..36:26
  interface arg: Vec2  @36:28..36:32
  fn multiply  @37:5..37:51
    param other  @37:17..37:29
      ref  @37:24..37:29
        Vec2  @37:25..37:29
    ret: Vec2  @37:32..37:36
    body: binary *  @37:39..37:51
      name other  @37:39..37:44
      self  @37:47..37:51
struct Meters  @40:1..42:2
  field n  @41:5..41:11
    f64  @41:8..41:11
struct Seconds  @44:1..46:2
  field n  @45:5..45:11
    f64  @45:8..45:11
struct Speed  @48:1..50:2
  field n  @49:5..49:11
    f64  @49:8..49:11
extend Meters: Divide  @52:1..54:2
  interface arg: Seconds  @52:23..52:30
  interface arg: Speed  @52:32..52:37
  fn divide  @53:5..53:67
    param other  @53:15..53:30
      ref  @53:22..53:30
        Seconds  @53:23..53:30
    ret: Speed  @53:33..53:38
    body: call  @53:41..53:67
      callee: name Speed  @53:41..53:46
      arg n: binary /  @53:50..53:66
        field n  @53:50..53:56
          self  @53:50..53:54
        field n  @53:59..53:66
          name other  @53:59..53:64
fn sum  @56:1..56:38
  type param T: Add  @56:8..56:14
  param a  @56:16..56:20
    T  @56:19..56:20
  param b  @56:22..56:26
    T  @56:25..56:26
  ret: T  @56:29..56:30
  body: binary +  @56:33..56:38
    name a  @56:33..56:34
    name b  @56:37..56:38
fn scaledTwice  @58:1..58:58
  type param T: Multiply  @58:16..58:32
    constraint arg: f32  @58:28..58:31
  param v  @58:34..58:38
    T  @58:37..58:38
  ret: T  @58:41..58:42
  body: binary *  @58:45..58:58
    binary *  @58:45..58:52
      name v  @58:45..58:46
      float 2.0  @58:49..58:52
    float 2.0  @58:55..58:58
fn main  @60:1..72:2
  body: block  @60:13..72:2
    val v  @61:5..61:33
      init: call  @61:13..61:33
        callee: name Vec2  @61:13..61:17
        arg x: float 1.0  @61:21..61:24
        arg y: float 2.0  @61:29..61:32
    expr  @62:5..62:41
      call  @62:5..62:41
        callee: path io::println  @62:5..62:16
        arg: block  @62:17..62:40
          var text#  @62:17..62:40
            init: call  @62:17..62:40
              callee: path String::withCapacity  @62:17..62:40
              arg: int 17  @62:17..62:40
          expr  @62:20..62:27
            call  @62:20..62:27
              callee: field appendTo  @62:20..62:27
                binary *  @62:20..62:27
                  name v  @62:20..62:21
                  float 0.5  @62:24..62:27
              arg: unary &var  @62:20..62:27
                name text#  @62:20..62:27
          expr  @62:27..62:31
            call  @62:27..62:31
              callee: field push  @62:27..62:31
                name text#  @62:27..62:31
              arg: str " "  @62:27..62:31
          expr  @62:31..62:38
            call  @62:31..62:38
              callee: field appendTo  @62:31..62:38
                binary *  @62:31..62:38
                  float 2.0  @62:31..62:34
                  name v  @62:37..62:38
              arg: unary &var  @62:31..62:38
                name text#  @62:31..62:38
          expr  @62:17..62:40
            unary move  @62:17..62:40
              name text#  @62:17..62:40
    val scale  @63:5..63:25
      type: f32  @63:16..63:19
      init: float 3.0  @63:22..63:25
    expr  @64:5..64:54
      call  @64:5..64:54
        callee: path io::println  @64:5..64:16
        arg: block  @64:17..64:53
          var text#  @64:17..64:53
            init: call  @64:17..64:53
              callee: path String::withCapacity  @64:17..64:53
              arg: int 26  @64:17..64:53
          expr  @64:20..64:29
            call  @64:20..64:29
              callee: field appendTo  @64:20..64:29
                binary *  @64:20..64:29
                  name v  @64:20..64:21
                  name scale  @64:24..64:29
              arg: unary &var  @64:20..64:29
                name text#  @64:20..64:29
          expr  @64:29..64:33
            call  @64:29..64:33
              callee: field push  @64:29..64:33
                name text#  @64:29..64:33
              arg: str " "  @64:29..64:33
          expr  @64:33..64:42
            call  @64:33..64:42
              callee: field appendTo  @64:33..64:42
                binary *  @64:33..64:42
                  name scale  @64:33..64:38
                  name v  @64:41..64:42
              arg: unary &var  @64:33..64:42
                name text#  @64:33..64:42
          expr  @64:42..64:46
            call  @64:42..64:46
              callee: field push  @64:42..64:46
                name text#  @64:42..64:46
              arg: str " "  @64:42..64:46
          expr  @64:46..64:51
            call  @64:46..64:51
              callee: field appendTo  @64:46..64:51
                binary *  @64:46..64:51
                  name v  @64:46..64:47
                  name v  @64:50..64:51
              arg: unary &var  @64:46..64:51
                name text#  @64:46..64:51
          expr  @64:17..64:53
            unary move  @64:17..64:53
              name text#  @64:17..64:53
    expr  @65:5..65:65
      call  @65:5..65:65
        callee: path io::println  @65:5..65:16
        arg: block  @65:17..65:64
          var text#  @65:17..65:64
            init: call  @65:17..65:64
              callee: path String::withCapacity  @65:17..65:64
              arg: int 26  @65:17..65:64
          expr  @65:20..65:31
            call  @65:20..65:31
              callee: field appendTo  @65:20..65:31
                binary +  @65:20..65:31
                  name v  @65:20..65:21
                  binary *  @65:24..65:31
                    name v  @65:24..65:25
                    float 2.0  @65:28..65:31
              arg: unary &var  @65:20..65:31
                name text#  @65:20..65:31
          expr  @65:31..65:35
            call  @65:31..65:35
              callee: field push  @65:31..65:35
                name text#  @65:31..65:35
              arg: str " "  @65:31..65:35
          expr  @65:35..65:44
            call  @65:35..65:44
              callee: field appendTo  @65:35..65:44
                call  @65:35..65:44
                  callee: name sum  @65:35..65:38
                  arg: name v  @65:39..65:40
                  arg: name v  @65:42..65:43
              arg: unary &var  @65:35..65:44
                name text#  @65:35..65:44
          expr  @65:44..65:48
            call  @65:44..65:48
              callee: field push  @65:44..65:48
                name text#  @65:44..65:48
              arg: str " "  @65:44..65:48
          expr  @65:48..65:62
            call  @65:48..65:62
              callee: field appendTo  @65:48..65:62
                call  @65:48..65:62
                  callee: name scaledTwice  @65:48..65:59
                  arg: name v  @65:60..65:61
              arg: unary &var  @65:48..65:62
                name text#  @65:48..65:62
          expr  @65:17..65:64
            unary move  @65:17..65:64
              name text#  @65:17..65:64
    var w  @66:5..66:14
      init: name v  @66:13..66:14
    expr  @67:5..67:13
      assign *=  @67:5..67:13
        target: name w  @67:5..67:6
        value: float 4.0  @67:10..67:13
    expr  @68:5..68:11
      assign +=  @68:5..68:11
        target: name w  @68:5..68:6
        value: name v  @68:10..68:11
    expr  @69:5..69:24
      call  @69:5..69:24
        callee: path io::println  @69:5..69:16
        arg: block  @69:17..69:23
          var text#  @69:17..69:23
            init: call  @69:17..69:23
              callee: path String::withCapacity  @69:17..69:23
              arg: int 8  @69:17..69:23
          expr  @69:20..69:21
            call  @69:20..69:21
              callee: field appendTo  @69:20..69:21
                name w  @69:20..69:21
              arg: unary &var  @69:20..69:21
                name text#  @69:20..69:21
          expr  @69:17..69:23
            unary move  @69:17..69:23
              name text#  @69:17..69:23
    val speed  @70:5..70:51
      init: binary /  @70:17..70:51
        call  @70:17..70:33
          callee: name Meters  @70:17..70:23
          arg n: float 100.0  @70:27..70:32
        call  @70:36..70:51
          callee: name Seconds  @70:36..70:43
          arg n: float 8.0  @70:47..70:50
    expr  @71:5..71:30
      call  @71:5..71:30
        callee: path io::println  @71:5..71:16
        arg: block  @71:17..71:29
          var text#  @71:17..71:29
            init: call  @71:17..71:29
              callee: path String::withCapacity  @71:17..71:29
              arg: int 8  @71:17..71:29
          expr  @71:20..71:27
            call  @71:20..71:27
              callee: field appendTo  @71:20..71:27
                field n  @71:20..71:27
                  name speed  @71:20..71:25
              arg: unary &var  @71:20..71:27
                name text#  @71:20..71:27
          expr  @71:17..71:29
            unary move  @71:17..71:29
              name text#  @71:17..71:29
