---
source: tests/gate
---
=== main.wip ===
import std::io  @11:1..11:15
interface Doubled  @13:1..15:2
  fn twice  @14:5..14:20
    ret: i64  @14:17..14:20
extend i64: Doubled  @17:1..19:2
  fn twice  @18:5..18:31
    ret: i64  @18:17..18:20
    body: binary *  @18:23..18:31
      self  @18:23..18:27
      int 2  @18:30..18:31
fn empty  @21:1..21:42
  param xs  @21:10..21:20
    ref  @21:14..21:20
      slice  @21:15..21:20
        i64  @21:16..21:19
  ret: bool  @21:23..21:27
  body: call  @21:30..21:42
    callee: field isEmpty  @21:30..21:40
      name xs  @21:30..21:32
fn through  @23:1..23:53
  param value  @23:12..23:31
    ref  @23:19..23:31
      dyn Doubled  @23:20..23:31
  ret: i64  @23:34..23:37
  body: call  @23:40..23:53
    callee: field twice  @23:40..23:51
      name value  @23:40..23:45
fn constrained  @25:1..25:58
  type param T: Doubled  @25:16..25:26
  param value  @25:28..25:36
    T  @25:35..25:36
  ret: i64  @25:39..25:42
  body: call  @25:45..25:58
    callee: field twice  @25:45..25:56
      name value  @25:45..25:50
fn main  @27:1..43:2
  body: block  @27:13..43:2
    val n  @28:5..28:15
      init: unary -  @28:13..28:15
        int 7  @28:14..28:15
    expr  @29:5..29:26
      call  @29:5..29:26
        callee: path io::printInt  @29:5..29:17
        arg: call  @29:18..29:25
          callee: field abs  @29:18..29:23
            name n  @29:18..29:19
    expr  @30:5..30:27
      call  @30:5..30:27
        callee: path io::printInt  @30:5..30:17
        arg: call  @30:18..30:26
          callee: field min  @30:18..30:23
            name n  @30:18..30:19
          arg: int 3  @30:24..30:25
    expr  @31:5..31:27
      call  @31:5..31:27
        callee: path io::printInt  @31:5..31:17
        arg: call  @31:18..31:26
          callee: field max  @31:18..31:23
            name n  @31:18..31:19
          arg: int 3  @31:24..31:25
    val text  @33:5..33:23
      init: str "hello"  @33:16..33:23
    expr  @34:5..34:67
      if  @34:5..34:67
        cond: call  @34:8..34:22
          callee: field isEmpty  @34:8..34:20
            name text  @34:8..34:12
        then: block  @34:23..34:42
          expr  @34:25..34:40
            call  @34:25..34:40
              callee: path io::printInt  @34:25..34:37
              arg: int 0  @34:38..34:39
        else: block  @34:48..34:67
          expr  @34:50..34:65
            call  @34:50..34:65
              callee: path io::printInt  @34:50..34:62
              arg: int 1  @34:63..34:64
    val nothing  @36:5..36:31
      type: array 0  @36:18..36:26
        i64  @36:19..36:22
      init: array  @36:29..36:31
    expr  @37:5..37:68
      if  @37:5..37:68
        cond: call  @37:8..37:23
          callee: name empty  @37:8..37:13
          arg: unary &  @37:14..37:22
            name nothing  @37:15..37:22
        then: block  @37:24..37:43
          expr  @37:26..37:41
            call  @37:26..37:41
              callee: path io::printInt  @37:26..37:38
              arg: int 0  @37:39..37:40
        else: block  @37:49..37:68
          expr  @37:51..37:66
            call  @37:51..37:66
              callee: path io::printInt  @37:51..37:63
              arg: int 1  @37:64..37:65
    val value  @39:5..39:19
      init: int 21  @39:17..39:19
    expr  @40:5..40:32
      call  @40:5..40:32
        callee: path io::printInt  @40:5..40:17
        arg: call  @40:18..40:31
          callee: field twice  @40:18..40:29
            name value  @40:18..40:23
    expr  @41:5..41:34
      call  @41:5..41:34
        callee: path io::printInt  @41:5..41:17
        arg: call  @41:18..41:33
          callee: name through  @41:18..41:25
          arg: unary &  @41:26..41:32
            name value  @41:27..41:32
    expr  @42:5..42:38
      call  @42:5..42:38
        callee: path io::printInt  @42:5..42:17
        arg: call  @42:18..42:37
          callee: path constrained  @42:18..42:34
            type args after segment 1  @42:29..42:34
              i64  @42:30..42:33
          arg: int 3  @42:35..42:36
