---
source: tests/gate
---
=== main.wip ===
import std::io  @14:1..14:15
fn double  @16:1..16:39
  param value  @16:11..16:21
    i64  @16:18..16:21
  ret: i64  @16:24..16:27
  body: binary *  @16:30..16:39
    name value  @16:30..16:35
    int 2  @16:38..16:39
fn half  @18:1..22:2
  param value  @18:9..18:19
    i64  @18:16..18:19
  ret: Option  @18:22..18:33
    arg: i64  @18:29..18:32
  body: if  @18:36..22:2
    cond: binary ==  @18:39..18:53
      binary %  @18:39..18:48
        name value  @18:39..18:44
        int 2  @18:47..18:48
      int 0  @18:52..18:53
    then: block  @18:54..20:2
      expr  @19:5..19:21
        call  @19:5..19:21
          callee: path .Some  @19:5..19:10
          arg: binary /  @19:11..19:20
            name value  @19:11..19:16
            int 2  @19:19..19:20
    else: block  @20:8..22:2
      expr  @21:5..21:10
        path .None  @21:5..21:10
fn positive  @24:1..24:43
  param value  @24:13..24:24
    ref  @24:20..24:24
      i64  @24:21..24:24
  ret: bool  @24:27..24:31
  body: binary >  @24:34..24:43
    name value  @24:34..24:39
    int 0  @24:42..24:43
fn negative  @26:1..26:43
  param value  @26:13..26:24
    ref  @26:20..26:24
      i64  @26:21..26:24
  ret: bool  @26:27..26:31
  body: binary <  @26:34..26:43
    name value  @26:34..26:39
    int 0  @26:42..26:43
fn show  @28:1..28:43
  param value  @28:9..28:20
    ref  @28:16..28:20
      i64  @28:17..28:20
  body: call  @28:24..28:43
    callee: path io::printInt  @28:24..28:36
    arg: name value  @28:37..28:42
fn tenTimes  @30:1..30:42
  param value  @30:13..30:23
    i64  @30:20..30:23
  ret: i64  @30:26..30:29
  body: binary *  @30:32..30:42
    name value  @30:32..30:37
    int 10  @30:40..30:42
struct Token  @32:1..34:2
  field id  @33:5..33:12
    i64  @33:9..33:12
fn idOf  @36:1..36:43
  param token  @36:9..36:26
    own  @36:16..36:26
      Token  @36:20..36:25
  ret: i64  @36:29..36:32
  body: field id  @36:35..36:43
    name token  @36:35..36:40
fn main  @38:1..80:2
  body: block  @38:13..80:2
    val some  @39:5..39:37
      type: Option  @39:15..39:26
        arg: i64  @39:22..39:25
      init: call  @39:29..39:37
        callee: path .Some  @39:29..39:34
        arg: int 3  @39:35..39:36
    val none  @40:5..40:34
      type: Option  @40:15..40:26
        arg: i64  @40:22..40:25
      init: path .None  @40:29..40:34
    expr  @41:5..41:52
      call  @41:5..41:52
        callee: path io::printInt  @41:5..41:17
        arg: if  @41:18..41:51
          cond: call  @41:21..41:34
            callee: field isSome  @41:21..41:32
              name some  @41:21..41:25
          then: block  @41:35..41:40
            expr  @41:37..41:38
              int 1  @41:37..41:38
          else: block  @41:46..41:51
            expr  @41:48..41:49
              int 0  @41:48..41:49
    expr  @42:5..42:52
      call  @42:5..42:52
        callee: path io::printInt  @42:5..42:17
        arg: if  @42:18..42:51
          cond: call  @42:21..42:34
            callee: field isNone  @42:21..42:32
              name some  @42:21..42:25
          then: block  @42:35..42:40
            expr  @42:37..42:38
              int 1  @42:37..42:38
          else: block  @42:46..42:51
            expr  @42:48..42:49
              int 0  @42:48..42:49
    expr  @44:5..44:35
      call  @44:5..44:35
        callee: path io::printInt  @44:5..44:17
        arg: call  @44:18..44:34
          callee: field unwrapOr  @44:18..44:31
            name some  @44:18..44:22
          arg: int 7  @44:32..44:33
    expr  @45:5..45:35
      call  @45:5..45:35
        callee: path io::printInt  @45:5..45:17
        arg: call  @45:18..45:34
          callee: field unwrapOr  @45:18..45:31
            name none  @45:18..45:22
          arg: int 7  @45:32..45:33
    expr  @46:5..46:47
      call  @46:5..46:47
        callee: path io::printInt  @46:5..46:17
        arg: call  @46:18..46:46
          callee: field unwrapOr  @46:18..46:43
            call  @46:18..46:34
              callee: field map  @46:18..46:26
                name some  @46:18..46:22
              arg: name double  @46:27..46:33
          arg: int 0  @46:44..46:45
    expr  @47:5..47:73
      call  @47:5..47:73
        callee: path io::printInt  @47:5..47:17
        arg: call  @47:18..47:72
          callee: field unwrapOr  @47:18..47:69
            call  @47:18..47:60
              callee: field map  @47:18..47:52
                call  @47:18..47:48
                  callee: field flatMap  @47:18..47:42
                    call  @47:18..47:34
                      callee: field map  @47:18..47:26
                        name some  @47:18..47:22
                      arg: name double  @47:27..47:33
                  arg: name half  @47:43..47:47
              arg: name double  @47:53..47:59
          arg: int 0  @47:70..47:71
    expr  @49:5..49:52
      call  @49:5..49:52
        callee: path io::printInt  @49:5..49:17
        arg: call  @49:18..49:51
          callee: field unwrapOr  @49:18..49:48
            call  @49:18..49:39
              callee: field filter  @49:18..49:29
                name some  @49:18..49:22
              arg: name positive  @49:30..49:38
          arg: int 0  @49:49..49:50
    expr  @50:5..50:52
      call  @50:5..50:52
        callee: path io::printInt  @50:5..50:17
        arg: call  @50:18..50:51
          callee: field unwrapOr  @50:18..50:48
            call  @50:18..50:39
              callee: field filter  @50:18..50:29
                name some  @50:18..50:22
              arg: name negative  @50:30..50:38
          arg: int 0  @50:49..50:50
    expr  @52:5..52:47
      call  @52:5..52:47
        callee: path io::printInt  @52:5..52:17
        arg: call  @52:18..52:46
          callee: field fold  @52:18..52:27
            name some  @52:18..52:22
          arg: lambda  @52:28..52:35
            body: int 5  @52:34..52:35
          arg: name tenTimes  @52:37..52:45
    expr  @53:5..53:47
      call  @53:5..53:47
        callee: path io::printInt  @53:5..53:17
        arg: call  @53:18..53:46
          callee: field fold  @53:18..53:27
            name none  @53:18..53:22
          arg: lambda  @53:28..53:35
            body: int 5  @53:34..53:35
          arg: name tenTimes  @53:37..53:45
    expr  @55:5..55:57
      call  @55:5..55:57
        callee: path io::printInt  @55:5..55:17
        arg: if  @55:18..55:56
          cond: call  @55:21..55:39
            callee: field any  @55:21..55:29
              name some  @55:21..55:25
            arg: name positive  @55:30..55:38
          then: block  @55:40..55:45
            expr  @55:42..55:43
              int 1  @55:42..55:43
          else: block  @55:51..55:56
            expr  @55:53..55:54
              int 0  @55:53..55:54
    expr  @56:5..56:57
      call  @56:5..56:57
        callee: path io::printInt  @56:5..56:17
        arg: if  @56:18..56:56
          cond: call  @56:21..56:39
            callee: field all  @56:21..56:29
              name none  @56:21..56:25
            arg: name negative  @56:30..56:38
          then: block  @56:40..56:45
            expr  @56:42..56:43
              int 1  @56:42..56:43
          else: block  @56:51..56:56
            expr  @56:53..56:54
              int 0  @56:53..56:54
    val fallback  @58:5..58:41
      type: Option  @58:19..58:30
        arg: i64  @58:26..58:29
      init: call  @58:33..58:41
        callee: path .Some  @58:33..58:38
        arg: int 8  @58:39..58:40
    expr  @59:5..59:48
      call  @59:5..59:48
        callee: path io::printInt  @59:5..59:17
        arg: call  @59:18..59:47
          callee: field unwrapOr  @59:18..59:44
            call  @59:18..59:35
              callee: field or  @59:18..59:25
                name none  @59:18..59:22
              arg: name fallback  @59:26..59:34
          arg: int 0  @59:45..59:46
    var slot  @61:5..61:37
      type: Option  @61:15..61:26
        arg: i64  @61:22..61:25
      init: call  @61:29..61:37
        callee: path .Some  @61:29..61:34
        arg: int 9  @61:35..61:36
    expr  @62:5..62:42
      call  @62:5..62:42
        callee: path io::printInt  @62:5..62:17
        arg: call  @62:18..62:41
          callee: field unwrapOr  @62:18..62:38
            call  @62:18..62:29
              callee: field take  @62:18..62:27
                name slot  @62:18..62:22
          arg: int 0  @62:39..62:40
    expr  @63:5..63:52
      call  @63:5..63:52
        callee: path io::printInt  @63:5..63:17
        arg: if  @63:18..63:51
          cond: call  @63:21..63:34
            callee: field isNone  @63:21..63:32
              name slot  @63:21..63:25
          then: block  @63:35..63:40
            expr  @63:37..63:38
              int 1  @63:37..63:38
          else: block  @63:46..63:51
            expr  @63:48..63:49
              int 0  @63:48..63:49
    expr  @64:5..64:65
      call  @64:5..64:65
        callee: path io::printInt  @64:5..64:17
        arg: binary +  @64:18..64:64
          call  @64:18..64:45
            callee: field unwrapOr  @64:18..64:42
              call  @64:18..64:33
                callee: field replace  @64:18..64:30
                  name slot  @64:18..64:22
                arg: int 4  @64:31..64:32
            arg: int 0  @64:43..64:44
          call  @64:48..64:64
            callee: field unwrapOr  @64:48..64:61
              name slot  @64:48..64:52
            arg: int 0  @64:62..64:63
    val nested  @67:5..67:54
      type: Option  @67:17..67:36
        arg: Option  @67:24..67:35
          arg: i64  @67:31..67:34
      init: call  @67:39..67:54
        callee: path .Some  @67:39..67:44
        arg: call  @67:45..67:53
          callee: path .Some  @67:45..67:50
          arg: int 5  @67:51..67:52
    expr  @68:5..68:54
      call  @68:5..68:54
        callee: path io::printInt  @68:5..68:17
        arg: call  @68:18..68:53
          callee: field unwrapOr  @68:18..68:50
            call  @68:18..68:41
              callee: path Option::flatten  @68:18..68:33
              arg: name nested  @68:34..68:40
          arg: int 0  @68:51..68:52
    expr  @69:5..69:59
      call  @69:5..69:59
        callee: path io::printInt  @69:5..69:17
        arg: call  @69:18..69:58
          callee: field unwrapOr  @69:18..69:55
            call  @69:18..69:46
              callee: path Option::flatten  @69:18..69:38
                type args after segment 1  @69:24..69:29
                  i64  @69:25..69:28
              arg: name nested  @69:39..69:45
          arg: int 0  @69:56..69:57
    val emptyOuter  @70:5..70:48
      type: Option  @70:21..70:40
        arg: Option  @70:28..70:39
          arg: i64  @70:35..70:38
      init: path .None  @70:43..70:48
    expr  @71:5..71:58
      call  @71:5..71:58
        callee: path io::printInt  @71:5..71:17
        arg: call  @71:18..71:57
          callee: field unwrapOr  @71:18..71:54
            call  @71:18..71:45
              callee: path Option::flatten  @71:18..71:33
              arg: name emptyOuter  @71:34..71:44
          arg: int 5  @71:55..71:56
    val owned  @73:5..73:60
      type: Option  @73:16..73:34
        arg: own  @73:23..73:33
          Token  @73:27..73:32
      init: call  @73:37..73:60
        callee: path .Some  @73:37..73:42
        arg: unary own  @73:43..73:59
          call  @73:47..73:59
            callee: name Token  @73:47..73:52
            arg id: int 2  @73:57..73:58
    expr  @74:5..74:46
      call  @74:5..74:46
        callee: path io::printInt  @74:5..74:17
        arg: call  @74:18..74:45
          callee: field unwrapOr  @74:18..74:42
            call  @74:18..74:33
              callee: field map  @74:18..74:27
                name owned  @74:18..74:23
              arg: name idOf  @74:28..74:32
          arg: int 0  @74:43..74:44
    val counted  @76:5..76:40
      type: Option  @76:18..76:29
        arg: i64  @76:25..76:28
      init: call  @76:32..76:40
        callee: path .Some  @76:32..76:37
        arg: int 6  @76:38..76:39
    expr  @77:5..79:6
      if  @77:5..79:6
        cond: is  @77:8..77:27
          scrutinee: name counted  @77:8..77:15
          pattern: variant .Some(n)  @77:19..77:27
        then: block  @77:28..79:6
          expr  @78:9..78:17
            call  @78:9..78:17
              callee: name show  @78:9..78:13
              arg: unary &  @78:14..78:16
                name n  @78:15..78:16
