---
source: crates/wip-lang/tests/cases.rs
---
[E0401] Error: use of partially moved value `car`
    ╭─[ err/33_partially_moved_whole/main.wip:20:15 ]
    │
 19 │     scrap(move car.engine)
    │           ───────┬───────  
    │                  ╰───────── `car.engine` moved here
 20 │     park(move car)
    │               ─┬─  
    │                ╰─── `car` used as a whole here
    │ 
    │ Note: the other fields of `car` can still be used, but not `car` as a whole
────╯
