---
source: tests/gate
---
=== main.wip ===
import std::io  @5:1..5:15
val LIMIT  @7:1..7:20
  type: i64  @7:12..7:15
  value: int 10  @7:18..7:20
fn describe  @9:1..14:2
  param xs  @9:13..9:23
    ref  @9:17..9:23
      slice  @9:18..9:23
        i64  @9:19..9:22
  ret: String  @9:26..9:32
  body: match  @9:35..14:2
    scrutinee: name xs  @9:41..9:43
    arm  @10:5..10:30
      pattern: slice []  @10:5..10:7
      body: call  @10:11..10:30
        callee: path String::of  @10:11..10:21
        arg: str "empty"  @10:22..10:29
    arm  @11:5..11:29
      pattern: slice [only]  @11:5..11:11
      body: block  @11:15..11:29
        var text#  @11:15..11:29
          init: call  @11:15..11:29
            callee: path String::withCapacity  @11:15..11:29
            arg: int 13  @11:15..11:29
        expr  @11:15..11:23
          call  @11:15..11:23
            callee: field push  @11:15..11:23
              name text#  @11:15..11:23
            arg: str "one: "  @11:15..11:23
        expr  @11:23..11:27
          call  @11:23..11:27
            callee: field appendTo  @11:23..11:27
              name only  @11:23..11:27
            arg: unary &var  @11:23..11:27
              name text#  @11:23..11:27
        expr  @11:15..11:29
          unary move  @11:15..11:29
            name text#  @11:15..11:29
    arm  @12:5..12:49
      pattern: slice [first, second]  @12:5..12:20
      body: block  @12:24..12:49
        var text#  @12:24..12:49
          init: call  @12:24..12:49
            callee: path String::withCapacity  @12:24..12:49
            arg: int 22  @12:24..12:49
        expr  @12:24..12:32
          call  @12:24..12:32
            callee: field push  @12:24..12:32
              name text#  @12:24..12:32
            arg: str "two: "  @12:24..12:32
        expr  @12:32..12:37
          call  @12:32..12:37
            callee: field appendTo  @12:32..12:37
              name first  @12:32..12:37
            arg: unary &var  @12:32..12:37
              name text#  @12:32..12:37
        expr  @12:37..12:41
          call  @12:37..12:41
            callee: field push  @12:37..12:41
              name text#  @12:37..12:41
            arg: str " "  @12:37..12:41
        expr  @12:41..12:47
          call  @12:41..12:47
            callee: field appendTo  @12:41..12:47
              name second  @12:41..12:47
            arg: unary &var  @12:41..12:47
              name text#  @12:41..12:47
        expr  @12:24..12:49
          unary move  @12:24..12:49
            name text#  @12:24..12:49
    arm  @13:5..13:72
      pattern: slice [first, ..rest, last]  @13:5..13:26
      body: block  @13:30..13:72
        var text#  @13:30..13:72
          init: call  @13:30..13:72
            callee: path String::withCapacity  @13:30..13:72
            arg: int 36  @13:30..13:72
        expr  @13:33..13:38
          call  @13:33..13:38
            callee: field appendTo  @13:33..13:38
              name first  @13:33..13:38
            arg: unary &var  @13:33..13:38
              name text#  @13:33..13:38
        expr  @13:38..13:43
          call  @13:38..13:43
            callee: field push  @13:38..13:43
              name text#  @13:38..13:43
            arg: str ", "  @13:38..13:43
        expr  @13:43..13:53
          call  @13:43..13:53
            callee: field appendTo  @13:43..13:53
              call  @13:43..13:53
                callee: field len  @13:43..13:51
                  name rest  @13:43..13:47
            arg: unary &var  @13:43..13:53
              name text#  @13:43..13:53
        expr  @13:53..13:66
          call  @13:53..13:66
            callee: field push  @13:53..13:66
              name text#  @13:53..13:66
            arg: str " between, "  @13:53..13:66
        expr  @13:66..13:70
          call  @13:66..13:70
            callee: field appendTo  @13:66..13:70
              name last  @13:66..13:70
            arg: unary &var  @13:66..13:70
              name text#  @13:66..13:70
        expr  @13:30..13:72
          unary move  @13:30..13:72
            name text#  @13:30..13:72
fn sum  @16:1..19:2
  param xs  @16:8..16:18
    ref  @16:12..16:18
      slice  @16:13..16:18
        i64  @16:14..16:17
  ret: i64  @16:21..16:24
  body: match  @16:27..19:2
    scrutinee: name xs  @16:33..16:35
    arm  @17:5..17:12
      pattern: slice []  @17:5..17:7
      body: int 0  @17:11..17:12
    arm  @18:5..18:41
      pattern: slice [first, ..rest]  @18:5..18:20
      body: binary +  @18:24..18:41
        name first  @18:24..18:29
        call  @18:32..18:41
          callee: name sum  @18:32..18:35
          arg: name rest  @18:36..18:40
fn command  @22:1..26:2
  param words  @22:12..22:25
    ref  @22:19..22:25
      slice  @22:20..22:25
        str  @22:21..22:24
  ret: str  @22:28..22:31
  body: match  @22:34..26:2
    scrutinee: name words  @22:40..22:45
    arm  @23:5..23:33
      pattern: slice [str "wip", str "run", ..]  @23:5..23:23
      body: str "runs"  @23:27..23:33
    arm  @24:5..24:38
      pattern: slice [str "wip", ..]  @24:5..24:16
      body: str "another of wip's"  @24:20..24:38
    arm  @25:5..25:19
      pattern: _  @25:5..25:6
      body: str "not wip"  @25:10..25:19
fn firstSome  @28:1..32:2
  param xs  @28:14..28:32
    ref  @28:18..28:32
      slice  @28:19..28:32
        Option  @28:20..28:31
          arg: i64  @28:27..28:30
  ret: i64  @28:35..28:38
  body: match  @28:41..32:2
    scrutinee: name xs  @28:47..28:49
    arm  @29:5..29:24
      pattern: slice [.Some(n), ..]  @29:5..29:19
      body: name n  @29:23..29:24
    arm  @30:5..30:36
      pattern: slice [.None, .Some(n), ..]  @30:5..30:26
      body: binary *  @30:30..30:36
        name n  @30:30..30:31
        int 10  @30:34..30:36
    arm  @31:5..31:12
      pattern: _  @31:5..31:6
      body: unary -  @31:10..31:12
        int 1  @31:11..31:12
fn small  @34:1..37:2
  param xs  @34:10..34:20
    ref  @34:14..34:20
      slice  @34:15..34:20
        i64  @34:16..34:19
  ret: str  @34:23..34:26
  body: match  @34:29..37:2
    scrutinee: name xs  @34:35..34:37
    arm  @35:5..35:39
      pattern: slice [..LIMIT]  @35:5..35:14
      body: str "one below the limit"  @35:18..35:39
    arm  @36:5..36:17
      pattern: _  @36:5..36:6
      body: str "other"  @36:10..36:17
fn main  @39:1..99:2
  body: block  @39:13..99:2
    val none  @40:5..40:28
      type: array 0  @40:15..40:23
        i64  @40:16..40:19
      init: array  @40:26..40:28
    expr  @41:5..41:33
      call  @41:5..41:33
        callee: path io::println  @41:5..41:16
        arg: call  @41:17..41:32
          callee: name describe  @41:17..41:25
          arg: unary &  @41:26..41:31
            name none  @41:27..41:31
    expr  @42:5..42:31
      call  @42:5..42:31
        callee: path io::println  @42:5..42:16
        arg: call  @42:17..42:30
          callee: name describe  @42:17..42:25
          arg: array  @42:26..42:29
            int 7  @42:27..42:28
    expr  @43:5..43:34
      call  @43:5..43:34
        callee: path io::println  @43:5..43:16
        arg: call  @43:17..43:33
          callee: name describe  @43:17..43:25
          arg: array  @43:26..43:32
            int 1  @43:27..43:28
            int 2  @43:30..43:31
    expr  @44:5..44:43
      call  @44:5..44:43
        callee: path io::println  @44:5..44:16
        arg: call  @44:17..44:42
          callee: name describe  @44:17..44:25
          arg: array  @44:26..44:41
            int 1  @44:27..44:28
            int 2  @44:30..44:31
            int 3  @44:33..44:34
            int 4  @44:36..44:37
            int 5  @44:39..44:40
    expr  @45:5..45:40
      call  @45:5..45:40
        callee: path io::println  @45:5..45:16
        arg: block  @45:17..45:39
          var text#  @45:17..45:39
            init: call  @45:17..45:39
              callee: path String::withCapacity  @45:17..45:39
              arg: int 8  @45:17..45:39
          expr  @45:20..45:37
            call  @45:20..45:37
              callee: field appendTo  @45:20..45:37
                call  @45:20..45:37
                  callee: name sum  @45:20..45:23
                  arg: array  @45:24..45:36
                    int 1  @45:25..45:26
                    int 2  @45:28..45:29
                    int 3  @45:31..45:32
                    int 4  @45:34..45:35
              arg: unary &var  @45:20..45:37
                name text#  @45:20..45:37
          expr  @45:17..45:39
            unary move  @45:17..45:39
              name text#  @45:17..45:39
    expr  @46:5..46:100
      call  @46:5..46:100
        callee: path io::println  @46:5..46:16
        arg: block  @46:17..46:99
          var text#  @46:17..46:99
            init: call  @46:17..46:99
              callee: path String::withCapacity  @46:17..46:99
              arg: int 26  @46:17..46:99
          expr  @46:20..46:48
            call  @46:20..46:48
              callee: field appendTo  @46:20..46:48
                call  @46:20..46:48
                  callee: name command  @46:20..46:27
                  arg: array  @46:28..46:47
                    str "wip"  @46:29..46:34
                    str "run"  @46:36..46:41
                    str "x"  @46:43..46:46
              arg: unary &var  @46:20..46:48
                name text#  @46:20..46:48
          expr  @46:48..46:52
            call  @46:48..46:52
              callee: field push  @46:48..46:52
                name text#  @46:48..46:52
              arg: str " "  @46:48..46:52
          expr  @46:52..46:75
            call  @46:52..46:75
              callee: field appendTo  @46:52..46:75
                call  @46:52..46:75
                  callee: name command  @46:52..46:59
                  arg: array  @46:60..46:74
                    str "wip"  @46:61..46:66
                    str "fmt"  @46:68..46:73
              arg: unary &var  @46:52..46:75
                name text#  @46:52..46:75
          expr  @46:75..46:79
            call  @46:75..46:79
              callee: field push  @46:75..46:79
                name text#  @46:75..46:79
              arg: str " "  @46:75..46:79
          expr  @46:79..46:97
            call  @46:79..46:97
              callee: field appendTo  @46:79..46:97
                call  @46:79..46:97
                  callee: name command  @46:79..46:86
                  arg: array  @46:87..46:96
                    str "cargo"  @46:88..46:95
              arg: unary &var  @46:79..46:97
                name text#  @46:79..46:97
          expr  @46:17..46:99
            unary move  @46:17..46:99
              name text#  @46:17..46:99
    val one  @47:5..47:50
      type: array 2  @47:14..47:30
        Option  @47:15..47:26
          arg: i64  @47:22..47:25
      init: array  @47:33..47:50
        call  @47:34..47:42
          callee: path .Some  @47:34..47:39
          arg: int 1  @47:40..47:41
        path .None  @47:44..47:49
    val two  @48:5..48:50
      type: array 2  @48:14..48:30
        Option  @48:15..48:26
          arg: i64  @48:22..48:25
      init: array  @48:33..48:50
        path .None  @48:34..48:39
        call  @48:41..48:49
          callee: path .Some  @48:41..48:46
          arg: int 2  @48:47..48:48
    val neither  @49:5..49:44
      type: array 1  @49:18..49:34
        Option  @49:19..49:30
          arg: i64  @49:26..49:29
      init: array  @49:37..49:44
        path .None  @49:38..49:43
    expr  @50:5..50:80
      call  @50:5..50:80
        callee: path io::println  @50:5..50:16
        arg: block  @50:17..50:79
          var text#  @50:17..50:79
            init: call  @50:17..50:79
              callee: path String::withCapacity  @50:17..50:79
              arg: int 26  @50:17..50:79
          expr  @50:20..50:35
            call  @50:20..50:35
              callee: field appendTo  @50:20..50:35
                call  @50:20..50:35
                  callee: name firstSome  @50:20..50:29
                  arg: unary &  @50:30..50:34
                    name one  @50:31..50:34
              arg: unary &var  @50:20..50:35
                name text#  @50:20..50:35
          expr  @50:35..50:39
            call  @50:35..50:39
              callee: field push  @50:35..50:39
                name text#  @50:35..50:39
              arg: str " "  @50:35..50:39
          expr  @50:39..50:54
            call  @50:39..50:54
              callee: field appendTo  @50:39..50:54
                call  @50:39..50:54
                  callee: name firstSome  @50:39..50:48
                  arg: unary &  @50:49..50:53
                    name two  @50:50..50:53
              arg: unary &var  @50:39..50:54
                name text#  @50:39..50:54
          expr  @50:54..50:58
            call  @50:54..50:58
              callee: field push  @50:54..50:58
                name text#  @50:54..50:58
              arg: str " "  @50:54..50:58
          expr  @50:58..50:77
            call  @50:58..50:77
              callee: field appendTo  @50:58..50:77
                call  @50:58..50:77
                  callee: name firstSome  @50:58..50:67
                  arg: unary &  @50:68..50:76
                    name neither  @50:69..50:76
              arg: unary &var  @50:58..50:77
                name text#  @50:58..50:77
          expr  @50:17..50:79
            unary move  @50:17..50:79
              name text#  @50:17..50:79
    expr  @51:5..51:65
      call  @51:5..51:65
        callee: path io::println  @51:5..51:16
        arg: block  @51:17..51:64
          var text#  @51:17..51:64
            init: call  @51:17..51:64
              callee: path String::withCapacity  @51:17..51:64
              arg: int 26  @51:17..51:64
          expr  @51:20..51:30
            call  @51:20..51:30
              callee: field appendTo  @51:20..51:30
                call  @51:20..51:30
                  callee: name small  @51:20..51:25
                  arg: array  @51:26..51:29
                    int 3  @51:27..51:28
              arg: unary &var  @51:20..51:30
                name text#  @51:20..51:30
          expr  @51:30..51:34
            call  @51:30..51:34
              callee: field push  @51:30..51:34
                name text#  @51:30..51:34
              arg: str " "  @51:30..51:34
          expr  @51:34..51:45
            call  @51:34..51:45
              callee: field appendTo  @51:34..51:45
                call  @51:34..51:45
                  callee: name small  @51:34..51:39
                  arg: array  @51:40..51:44
                    int 30  @51:41..51:43
              arg: unary &var  @51:34..51:45
                name text#  @51:34..51:45
          expr  @51:45..51:49
            call  @51:45..51:49
              callee: field push  @51:45..51:49
                name text#  @51:45..51:49
              arg: str " "  @51:45..51:49
          expr  @51:49..51:62
            call  @51:49..51:62
              callee: field appendTo  @51:49..51:62
                call  @51:49..51:62
                  callee: name small  @51:49..51:54
                  arg: array  @51:55..51:61
                    int 3  @51:56..51:57
                    int 4  @51:59..51:60
              arg: unary &var  @51:49..51:62
                name text#  @51:49..51:62
          expr  @51:17..51:64
            unary move  @51:17..51:64
              name text#  @51:17..51:64
    val pair  @54:5..54:22
      init: array  @54:16..54:22
        int 3  @54:17..54:18
        int 4  @54:20..54:21
    val else  @55:5..55:22
      pattern: slice [a, b]  @55:9..55:15
      value: name pair  @55:18..55:22
    expr  @56:5..56:28
      call  @56:5..56:28
        callee: path io::println  @56:5..56:16
        arg: block  @56:17..56:27
          var text#  @56:17..56:27
            init: call  @56:17..56:27
              callee: path String::withCapacity  @56:17..56:27
              arg: int 8  @56:17..56:27
          expr  @56:20..56:25
            call  @56:20..56:25
              callee: field appendTo  @56:20..56:25
                binary +  @56:20..56:25
                  name a  @56:20..56:21
                  name b  @56:24..56:25
              arg: unary &var  @56:20..56:25
                name text#  @56:20..56:25
          expr  @56:17..56:27
            unary move  @56:17..56:27
              name text#  @56:17..56:27
    var grid  @59:5..59:25
      init: array  @59:16..59:25
        int 1  @59:17..59:18
        int 2  @59:20..59:21
        int 3  @59:23..59:24
    expr  @60:5..65:6
      match  @60:5..65:6
        scrutinee: name grid  @60:11..60:15
        arm  @61:9..64:10
          pattern: slice [first, ..rest]  @61:9..61:24
          body: block  @61:28..64:10
            expr  @62:13..62:23
              assign  @62:13..62:23
                target: name first  @62:13..62:18
                value: int 10  @62:21..62:23
            expr  @63:13..63:25
              assign  @63:13..63:25
                target: index  @63:13..63:20
                  base: name rest  @63:13..63:17
                  index: int 0  @63:18..63:19
                value: int 20  @63:23..63:25
    expr  @66:5..66:52
      call  @66:5..66:52
        callee: path io::println  @66:5..66:16
        arg: block  @66:17..66:51
          var text#  @66:17..66:51
            init: call  @66:17..66:51
              callee: path String::withCapacity  @66:17..66:51
              arg: int 26  @66:17..66:51
          expr  @66:20..66:27
            call  @66:20..66:27
              callee: field appendTo  @66:20..66:27
                index  @66:20..66:27
                  base: name grid  @66:20..66:24
                  index: int 0  @66:25..66:26
              arg: unary &var  @66:20..66:27
                name text#  @66:20..66:27
          expr  @66:27..66:31
            call  @66:27..66:31
              callee: field push  @66:27..66:31
                name text#  @66:27..66:31
              arg: str " "  @66:27..66:31
          expr  @66:31..66:38
            call  @66:31..66:38
              callee: field appendTo  @66:31..66:38
                index  @66:31..66:38
                  base: name grid  @66:31..66:35
                  index: int 1  @66:36..66:37
              arg: unary &var  @66:31..66:38
                name text#  @66:31..66:38
          expr  @66:38..66:42
            call  @66:38..66:42
              callee: field push  @66:38..66:42
                name text#  @66:38..66:42
              arg: str " "  @66:38..66:42
          expr  @66:42..66:49
            call  @66:42..66:49
              callee: field appendTo  @66:42..66:49
                index  @66:42..66:49
                  base: name grid  @66:42..66:46
                  index: int 2  @66:47..66:48
              arg: unary &var  @66:42..66:49
                name text#  @66:42..66:49
          expr  @66:17..66:51
            unary move  @66:17..66:51
              name text#  @66:17..66:51
    val words  @69:5..69:81
      init: call  @69:17..69:81
        callee: path Vec::of  @69:17..69:24
        arg: unary own  @69:25..69:80
          array  @69:29..69:80
            call  @69:30..69:45
              callee: path String::of  @69:30..69:40
              arg: str "a"  @69:41..69:44
            call  @69:47..69:62
              callee: path String::of  @69:47..69:57
              arg: str "b"  @69:58..69:61
            call  @69:64..69:79
              callee: path String::of  @69:64..69:74
              arg: str "c"  @69:75..69:78
    expr  @70:5..73:6
      match  @70:5..73:6
        scrutinee: call  @70:11..70:24
          callee: field items  @70:11..70:22
            name words  @70:11..70:16
        arm  @71:9..71:58
          pattern: slice [head, .., tail]  @71:9..71:25
          body: call  @71:29..71:58
            callee: path io::println  @71:29..71:40
            arg: block  @71:41..71:57
              var text#  @71:41..71:57
                init: call  @71:41..71:57
                  callee: path String::withCapacity  @71:41..71:57
                  arg: int 16  @71:41..71:57
              expr  @71:44..71:48
                call  @71:44..71:48
                  callee: field appendTo  @71:44..71:48
                    name head  @71:44..71:48
                  arg: unary &var  @71:44..71:48
                    name text#  @71:44..71:48
              expr  @71:51..71:55
                call  @71:51..71:55
                  callee: field appendTo  @71:51..71:55
                    name tail  @71:51..71:55
                  arg: unary &var  @71:51..71:55
                    name text#  @71:51..71:55
              expr  @71:41..71:57
                unary move  @71:41..71:57
                  name text#  @71:41..71:57
        arm  @72:9..72:16
          pattern: _  @72:9..72:10
          body: block  @72:14..72:16
    val else  @74:5..76:6
      pattern: slice [.., last]  @74:9..74:19
      value: call  @74:22..74:35
        callee: field items  @74:22..74:33
          name words  @74:22..74:27
      else: block  @74:41..76:6
        return  @75:9..75:15
    expr  @77:5..77:22
      call  @77:5..77:22
        callee: path io::println  @77:5..77:16
        arg: name last  @77:17..77:21
    val else  @81:5..81:101
      pattern: slice [first, _, .., final]  @81:9..81:30
      value: array  @81:33..81:101
        call  @81:34..81:49
          callee: path String::of  @81:34..81:44
          arg: str "w"  @81:45..81:48
        call  @81:51..81:66
          callee: path String::of  @81:51..81:61
          arg: str "x"  @81:62..81:65
        call  @81:68..81:83
          callee: path String::of  @81:68..81:78
          arg: str "y"  @81:79..81:82
        call  @81:85..81:100
          callee: path String::of  @81:85..81:95
          arg: str "z"  @81:96..81:99
    expr  @82:5..82:36
      call  @82:5..82:36
        callee: path io::println  @82:5..82:16
        arg: block  @82:17..82:35
          var text#  @82:17..82:35
            init: call  @82:17..82:35
              callee: path String::withCapacity  @82:17..82:35
              arg: int 16  @82:17..82:35
          expr  @82:20..82:25
            call  @82:20..82:25
              callee: field appendTo  @82:20..82:25
                name first  @82:20..82:25
              arg: unary &var  @82:20..82:25
                name text#  @82:20..82:25
          expr  @82:28..82:33
            call  @82:28..82:33
              callee: field appendTo  @82:28..82:33
                name final  @82:28..82:33
              arg: unary &var  @82:28..82:33
                name text#  @82:28..82:33
          expr  @82:17..82:35
            unary move  @82:17..82:35
              name text#  @82:17..82:35
    val xs  @85:5..85:23
      init: array  @85:14..85:23
        int 1  @85:15..85:16
        int 2  @85:18..85:19
        int 3  @85:21..85:22
    expr  @86:5..88:6
      if  @86:5..88:6
        cond: is  @86:8..86:25
          scrutinee: name xs  @86:8..86:10
          pattern: slice [int 1, ..rest]  @86:14..86:25
        then: block  @86:26..88:6
          expr  @87:9..87:37
            call  @87:9..87:37
              callee: path io::println  @87:9..87:20
              arg: block  @87:21..87:36
                var text#  @87:21..87:36
                  init: call  @87:21..87:36
                    callee: path String::withCapacity  @87:21..87:36
                    arg: int 8  @87:21..87:36
                expr  @87:24..87:34
                  call  @87:24..87:34
                    callee: field appendTo  @87:24..87:34
                      call  @87:24..87:34
                        callee: field len  @87:24..87:32
                          name rest  @87:24..87:28
                    arg: unary &var  @87:24..87:34
                      name text#  @87:24..87:34
                expr  @87:21..87:36
                  unary move  @87:21..87:36
                    name text#  @87:21..87:36
    var else  @89:5..89:28
      pattern: slice [head, ..tail]  @89:9..89:23
      value: name xs  @89:26..89:28
    expr  @90:5..90:20
      assign +=  @90:5..90:20
        target: name head  @90:5..90:9
        value: index  @90:13..90:20
          base: name tail  @90:13..90:17
          index: int 0  @90:18..90:19
    expr  @91:5..91:22
      assign  @91:5..91:22
        target: name tail  @91:5..91:9
        value: unary &  @91:12..91:22
          slice  @91:13..91:22
            base: name tail  @91:13..91:17
            lo: int 1  @91:18..91:19
    expr  @92:5..92:41
      call  @92:5..92:41
        callee: path io::println  @92:5..92:16
        arg: block  @92:17..92:40
          var text#  @92:17..92:40
            init: call  @92:17..92:40
              callee: path String::withCapacity  @92:17..92:40
              arg: int 17  @92:17..92:40
          expr  @92:20..92:24
            call  @92:20..92:24
              callee: field appendTo  @92:20..92:24
                name head  @92:20..92:24
              arg: unary &var  @92:20..92:24
                name text#  @92:20..92:24
          expr  @92:24..92:28
            call  @92:24..92:28
              callee: field push  @92:24..92:28
                name text#  @92:24..92:28
              arg: str " "  @92:24..92:28
          expr  @92:28..92:38
            call  @92:28..92:38
              callee: field appendTo  @92:28..92:38
                call  @92:28..92:38
                  callee: field len  @92:28..92:36
                    name tail  @92:28..92:32
              arg: unary &var  @92:28..92:38
                name text#  @92:28..92:38
          expr  @92:17..92:40
            unary move  @92:17..92:40
              name text#  @92:17..92:40
    val pairs  @93:5..93:33
      init: array  @93:17..93:33
        array  @93:18..93:24
          int 1  @93:19..93:20
          int 2  @93:22..93:23
        array  @93:26..93:32
          int 3  @93:27..93:28
          int 4  @93:30..93:31
    var total  @94:5..94:18
      init: int 0  @94:17..94:18
    for  @95:5..97:6
      pattern: slice [p, q]  @95:9..95:15
      elements: name pairs  @95:19..95:24
      body: block  @95:25..97:6
        expr  @96:9..96:23
          assign +=  @96:9..96:23
            target: name total  @96:9..96:14
            value: binary *  @96:18..96:23
              name p  @96:18..96:19
              name q  @96:22..96:23
    expr  @98:5..98:28
      call  @98:5..98:28
        callee: path io::println  @98:5..98:16
        arg: block  @98:17..98:27
          var text#  @98:17..98:27
            init: call  @98:17..98:27
              callee: path String::withCapacity  @98:17..98:27
              arg: int 8  @98:17..98:27
          expr  @98:20..98:25
            call  @98:20..98:25
              callee: field appendTo  @98:20..98:25
                name total  @98:20..98:25
              arg: unary &var  @98:20..98:25
                name text#  @98:20..98:25
          expr  @98:17..98:27
            unary move  @98:17..98:27
              name text#  @98:17..98:27
