---
source: tests/gate
---
=== main.wip ===
import std::io  @6:1..6:15
import shapes::{State, Id}  @7:1..7:27
fn main  @9:1..15:2
  body: block  @9:13..15:2
    val moving  @10:5..10:50
      type: State  @10:17..10:22
      init: call  @10:25..10:50
        callee: path .Moving  @10:25..10:32
        arg id: call  @10:37..10:49
          callee: name Id  @10:37..10:39
          arg value: int 1  @10:47..10:48
    val same  @11:5..11:48
      type: State  @11:15..11:20
      init: call  @11:23..11:48
        callee: path .Moving  @11:23..11:30
        arg id: call  @11:35..11:47
          callee: name Id  @11:35..11:37
          arg value: int 1  @11:45..11:46
    expr  @12:5..12:66
      call  @12:5..12:66
        callee: path io::println  @12:5..12:16
        arg: block  @12:17..12:65
          var text#  @12:17..12:65
            init: call  @12:17..12:65
              callee: path String::withCapacity  @12:17..12:65
              arg: int 26  @12:17..12:65
          expr  @12:20..12:34
            call  @12:20..12:34
              callee: field appendTo  @12:20..12:34
                binary ==  @12:20..12:34
                  name moving  @12:20..12:26
                  name same  @12:30..12:34
              arg: unary &var  @12:20..12:34
                name text#  @12:20..12:34
          expr  @12:34..12:38
            call  @12:34..12:38
              callee: field push  @12:34..12:38
                name text#  @12:34..12:38
              arg: str " "  @12:34..12:38
          expr  @12:38..12:53
            call  @12:38..12:53
              callee: field appendTo  @12:38..12:53
                binary ==  @12:38..12:53
                  name moving  @12:38..12:44
                  path .Done  @12:48..12:53
              arg: unary &var  @12:38..12:53
                name text#  @12:38..12:53
          expr  @12:53..12:57
            call  @12:53..12:57
              callee: field push  @12:53..12:57
                name text#  @12:53..12:57
              arg: str " "  @12:53..12:57
          expr  @12:57..12:63
            call  @12:57..12:63
              callee: field appendTo  @12:57..12:63
                name moving  @12:57..12:63
              arg: unary &var  @12:57..12:63
                name text#  @12:57..12:63
          expr  @12:17..12:65
            unary move  @12:17..12:65
              name text#  @12:17..12:65
    val nothing  @13:5..13:34
      type: Vec  @13:18..13:26
        arg: i64  @13:22..13:25
      init: call  @13:29..13:34
        callee: name Vec  @13:29..13:32
    expr  @14:5..14:40
      call  @14:5..14:40
        callee: path io::println  @14:5..14:16
        arg: block  @14:17..14:39
          var text#  @14:17..14:39
            init: call  @14:17..14:39
              callee: path String::withCapacity  @14:17..14:39
              arg: int 8  @14:17..14:39
          expr  @14:20..14:37
            call  @14:20..14:37
              callee: field appendTo  @14:20..14:37
                call  @14:20..14:37
                  callee: field isEmpty  @14:20..14:35
                    name nothing  @14:20..14:27
              arg: unary &var  @14:20..14:37
                name text#  @14:20..14:37
          expr  @14:17..14:39
            unary move  @14:17..14:39
              name text#  @14:17..14:39
