---
source: tests/gate
---
[E0311] Error: non-exhaustive match on `String`
   ╭─[ err/378_text_patterns_on_strings_refused/main.wip:4:39 ]
   │
 4 │ fn command(word: String): i64 = match word {
   │                                       ──┬─
   │                                         ╰─── needs a `_` arm
   │
   │ Note: a `match` on a value that is not an enum ends with `_` or a name: the values it does not list are the ones left
───╯
[E0313] Error: text cannot match `Vec<u8>`
    ╭─[ err/378_text_patterns_on_strings_refused/main.wip:11:20 ]
    │
 11 │     assert(!(bytes is "abc"))
    │                       ──┬──
    │                         ╰──── text, and the value is `Vec<u8>`
    │
    │ Note: a pattern that is a value asks whether the value being matched equals it, so the two are of one type
────╯
[E0313] Error: text cannot match `i64`
    ╭─[ err/378_text_patterns_on_strings_refused/main.wip:12:16 ]
    │
 12 │     assert(!(7 is "seven"))
    │                   ───┬───
    │                      ╰───── text, and the value is `i64`
    │
    │ Note: a pattern that is a value asks whether the value being matched equals it, so the two are of one type
────╯
