---
source: tests/gate
---
=== main.wip ===
import std::io  @4:1..4:15
struct Point  @6:1..9:2
  field x  @7:5..7:11
    i64  @7:8..7:11
  field y  @8:5..8:11
    i64  @8:8..8:11
struct Named  @11:1..14:2
  field name  @12:5..12:17
    String  @12:11..12:17
  field at  @13:5..13:14
    Point  @13:9..13:14
fn pair  @16:1..16:48
  ret: Tuple2  @16:12..16:25
    arg: i64  @16:13..16:16
    arg: String  @16:18..16:24
  body: call  @16:28..16:48
    callee: name Tuple2  @16:28..16:48
    arg: int 1  @16:29..16:30
    arg: call  @16:32..16:47
      callee: path String::of  @16:32..16:42
      arg: str "a"  @16:43..16:46
fn parse  @18:1..18:78
  param text  @18:10..18:19
    str  @18:16..18:19
  ret: Option  @18:22..18:33
    arg: i64  @18:29..18:32
  body: if  @18:36..18:78
    cond: binary ==  @18:39..18:50
      name text  @18:39..18:43
      str "7"  @18:47..18:50
    then: block  @18:51..18:63
      expr  @18:53..18:61
        call  @18:53..18:61
          callee: path .Some  @18:53..18:58
          arg: int 7  @18:59..18:60
    else: block  @18:69..18:78
      expr  @18:71..18:76
        path .None  @18:71..18:76
fn doubled  @21:1..27:2
  param text  @21:12..21:21
    str  @21:18..21:21
  ret: i64  @21:24..21:27
  body: block  @21:30..27:2
    var else  @22:5..24:6
      pattern: variant .Some(n)  @22:9..22:17
      value: call  @22:20..22:31
        callee: name parse  @22:20..22:25
        arg: name text  @22:26..22:30
      else: block  @22:37..24:6
        return  @23:9..23:18
          unary -  @23:16..23:18
            int 1  @23:17..23:18
    expr  @25:5..25:11
      assign *=  @25:5..25:11
        target: name n  @25:5..25:6
        value: int 2  @25:10..25:11
    return  @26:5..26:13
      name n  @26:12..26:13
fn main  @29:1..66:2
  body: block  @29:13..66:2
    var else  @31:5..31:24
      pattern: variant Tuple2(_0: n, _1: s)  @31:9..31:15
      value: call  @31:18..31:24
        callee: name pair  @31:18..31:22
    expr  @32:5..32:11
      assign +=  @32:5..32:11
        target: name n  @32:5..32:6
        value: int 1  @32:10..32:11
    expr  @33:5..33:16
      call  @33:5..33:16
        callee: field push  @33:5..33:11
          name s  @33:5..33:6
        arg: str "b"  @33:12..33:15
    expr  @34:5..34:29
      call  @34:5..34:29
        callee: path io::println  @34:5..34:16
        arg: block  @34:17..34:28
          var text#  @34:17..34:28
            init: call  @34:17..34:28
              callee: path String::withCapacity  @34:17..34:28
              arg: int 17  @34:17..34:28
          expr  @34:20..34:21
            call  @34:20..34:21
              callee: field appendTo  @34:20..34:21
                name n  @34:20..34:21
              arg: unary &var  @34:20..34:21
                name text#  @34:20..34:21
          expr  @34:21..34:25
            call  @34:21..34:25
              callee: field push  @34:21..34:25
                name text#  @34:21..34:25
              arg: str " "  @34:21..34:25
          expr  @34:25..34:26
            call  @34:25..34:26
              callee: field appendTo  @34:25..34:26
                name s  @34:25..34:26
              arg: unary &var  @34:25..34:26
                name text#  @34:25..34:26
          expr  @34:17..34:28
            unary move  @34:17..34:28
              name text#  @34:17..34:28
    val here  @37:5..37:33
      init: call  @37:16..37:33
        callee: name Point  @37:16..37:21
        arg x: int 1  @37:25..37:26
        arg y: int 2  @37:31..37:32
    var else  @38:5..38:27
      pattern: variant Point(x, y)  @38:9..38:20
      value: name here  @38:23..38:27
    expr  @39:5..39:11
      assign +=  @39:5..39:11
        target: name x  @39:5..39:6
        value: name y  @39:10..39:11
    expr  @40:5..40:10
      assign  @40:5..40:10
        target: name y  @40:5..40:6
        value: int 0  @40:9..40:10
    expr  @41:5..41:49
      call  @41:5..41:49
        callee: path io::println  @41:5..41:16
        arg: block  @41:17..41:48
          var text#  @41:17..41:48
            init: call  @41:17..41:48
              callee: path String::withCapacity  @41:17..41:48
              arg: int 35  @41:17..41:48
          expr  @41:20..41:21
            call  @41:20..41:21
              callee: field appendTo  @41:20..41:21
                name x  @41:20..41:21
              arg: unary &var  @41:20..41:21
                name text#  @41:20..41:21
          expr  @41:21..41:25
            call  @41:21..41:25
              callee: field push  @41:21..41:25
                name text#  @41:21..41:25
              arg: str " "  @41:21..41:25
          expr  @41:25..41:26
            call  @41:25..41:26
              callee: field appendTo  @41:25..41:26
                name y  @41:25..41:26
              arg: unary &var  @41:25..41:26
                name text#  @41:25..41:26
          expr  @41:26..41:30
            call  @41:26..41:30
              callee: field push  @41:26..41:30
                name text#  @41:26..41:30
              arg: str " "  @41:26..41:30
          expr  @41:30..41:36
            call  @41:30..41:36
              callee: field appendTo  @41:30..41:36
                field x  @41:30..41:36
                  name here  @41:30..41:34
              arg: unary &var  @41:30..41:36
                name text#  @41:30..41:36
          expr  @41:36..41:40
            call  @41:36..41:40
              callee: field push  @41:36..41:40
                name text#  @41:36..41:40
              arg: str " "  @41:36..41:40
          expr  @41:40..41:46
            call  @41:40..41:46
              callee: field appendTo  @41:40..41:46
                field y  @41:40..41:46
                  name here  @41:40..41:44
              arg: unary &var  @41:40..41:46
                name text#  @41:40..41:46
          expr  @41:17..41:48
            unary move  @41:17..41:48
              name text#  @41:17..41:48
    val named  @45:5..45:55
      init: call  @45:17..45:55
        callee: name Named  @45:17..45:22
        arg name: call  @45:29..45:44
          callee: path String::of  @45:29..45:39
          arg: str "p"  @45:40..45:43
        arg at: name here  @45:50..45:54
    var else  @46:5..46:59
      pattern: variant Named(name, at: Point(x: across, ..))  @46:9..46:46
      value: unary move  @46:49..46:59
        name named  @46:54..46:59
    expr  @47:5..47:19
      call  @47:5..47:19
        callee: field push  @47:5..47:14
          name name  @47:5..47:9
        arg: str "q"  @47:15..47:18
    expr  @48:5..48:17
      assign -=  @48:5..48:17
        target: name across  @48:5..48:11
        value: int 10  @48:15..48:17
    expr  @49:5..49:37
      call  @49:5..49:37
        callee: path io::println  @49:5..49:16
        arg: block  @49:17..49:36
          var text#  @49:17..49:36
            init: call  @49:17..49:36
              callee: path String::withCapacity  @49:17..49:36
              arg: int 17  @49:17..49:36
          expr  @49:20..49:24
            call  @49:20..49:24
              callee: field appendTo  @49:20..49:24
                name name  @49:20..49:24
              arg: unary &var  @49:20..49:24
                name text#  @49:20..49:24
          expr  @49:24..49:28
            call  @49:24..49:28
              callee: field push  @49:24..49:28
                name text#  @49:24..49:28
              arg: str " "  @49:24..49:28
          expr  @49:28..49:34
            call  @49:28..49:34
              callee: field appendTo  @49:28..49:34
                name across  @49:28..49:34
              arg: unary &var  @49:28..49:34
                name text#  @49:28..49:34
          expr  @49:17..49:36
            unary move  @49:17..49:36
              name text#  @49:17..49:36
    var else  @50:5..50:28
      pattern: variant Tuple2(_0: count, _1: _)  @50:9..50:19
      value: call  @50:22..50:28
        callee: name pair  @50:22..50:26
    expr  @51:5..51:15
      assign +=  @51:5..51:15
        target: name count  @51:5..51:10
        value: int 1  @51:14..51:15
    val kept  @54:5..54:22
      init: call  @54:16..54:22
        callee: name pair  @54:16..54:20
    var else  @55:5..55:26
      pattern: variant Tuple2(_0: first, _1: _)  @55:9..55:19
      value: name kept  @55:22..55:26
    expr  @56:5..56:26
      assign +=  @56:5..56:26
        target: name first  @56:5..56:10
        value: call  @56:14..56:26
          callee: field len  @56:14..56:24
            field _1  @56:14..56:20
              name kept  @56:14..56:18
    expr  @57:5..57:47
      call  @57:5..57:47
        callee: path io::println  @57:5..57:16
        arg: block  @57:17..57:46
          var text#  @57:17..57:46
            init: call  @57:17..57:46
              callee: path String::withCapacity  @57:17..57:46
              arg: int 26  @57:17..57:46
          expr  @57:20..57:25
            call  @57:20..57:25
              callee: field appendTo  @57:20..57:25
                name count  @57:20..57:25
              arg: unary &var  @57:20..57:25
                name text#  @57:20..57:25
          expr  @57:25..57:29
            call  @57:25..57:29
              callee: field push  @57:25..57:29
                name text#  @57:25..57:29
              arg: str " "  @57:25..57:29
          expr  @57:29..57:34
            call  @57:29..57:34
              callee: field appendTo  @57:29..57:34
                name first  @57:29..57:34
              arg: unary &var  @57:29..57:34
                name text#  @57:29..57:34
          expr  @57:34..57:38
            call  @57:34..57:38
              callee: field push  @57:34..57:38
                name text#  @57:34..57:38
              arg: str " "  @57:34..57:38
          expr  @57:38..57:44
            call  @57:38..57:44
              callee: field appendTo  @57:38..57:44
                field _1  @57:38..57:44
                  name kept  @57:38..57:42
              arg: unary &var  @57:38..57:44
                name text#  @57:38..57:44
          expr  @57:17..57:46
            unary move  @57:17..57:46
              name text#  @57:17..57:46
    expr  @59:5..59:51
      call  @59:5..59:51
        callee: path io::println  @59:5..59:16
        arg: block  @59:17..59:50
          var text#  @59:17..59:50
            init: call  @59:17..59:50
              callee: path String::withCapacity  @59:17..59:50
              arg: int 17  @59:17..59:50
          expr  @59:20..59:32
            call  @59:20..59:32
              callee: field appendTo  @59:20..59:32
                call  @59:20..59:32
                  callee: name doubled  @59:20..59:27
                  arg: str "7"  @59:28..59:31
              arg: unary &var  @59:20..59:32
                name text#  @59:20..59:32
          expr  @59:32..59:36
            call  @59:32..59:36
              callee: field push  @59:32..59:36
                name text#  @59:32..59:36
              arg: str " "  @59:32..59:36
          expr  @59:36..59:48
            call  @59:36..59:48
              callee: field appendTo  @59:36..59:48
                call  @59:36..59:48
                  callee: name doubled  @59:36..59:43
                  arg: str "x"  @59:44..59:47
              arg: unary &var  @59:36..59:48
                name text#  @59:36..59:48
          expr  @59:17..59:50
            unary move  @59:17..59:50
              name text#  @59:17..59:50
    var else  @62:5..62:37
      pattern: variant Tuple2(_0: length, _1: text)  @62:9..62:23
      value: call  @62:26..62:37
        callee: name Tuple2  @62:26..62:37
        arg: int 0  @62:27..62:28
        arg: str "word"  @62:30..62:36
    expr  @63:5..63:25
      assign +=  @63:5..63:25
        target: name length  @63:5..63:11
        value: call  @63:15..63:25
          callee: field len  @63:15..63:23
            name text  @63:15..63:19
    expr  @64:5..64:19
      assign  @64:5..64:19
        target: name text  @64:5..64:9
        value: str "other"  @64:12..64:19
    expr  @65:5..65:37
      call  @65:5..65:37
        callee: path io::println  @65:5..65:16
        arg: block  @65:17..65:36
          var text#  @65:17..65:36
            init: call  @65:17..65:36
              callee: path String::withCapacity  @65:17..65:36
              arg: int 17  @65:17..65:36
          expr  @65:20..65:26
            call  @65:20..65:26
              callee: field appendTo  @65:20..65:26
                name length  @65:20..65:26
              arg: unary &var  @65:20..65:26
                name text#  @65:20..65:26
          expr  @65:26..65:30
            call  @65:26..65:30
              callee: field push  @65:26..65:30
                name text#  @65:26..65:30
              arg: str " "  @65:26..65:30
          expr  @65:30..65:34
            call  @65:30..65:34
              callee: field appendTo  @65:30..65:34
                name text  @65:30..65:34
              arg: unary &var  @65:30..65:34
                name text#  @65:30..65:34
          expr  @65:17..65:36
            unary move  @65:17..65:36
              name text#  @65:17..65:36
