---
source: tests/gate
---
=== main.wip ===
import std::io  @13:1..13:15
@derive(Text)  @15:1..15:14
struct Cell  @16:1..18:2
  field weight  @17:5..17:16
    i64  @17:13..17:16
fn main  @20:1..39:2
  body: block  @20:13..39:2
    var n  @21:5..21:22
      init: array  @21:13..21:22
        int 3  @21:14..21:15
        int 1  @21:17..21:18
        int 2  @21:20..21:21
    expr  @22:5..22:45
      call  @22:5..22:45
        callee: path io::println  @22:5..22:16
        arg: block  @22:17..22:44
          var text#  @22:17..22:44
            init: call  @22:17..22:44
              callee: path String::withCapacity  @22:17..22:44
              arg: int 17  @22:17..22:44
          expr  @22:20..22:27
            call  @22:20..22:27
              callee: field appendTo  @22:20..22:27
                call  @22:20..22:27
                  callee: field len  @22:20..22:25
                    name n  @22:20..22:21
              arg: unary &var  @22:20..22:27
                name text#  @22:20..22:27
          expr  @22:27..22:31
            call  @22:27..22:31
              callee: field push  @22:27..22:31
                name text#  @22:27..22:31
              arg: str " "  @22:27..22:31
          expr  @22:31..22:42
            call  @22:31..22:42
              callee: field appendTo  @22:31..22:42
                call  @22:31..22:42
                  callee: field isEmpty  @22:31..22:40
                    name n  @22:31..22:32
              arg: unary &var  @22:31..22:42
                name text#  @22:31..22:42
          expr  @22:17..22:44
            unary move  @22:17..22:44
              name text#  @22:17..22:44
    expr  @24:5..24:13
      call  @24:5..24:13
        callee: field sort  @24:5..24:11
          name n  @24:5..24:6
    expr  @25:5..25:43
      call  @25:5..25:43
        callee: path io::println  @25:5..25:16
        arg: block  @25:17..25:42
          var text#  @25:17..25:42
            init: call  @25:17..25:42
              callee: path String::withCapacity  @25:17..25:42
              arg: int 26  @25:17..25:42
          expr  @25:20..25:24
            call  @25:20..25:24
              callee: field appendTo  @25:20..25:24
                index  @25:20..25:24
                  base: name n  @25:20..25:21
                  index: int 0  @25:22..25:23
              arg: unary &var  @25:20..25:24
                name text#  @25:20..25:24
          expr  @25:24..25:28
            call  @25:24..25:28
              callee: field push  @25:24..25:28
                name text#  @25:24..25:28
              arg: str " "  @25:24..25:28
          expr  @25:28..25:32
            call  @25:28..25:32
              callee: field appendTo  @25:28..25:32
                index  @25:28..25:32
                  base: name n  @25:28..25:29
                  index: int 1  @25:30..25:31
              arg: unary &var  @25:28..25:32
                name text#  @25:28..25:32
          expr  @25:32..25:36
            call  @25:32..25:36
              callee: field push  @25:32..25:36
                name text#  @25:32..25:36
              arg: str " "  @25:32..25:36
          expr  @25:36..25:40
            call  @25:36..25:40
              callee: field appendTo  @25:36..25:40
                index  @25:36..25:40
                  base: name n  @25:36..25:37
                  index: int 2  @25:38..25:39
              arg: unary &var  @25:36..25:40
                name text#  @25:36..25:40
          expr  @25:17..25:42
            unary move  @25:17..25:42
              name text#  @25:17..25:42
    expr  @27:5..27:16
      call  @27:5..27:16
        callee: field reverse  @27:5..27:14
          name n  @27:5..27:6
    expr  @28:5..28:43
      call  @28:5..28:43
        callee: path io::println  @28:5..28:16
        arg: block  @28:17..28:42
          var text#  @28:17..28:42
            init: call  @28:17..28:42
              callee: path String::withCapacity  @28:17..28:42
              arg: int 26  @28:17..28:42
          expr  @28:20..28:24
            call  @28:20..28:24
              callee: field appendTo  @28:20..28:24
                index  @28:20..28:24
                  base: name n  @28:20..28:21
                  index: int 0  @28:22..28:23
              arg: unary &var  @28:20..28:24
                name text#  @28:20..28:24
          expr  @28:24..28:28
            call  @28:24..28:28
              callee: field push  @28:24..28:28
                name text#  @28:24..28:28
              arg: str " "  @28:24..28:28
          expr  @28:28..28:32
            call  @28:28..28:32
              callee: field appendTo  @28:28..28:32
                index  @28:28..28:32
                  base: name n  @28:28..28:29
                  index: int 1  @28:30..28:31
              arg: unary &var  @28:28..28:32
                name text#  @28:28..28:32
          expr  @28:32..28:36
            call  @28:32..28:36
              callee: field push  @28:32..28:36
                name text#  @28:32..28:36
              arg: str " "  @28:32..28:36
          expr  @28:36..28:40
            call  @28:36..28:40
              callee: field appendTo  @28:36..28:40
                index  @28:36..28:40
                  base: name n  @28:36..28:37
                  index: int 2  @28:38..28:39
              arg: unary &var  @28:36..28:40
                name text#  @28:36..28:40
          expr  @28:17..28:42
            unary move  @28:17..28:42
              name text#  @28:17..28:42
    expr  @30:5..30:52
      call  @30:5..30:52
        callee: path io::println  @30:5..30:16
        arg: block  @30:17..30:51
          var text#  @30:17..30:51
            init: call  @30:17..30:51
              callee: path String::withCapacity  @30:17..30:51
              arg: int 17  @30:17..30:51
          expr  @30:20..30:33
            call  @30:20..30:33
              callee: field appendTo  @30:20..30:33
                call  @30:20..30:33
                  callee: field contains  @30:20..30:30
                    name n  @30:20..30:21
                  arg: int 2  @30:31..30:32
              arg: unary &var  @30:20..30:33
                name text#  @30:20..30:33
          expr  @30:33..30:37
            call  @30:33..30:37
              callee: field push  @30:33..30:37
                name text#  @30:33..30:37
              arg: str " "  @30:33..30:37
          expr  @30:37..30:49
            call  @30:37..30:49
              callee: field appendTo  @30:37..30:49
                call  @30:37..30:49
                  callee: field indexOf  @30:37..30:46
                    name n  @30:37..30:38
                  arg: int 2  @30:47..30:48
              arg: unary &var  @30:37..30:49
                name text#  @30:37..30:49
          expr  @30:17..30:51
            unary move  @30:17..30:51
              name text#  @30:17..30:51
    val fixed  @32:5..32:23
      init: array  @32:17..32:23
        int 9  @32:18..32:19
        int 8  @32:21..32:22
    expr  @33:5..33:40
      call  @33:5..33:40
        callee: path io::println  @33:5..33:16
        arg: block  @33:17..33:39
          var text#  @33:17..33:39
            init: call  @33:17..33:39
              callee: path String::withCapacity  @33:17..33:39
              arg: int 8  @33:17..33:39
          expr  @33:20..33:37
            call  @33:20..33:37
              callee: field appendTo  @33:20..33:37
                call  @33:20..33:37
                  callee: field contains  @33:20..33:34
                    name fixed  @33:20..33:25
                  arg: int 9  @33:35..33:36
              arg: unary &var  @33:20..33:37
                name text#  @33:20..33:37
          expr  @33:17..33:39
            unary move  @33:17..33:39
              name text#  @33:17..33:39
    var cells  @36:5..36:51
      init: array  @36:17..36:51
        call  @36:18..36:33
          callee: name Cell  @36:18..36:22
          arg weight: int 4  @36:31..36:32
        call  @36:35..36:50
          callee: name Cell  @36:35..36:39
          arg weight: int 2  @36:48..36:49
    expr  @37:5..37:21
      call  @37:5..37:21
        callee: field swap  @37:5..37:15
          name cells  @37:5..37:10
        arg: int 0  @37:16..37:17
        arg: int 1  @37:19..37:20
    expr  @38:5..38:52
      call  @38:5..38:52
        callee: path io::printInt  @38:5..38:17
        arg: binary +  @38:18..38:51
          field weight  @38:18..38:33
            index  @38:18..38:26
              base: name cells  @38:18..38:23
              index: int 0  @38:24..38:25
          field weight  @38:36..38:51
            index  @38:36..38:44
              base: name cells  @38:36..38:41
              index: int 1  @38:42..38:43
