---
source: crates/wip-lang/tests/cases.rs
---
[E0402] Error: use of possibly moved value `f`
    ╭─[ err/30_conditional_move/main.wip:15:12 ]
    │
 13 │         close(move f)
    │               ───┬──  
    │                  ╰──── `f` moved here
    │ 
 15 │     return f.fd
    │            ──┬─  
    │              ╰─── used here
    │ 
    │ Help: move it on every path, or assign it a new value after the move
    │ 
    │ Note: `f` is moved on some paths to this point, so it may hold no value
────╯
