---
source: tests/gate
---
=== main.wip ===
import std::io  @5:1..5:15
val SLASH  @7:1..7:21
  type: u8  @7:12..7:14
  value: byte b'/'  @7:17..7:21
fn kind  @9:1..16:2
  param byte  @9:9..9:17
    u8  @9:15..9:17
  ret: str  @9:20..9:23
  body: match  @9:26..16:2
    scrutinee: name byte  @9:32..9:36
    arm  @10:5..10:22
      pattern: byte b'/'  @10:5..10:9
      body: str "a slash"  @10:13..10:22
    arm  @11:5..11:50
      pattern: byte b'a' | byte b'e' | byte b'i' | byte b'o' | byte b'u'  @11:5..11:37
      body: str "a vowel"  @11:41..11:50
    arm  @12:5..12:28
      pattern: byte b'\n'  @12:5..12:10
      body: str "a line's end"  @12:14..12:28
    arm  @13:5..13:23
      pattern: byte b'\''  @13:5..13:10
      body: str "a quote"  @13:14..13:23
    arm  @14:5..14:26
      pattern: byte b'\u{7f}'  @14:5..14:14
      body: str "delete"  @14:18..14:26
    arm  @15:5..15:26
      pattern: _  @15:5..15:6
      body: str "something else"  @15:10..15:26
fn main  @18:1..32:2
  body: block  @18:13..32:2
    val path  @19:5..19:31
      init: str "usr/local/bin"  @19:16..19:31
    var slashes  @20:5..20:20
      init: int 0  @20:19..20:20
    for  @21:5..25:6
      pattern: binding i  @21:9..21:10
      from: int 0  @21:14..21:15
      to: call  @21:17..21:27
        callee: field len  @21:17..21:25
          name path  @21:17..21:21
      body: block  @21:28..25:6
        expr  @22:9..24:10
          if  @22:9..24:10
            cond: binary ==  @22:12..22:28
              index  @22:12..22:19
                base: name path  @22:12..22:16
                index: name i  @22:17..22:18
              name SLASH  @22:23..22:28
            then: block  @22:29..24:10
              expr  @23:13..23:25
                assign +=  @23:13..23:25
                  target: name slashes  @23:13..23:20
                  value: int 1  @23:24..23:25
    expr  @26:5..26:38
      call  @26:5..26:38
        callee: path io::println  @26:5..26:16
        arg: block  @26:17..26:37
          var text#  @26:17..26:37
            init: call  @26:17..26:37
              callee: path String::withCapacity  @26:17..26:37
              arg: int 16  @26:17..26:37
          expr  @26:20..26:27
            call  @26:20..26:27
              callee: field appendTo  @26:20..26:27
                name slashes  @26:20..26:27
              arg: unary &var  @26:20..26:27
                name text#  @26:20..26:27
          expr  @26:27..26:37
            call  @26:27..26:37
              callee: field push  @26:27..26:37
                name text#  @26:27..26:37
              arg: str " slashes"  @26:27..26:37
          expr  @26:17..26:37
            unary move  @26:17..26:37
              name text#  @26:17..26:37
    expr  @27:5..27:79
      call  @27:5..27:79
        callee: path io::println  @27:5..27:16
        arg: block  @27:17..27:78
          var text#  @27:17..27:78
            init: call  @27:17..27:78
              callee: path String::withCapacity  @27:17..27:78
              arg: int 44  @27:17..27:78
          expr  @27:20..27:24
            call  @27:20..27:24
              callee: field appendTo  @27:20..27:24
                byte b'A'  @27:20..27:24
              arg: unary &var  @27:20..27:24
                name text#  @27:20..27:24
          expr  @27:24..27:28
            call  @27:24..27:28
              callee: field push  @27:24..27:28
                name text#  @27:24..27:28
              arg: str " "  @27:24..27:28
          expr  @27:28..27:36
            call  @27:28..27:36
              callee: field appendTo  @27:28..27:36
                binary +  @27:28..27:36
                  byte b'A'  @27:28..27:32
                  int 1  @27:35..27:36
              arg: unary &var  @27:28..27:36
                name text#  @27:28..27:36
          expr  @27:36..27:40
            call  @27:36..27:40
              callee: field push  @27:36..27:40
                name text#  @27:36..27:40
              arg: str " "  @27:36..27:40
          expr  @27:40..27:52
            call  @27:40..27:52
              callee: field appendTo  @27:40..27:52
                cast  @27:40..27:52
                  byte b'\\'  @27:40..27:45
                  to: i64  @27:49..27:52
              arg: unary &var  @27:40..27:52
                name text#  @27:40..27:52
          expr  @27:52..27:56
            call  @27:52..27:56
              callee: field push  @27:52..27:56
                name text#  @27:52..27:56
              arg: str " "  @27:52..27:56
          expr  @27:56..27:61
            call  @27:56..27:61
              callee: field appendTo  @27:56..27:61
                byte b'\0'  @27:56..27:61
              arg: unary &var  @27:56..27:61
                name text#  @27:56..27:61
          expr  @27:61..27:65
            call  @27:61..27:65
              callee: field push  @27:61..27:65
                name text#  @27:61..27:65
              arg: str " "  @27:61..27:65
          expr  @27:65..27:76
            call  @27:65..27:76
              callee: field appendTo  @27:65..27:76
                binary >  @27:65..27:76
                  byte b'z'  @27:65..27:69
                  byte b'a'  @27:72..27:76
              arg: unary &var  @27:65..27:76
                name text#  @27:65..27:76
          expr  @27:17..27:78
            unary move  @27:17..27:78
              name text#  @27:17..27:78
    expr  @28:5..28:104
      call  @28:5..28:104
        callee: path io::println  @28:5..28:16
        arg: block  @28:17..28:103
          var text#  @28:17..28:103
            init: call  @28:17..28:103
              callee: path String::withCapacity  @28:17..28:103
              arg: int 53  @28:17..28:103
          expr  @28:20..28:33
            call  @28:20..28:33
              callee: field appendTo  @28:20..28:33
                call  @28:20..28:33
                  callee: name kind  @28:20..28:24
                  arg: index  @28:25..28:32
                    base: name path  @28:25..28:29
                    index: int 0  @28:30..28:31
              arg: unary &var  @28:20..28:33
                name text#  @28:20..28:33
          expr  @28:33..28:37
            call  @28:33..28:37
              callee: field push  @28:33..28:37
                name text#  @28:33..28:37
              arg: str " "  @28:33..28:37
          expr  @28:37..28:50
            call  @28:37..28:50
              callee: field appendTo  @28:37..28:50
                call  @28:37..28:50
                  callee: name kind  @28:37..28:41
                  arg: index  @28:42..28:49
                    base: name path  @28:42..28:46
                    index: int 3  @28:47..28:48
              arg: unary &var  @28:37..28:50
                name text#  @28:37..28:50
          expr  @28:50..28:54
            call  @28:50..28:54
              callee: field push  @28:50..28:54
                name text#  @28:50..28:54
              arg: str " "  @28:50..28:54
          expr  @28:54..28:62
            call  @28:54..28:62
              callee: field appendTo  @28:54..28:62
                call  @28:54..28:62
                  callee: name kind  @28:54..28:58
                  arg: int 10  @28:59..28:61
              arg: unary &var  @28:54..28:62
                name text#  @28:54..28:62
          expr  @28:62..28:66
            call  @28:62..28:66
              callee: field push  @28:62..28:66
                name text#  @28:62..28:66
              arg: str " "  @28:62..28:66
          expr  @28:66..28:74
            call  @28:66..28:74
              callee: field appendTo  @28:66..28:74
                call  @28:66..28:74
                  callee: name kind  @28:66..28:70
                  arg: int 39  @28:71..28:73
              arg: unary &var  @28:66..28:74
                name text#  @28:66..28:74
          expr  @28:74..28:78
            call  @28:74..28:78
              callee: field push  @28:74..28:78
                name text#  @28:74..28:78
              arg: str " "  @28:74..28:78
          expr  @28:78..28:87
            call  @28:78..28:87
              callee: field appendTo  @28:78..28:87
                call  @28:78..28:87
                  callee: name kind  @28:78..28:82
                  arg: int 127  @28:83..28:86
              arg: unary &var  @28:78..28:87
                name text#  @28:78..28:87
          expr  @28:87..28:91
            call  @28:87..28:91
              callee: field push  @28:87..28:91
                name text#  @28:87..28:91
              arg: str " "  @28:87..28:91
          expr  @28:91..28:101
            call  @28:91..28:101
              callee: field appendTo  @28:91..28:101
                call  @28:91..28:101
                  callee: name kind  @28:91..28:95
                  arg: byte b'z'  @28:96..28:100
              arg: unary &var  @28:91..28:101
                name text#  @28:91..28:101
          expr  @28:17..28:103
            unary move  @28:17..28:103
              name text#  @28:17..28:103
    val upper  @30:5..30:38
      init: binary +  @30:17..30:38
        binary -  @30:17..30:31
          index  @30:17..30:24
            base: name path  @30:17..30:21
            index: int 0  @30:22..30:23
          byte b'a'  @30:27..30:31
        byte b'A'  @30:34..30:38
    expr  @31:5..31:36
      call  @31:5..31:36
        callee: path io::println  @31:5..31:16
        arg: block  @31:17..31:35
          var text#  @31:17..31:35
            init: call  @31:17..31:35
              callee: path String::withCapacity  @31:17..31:35
              arg: int 8  @31:17..31:35
          expr  @31:20..31:33
            call  @31:20..31:33
              callee: field appendTo  @31:20..31:33
                cast  @31:20..31:33
                  name upper  @31:20..31:25
                  to: char  @31:29..31:33
              arg: unary &var  @31:20..31:33
                name text#  @31:20..31:33
          expr  @31:17..31:35
            unary move  @31:17..31:35
              name text#  @31:17..31:35
