---
source: crates/wip-lang/tests/cases.rs
---
exit code 0
--- stdout ---
Holder(items: [1, 2], cells: [3, 4], on: true, ratio: 0.5, letter: q)
.Dot .Circle(r: 2, labels: [big])
Free(value: x) Free(value: 7) Empty()
Nested(shape: .Dot, free: Free(value: .Dot), grid: [[1, 2], [3, 4]])
[1, 2, 3] [[1], [2]]
