---
source: tests/gate
---
=== main.wip ===
import std::io  @6:1..6:15
@derive(Text)  @8:1..8:14
struct Holder  @9:1..15:2
  field items  @10:5..10:20
    Vec  @10:12..10:20
      arg: i64  @10:16..10:19
  field cells  @11:5..11:19
    array 2  @11:12..11:19
      u8  @11:13..11:15
  field on  @12:5..12:13
    bool  @12:9..12:13
  field ratio  @13:5..13:15
    f64  @13:12..13:15
  field letter  @14:5..14:17
    char  @14:13..14:17
@derive(Text)  @17:1..17:14
enum Shape  @18:1..21:2
  variant Circle  @19:5..19:40
    field r  @19:12..19:18
      i64  @19:15..19:18
    field labels  @19:20..19:39
      Vec  @19:28..19:39
        arg: String  @19:32..19:38
  variant Dot  @20:5..20:8
@derive(Text)  @23:1..23:14
struct Free  @24:1..26:2
  type param T  @24:13..24:14
  field value  @25:5..25:13
    T  @25:12..25:13
@derive(Text)  @28:1..28:14
struct Empty  @29:1..29:16
@derive(Text)  @31:1..31:14
struct Nested  @32:1..36:2
  field shape  @33:5..33:17
    Shape  @33:12..33:17
  field free  @34:5..34:22
    Free  @34:11..34:22
      arg: Shape  @34:16..34:21
  field grid  @35:5..35:24
    array 2  @35:11..35:24
      array 2  @35:12..35:20
        i64  @35:13..35:16
fn main  @38:1..47:2
  body: block  @38:13..47:2
    val holder  @39:5..39:102
      init: call  @39:18..39:102
        callee: name Holder  @39:18..39:24
        arg items: call  @39:32..39:51
          callee: path Vec::of  @39:32..39:39
          arg: unary own  @39:40..39:50
            array  @39:44..39:50
              int 1  @39:45..39:46
              int 2  @39:48..39:49
        arg cells: array  @39:60..39:66
          int 3  @39:61..39:62
          int 4  @39:64..39:65
        arg on: bool true  @39:72..39:76
        arg ratio: float 0.5  @39:85..39:88
        arg letter: char 'q'  @39:98..39:101
    expr  @40:5..40:29
      call  @40:5..40:29
        callee: path io::println  @40:5..40:16
        arg: block  @40:17..40:28
          var text#  @40:17..40:28
            init: call  @40:17..40:28
              callee: path String::withCapacity  @40:17..40:28
              arg: int 8  @40:17..40:28
          expr  @40:20..40:26
            call  @40:20..40:26
              callee: field appendTo  @40:20..40:26
                name holder  @40:20..40:26
              arg: unary &var  @40:20..40:26
                name text#  @40:20..40:26
          expr  @40:17..40:28
            unary move  @40:17..40:28
              name text#  @40:17..40:28
    var labels  @41:5..41:36
      type: Vec  @41:17..41:28
        arg: String  @41:21..41:27
      init: call  @41:31..41:36
        callee: name Vec  @41:31..41:34
    expr  @42:5..42:23
      call  @42:5..42:23
        callee: field push  @42:5..42:16
          name labels  @42:5..42:11
        arg: str "big"  @42:17..42:22
    expr  @43:5..43:77
      call  @43:5..43:77
        callee: path io::println  @43:5..43:16
        arg: block  @43:17..43:76
          var text#  @43:17..43:76
            init: call  @43:17..43:76
              callee: path String::withCapacity  @43:17..43:76
              arg: int 17  @43:17..43:76
          expr  @43:20..43:30
            call  @43:20..43:30
              callee: field appendTo  @43:20..43:30
                path Shape::Dot  @43:20..43:30
              arg: unary &var  @43:20..43:30
                name text#  @43:20..43:30
          expr  @43:30..43:34
            call  @43:30..43:34
              callee: field push  @43:30..43:34
                name text#  @43:30..43:34
              arg: str " "  @43:30..43:34
          expr  @43:34..43:74
            call  @43:34..43:74
              callee: field appendTo  @43:34..43:74
                call  @43:34..43:74
                  callee: path Shape::Circle  @43:34..43:47
                  arg r: int 2  @43:51..43:52
                  arg labels: unary move  @43:62..43:73
                    name labels  @43:67..43:73
              arg: unary &var  @43:34..43:74
                name text#  @43:34..43:74
          expr  @43:17..43:76
            unary move  @43:17..43:76
              name text#  @43:17..43:76
    expr  @44:5..44:68
      call  @44:5..44:68
        callee: path io::println  @44:5..44:16
        arg: block  @44:17..44:67
          var text#  @44:17..44:67
            init: call  @44:17..44:67
              callee: path String::withCapacity  @44:17..44:67
              arg: int 26  @44:17..44:67
          expr  @44:20..44:36
            call  @44:20..44:36
              callee: field appendTo  @44:20..44:36
                call  @44:20..44:36
                  callee: name Free  @44:20..44:24
                  arg value: str "x"  @44:32..44:35
              arg: unary &var  @44:20..44:36
                name text#  @44:20..44:36
          expr  @44:36..44:40
            call  @44:36..44:40
              callee: field push  @44:36..44:40
                name text#  @44:36..44:40
              arg: str " "  @44:36..44:40
          expr  @44:40..44:54
            call  @44:40..44:54
              callee: field appendTo  @44:40..44:54
                call  @44:40..44:54
                  callee: name Free  @44:40..44:44
                  arg value: int 7  @44:52..44:53
              arg: unary &var  @44:40..44:54
                name text#  @44:40..44:54
          expr  @44:54..44:58
            call  @44:54..44:58
              callee: field push  @44:54..44:58
                name text#  @44:54..44:58
              arg: str " "  @44:54..44:58
          expr  @44:58..44:65
            call  @44:58..44:65
              callee: field appendTo  @44:58..44:65
                call  @44:58..44:65
                  callee: name Empty  @44:58..44:63
              arg: unary &var  @44:58..44:65
                name text#  @44:58..44:65
          expr  @44:17..44:67
            unary move  @44:17..44:67
              name text#  @44:17..44:67
    expr  @45:5..45:91
      call  @45:5..45:91
        callee: path io::println  @45:5..45:16
        arg: block  @45:17..45:90
          var text#  @45:17..45:90
            init: call  @45:17..45:90
              callee: path String::withCapacity  @45:17..45:90
              arg: int 8  @45:17..45:90
          expr  @45:20..45:88
            call  @45:20..45:88
              callee: field appendTo  @45:20..45:88
                call  @45:20..45:88
                  callee: name Nested  @45:20..45:26
                  arg shape: path .Dot  @45:34..45:38
                  arg free: call  @45:46..45:63
                    callee: name Free  @45:46..45:50
                    arg value: path .Dot  @45:58..45:62
                  arg grid: array  @45:71..45:87
                    array  @45:72..45:78
                      int 1  @45:73..45:74
                      int 2  @45:76..45:77
                    array  @45:80..45:86
                      int 3  @45:81..45:82
                      int 4  @45:84..45:85
              arg: unary &var  @45:20..45:88
                name text#  @45:20..45:88
          expr  @45:17..45:90
            unary move  @45:17..45:90
              name text#  @45:17..45:90
    expr  @46:5..46:59
      call  @46:5..46:59
        callee: path io::println  @46:5..46:16
        arg: block  @46:17..46:58
          var text#  @46:17..46:58
            init: call  @46:17..46:58
              callee: path String::withCapacity  @46:17..46:58
              arg: int 17  @46:17..46:58
          expr  @46:20..46:29
            call  @46:20..46:29
              callee: field appendTo  @46:20..46:29
                array  @46:20..46:29
                  int 1  @46:21..46:22
                  int 2  @46:24..46:25
                  int 3  @46:27..46:28
              arg: unary &var  @46:20..46:29
                name text#  @46:20..46:29
          expr  @46:29..46:33
            call  @46:29..46:33
              callee: field push  @46:29..46:33
                name text#  @46:29..46:33
              arg: str " "  @46:29..46:33
          expr  @46:33..46:56
            call  @46:33..46:56
              callee: field appendTo  @46:33..46:56
                call  @46:33..46:56
                  callee: path Vec::of  @46:33..46:40
                  arg: unary own  @46:41..46:55
                    array  @46:45..46:55
                      array  @46:46..46:49
                        int 1  @46:47..46:48
                      array  @46:51..46:54
                        int 2  @46:52..46:53
              arg: unary &var  @46:33..46:56
                name text#  @46:33..46:56
          expr  @46:17..46:58
            unary move  @46:17..46:58
              name text#  @46:17..46:58
