---
source: crates/wip-lang/tests/cases.rs
---
=== main.wip ===
import std::io  @5:1..5:15
struct Point  @7:1..10:2
  field x  @8:5..8:11
    i64  @8:8..8:11
  field y  @9:5..9:11
    i64  @9:8..9:11
struct Samples  @12:1..15:2
  field values  @13:5..13:23
    own  @13:13..13:23
      slice  @13:17..13:22
        i64  @13:18..13:21
  field scale  @14:5..14:15
    i64  @14:12..14:15
fn squares  @17:1..25:2
  param n  @17:12..17:18
    i64  @17:15..17:18
  ret: own  @17:21..17:31
    slice  @17:25..17:30
      i64  @17:26..17:29
  body: block  @17:34..25:2
    var xs  @18:5..18:24
      init: unary own  @18:14..18:24
        array repeat  @18:18..18:24
          int 0  @18:19..18:20
          count: name n  @18:22..18:23
    var i  @19:5..19:14
      init: int 0  @19:13..19:14
    while  @20:5..23:6
      cond: binary <  @20:11..20:23
        name i  @20:11..20:12
        call  @20:15..20:23
          callee: field len  @20:15..20:21
            name xs  @20:15..20:17
      body: block  @20:24..23:6
        expr  @21:9..21:22
          assign  @21:9..21:22
            target: index  @21:9..21:14
              base: name xs  @21:9..21:11
              index: name i  @21:12..21:13
            value: binary *  @21:17..21:22
              name i  @21:17..21:18
              name i  @21:21..21:22
        expr  @22:9..22:18
          assign  @22:9..22:18
            target: name i  @22:9..22:10
            value: binary +  @22:13..22:18
              name i  @22:13..22:14
              int 1  @22:17..22:18
    expr  @24:5..24:12
      unary move  @24:5..24:12
        name xs  @24:10..24:12
fn sum  @27:1..35:2
  param xs  @27:8..27:18
    ref  @27:12..27:18
      slice  @27:13..27:18
        i64  @27:14..27:17
  ret: i64  @27:21..27:24
  body: block  @27:27..35:2
    var total  @28:5..28:18
      init: int 0  @28:17..28:18
    var i  @29:5..29:14
      init: int 0  @29:13..29:14
    while  @30:5..33:6
      cond: binary <  @30:11..30:23
        name i  @30:11..30:12
        call  @30:15..30:23
          callee: field len  @30:15..30:21
            name xs  @30:15..30:17
      body: block  @30:24..33:6
        expr  @31:9..31:30
          assign  @31:9..31:30
            target: name total  @31:9..31:14
            value: binary +  @31:17..31:30
              name total  @31:17..31:22
              index  @31:25..31:30
                base: name xs  @31:25..31:27
                index: name i  @31:28..31:29
        expr  @32:9..32:18
          assign  @32:9..32:18
            target: name i  @32:9..32:10
            value: binary +  @32:13..32:18
              name i  @32:13..32:14
              int 1  @32:17..32:18
    expr  @34:5..34:10
      name total  @34:5..34:10
fn fill  @37:1..43:2
  param xs  @37:9..37:23
    ref var  @37:13..37:23
      slice  @37:18..37:23
        i64  @37:19..37:22
  param value  @37:25..37:35
    i64  @37:32..37:35
  body: block  @37:39..43:2
    var i  @38:5..38:14
      init: int 0  @38:13..38:14
    while  @39:5..42:6
      cond: binary <  @39:11..39:23
        name i  @39:11..39:12
        call  @39:15..39:23
          callee: field len  @39:15..39:21
            name xs  @39:15..39:17
      body: block  @39:24..42:6
        expr  @40:9..40:22
          assign  @40:9..40:22
            target: index  @40:9..40:14
              base: name xs  @40:9..40:11
              index: name i  @40:12..40:13
            value: name value  @40:17..40:22
        expr  @41:9..41:18
          assign  @41:9..41:18
            target: name i  @41:9..41:10
            value: binary +  @41:13..41:18
              name i  @41:13..41:14
              int 1  @41:17..41:18
fn main  @45:1..77:2
  ret: i64  @45:12..45:15
  body: block  @45:18..77:2
    val count  @46:5..46:18
      init: int 5  @46:17..46:18
    val xs  @47:5..47:28
      init: call  @47:14..47:28
        callee: name squares  @47:14..47:21
        arg: name count  @47:22..47:27
    expr  @48:5..48:27
      call  @48:5..48:27
        callee: path io::printInt  @48:5..48:17
        arg: call  @48:18..48:26
          callee: field len  @48:18..48:24
            name xs  @48:18..48:20
    expr  @49:5..49:24
      call  @49:5..49:24
        callee: path io::printInt  @49:5..49:17
        arg: index  @49:18..49:23
          base: name xs  @49:18..49:20
          index: int 0  @49:21..49:22
    expr  @50:5..50:27
      call  @50:5..50:27
        callee: path io::printInt  @50:5..50:17
        arg: call  @50:18..50:26
          callee: name sum  @50:18..50:21
          arg: unary &  @50:22..50:25
            name xs  @50:23..50:25
    expr  @51:5..51:33
      call  @51:5..51:33
        callee: path io::printInt  @51:5..51:17
        arg: call  @51:18..51:32
          callee: name sum  @51:18..51:21
          arg: unary &  @51:22..51:31
            slice  @51:23..51:31
              base: name xs  @51:23..51:25
              lo: int 1  @51:26..51:27
              hi: int 3  @51:29..51:30
    var threes  @54:5..54:36
      init: unary own  @54:18..54:36
        array repeat  @54:22..54:36
          int 7  @54:23..54:24
          count: binary -  @54:26..54:35
            name count  @54:26..54:31
            int 2  @54:34..54:35
    expr  @55:5..55:25
      call  @55:5..55:25
        callee: name fill  @55:5..55:9
        arg: unary &var  @55:10..55:21
          name threes  @55:15..55:21
        arg: int 3  @55:23..55:24
    expr  @56:5..56:31
      call  @56:5..56:31
        callee: path io::printInt  @56:5..56:17
        arg: call  @56:18..56:30
          callee: name sum  @56:18..56:21
          arg: unary &  @56:22..56:29
            name threes  @56:23..56:29
    val empty  @59:5..59:35
      init: unary own  @59:17..59:35
        array repeat  @59:21..59:35
          int 1  @59:22..59:23
          count: binary -  @59:25..59:34
            name count  @59:25..59:30
            int 5  @59:33..59:34
    expr  @60:5..60:30
      call  @60:5..60:30
        callee: path io::printInt  @60:5..60:17
        arg: call  @60:18..60:29
          callee: field len  @60:18..60:27
            name empty  @60:18..60:23
    val points  @63:5..63:48
      init: unary own  @63:18..63:48
        array repeat  @63:22..63:48
          call  @63:23..63:40
            callee: name Point  @63:23..63:28
            arg x: int 1  @63:32..63:33
            arg y: int 2  @63:38..63:39
          count: name count  @63:42..63:47
    expr  @64:5..64:30
      call  @64:5..64:30
        callee: path io::printInt  @64:5..64:17
        arg: field y  @64:18..64:29
          index  @64:18..64:27
            base: name points  @64:18..64:24
            index: int 4  @64:25..64:26
    val fixed  @68:5..68:45
      type: own  @68:16..68:26
        slice  @68:20..68:25
          i64  @68:21..68:24
      init: unary own  @68:29..68:45
        array  @68:33..68:45
          int 10  @68:34..68:36
          int 20  @68:38..68:40
          int 30  @68:42..68:44
    expr  @69:5..69:30
      call  @69:5..69:30
        callee: path io::printInt  @69:5..69:17
        arg: call  @69:18..69:29
          callee: name sum  @69:18..69:21
          arg: unary &  @69:22..69:28
            name fixed  @69:23..69:28
    val boxes  @70:5..70:52
      type: own  @70:16..70:31
        slice  @70:20..70:30
          own  @70:21..70:29
            i64  @70:25..70:28
      init: unary own  @70:34..70:52
        array  @70:38..70:52
          unary own  @70:39..70:44
            int 1  @70:43..70:44
          unary own  @70:46..70:51
            int 2  @70:50..70:51
    expr  @71:5..71:30
      call  @71:5..71:30
        callee: path io::printInt  @71:5..71:17
        arg: call  @71:18..71:29
          callee: field len  @71:18..71:27
            name boxes  @71:18..71:23
    val samples  @74:5..74:57
      init: call  @74:19..74:57
        callee: name Samples  @74:19..74:26
        arg values: unary move  @74:35..74:46
          name threes  @74:40..74:46
        arg scale: int 2  @74:55..74:56
    expr  @75:5..75:55
      call  @75:5..75:55
        callee: path io::printInt  @75:5..75:17
        arg: binary *  @75:18..75:54
          call  @75:18..75:38
            callee: field len  @75:18..75:36
              field values  @75:18..75:32
                name samples  @75:18..75:25
          field scale  @75:41..75:54
            name samples  @75:41..75:48
    expr  @76:5..76:6
      int 0  @76:5..76:6
