---
source: tests/gate
---
=== main.wip ===
import std::io  @5:1..5:15
import std::collections::{Set}  @6:1..6:31
@derive(Eq, Hash)  @8:1..8:18
struct Node  @9:1..11:2
  field size  @10:5..10:14
    i64  @10:11..10:14
extend Node: Text  @13:1..15:2
  fn appendTo  @14:5..14:66
    param out  @14:17..14:33
      ref var  @14:22..14:33
        String  @14:27..14:33
    body: call  @14:37..14:66
      callee: field push  @14:37..14:45
        name out  @14:37..14:40
      arg: block  @14:46..14:65
        var text#  @14:46..14:65
          init: call  @14:46..14:65
            callee: path String::withCapacity  @14:46..14:65
            arg: int 13  @14:46..14:65
        expr  @14:46..14:54
          call  @14:46..14:54
            callee: field push  @14:46..14:54
              name text#  @14:46..14:54
            arg: str "node "  @14:46..14:54
        expr  @14:54..14:63
          call  @14:54..14:63
            callee: field appendTo  @14:54..14:63
              field size  @14:54..14:63
                self  @14:54..14:58
            arg: unary &var  @14:54..14:63
              name text#  @14:54..14:63
        expr  @14:46..14:65
          unary move  @14:46..14:65
            name text#  @14:46..14:65
extend Node: Ord  @17:1..19:2
  fn compare  @18:5..18:72
    param other  @18:16..18:28
      ref  @18:23..18:28
        Node  @18:24..18:28
    ret: Ordering  @18:31..18:39
    body: call  @18:42..18:72
      callee: field compare  @18:42..18:59
        field size  @18:42..18:51
          self  @18:42..18:46
      arg: unary &  @18:60..18:71
        field size  @18:61..18:71
          name other  @18:61..18:66
fn same  @22:1..22:44
  type param T: Eq  @22:9..22:14
  param a  @22:16..22:21
    ref  @22:19..22:21
      T  @22:20..22:21
  param b  @22:23..22:28
    ref  @22:26..22:28
      T  @22:27..22:28
  ret: bool  @22:31..22:35
  body: binary ==  @22:38..22:44
    name a  @22:38..22:39
    name b  @22:43..22:44
fn main  @24:1..52:2
  body: block  @24:13..52:2
    val a  @25:5..25:26
      init: call  @25:13..25:26
        callee: name Node  @25:13..25:17
        arg size: int 1  @25:24..25:25
    val b  @26:5..26:26
      init: call  @26:13..26:26
        callee: name Node  @26:13..26:17
        arg size: int 1  @26:24..26:25
    val c  @27:5..27:26
      init: call  @27:13..27:26
        callee: name Node  @27:13..27:17
        arg size: int 2  @27:24..27:25
    val ra  @30:5..30:23
      type: ref  @30:13..30:18
        Node  @30:14..30:18
      init: unary &  @30:21..30:23
        name a  @30:22..30:23
    val rb  @31:5..31:23
      type: ref  @31:13..31:18
        Node  @31:14..31:18
      init: unary &  @31:21..31:23
        name b  @31:22..31:23
    val found  @32:5..32:41
      type: Option  @32:16..32:29
        arg: ref  @32:23..32:28
          Node  @32:24..32:28
      init: call  @32:32..32:41
        callee: path .Some  @32:32..32:37
        arg: unary &  @32:38..32:40
          name a  @32:39..32:40
    val other  @33:5..33:41
      type: Option  @33:16..33:29
        arg: ref  @33:23..33:28
          Node  @33:24..33:28
      init: call  @33:32..33:41
        callee: path .Some  @33:32..33:37
        arg: unary &  @33:38..33:40
          name b  @33:39..33:40
    expr  @34:5..34:80
      call  @34:5..34:80
        callee: path io::println  @34:5..34:16
        arg: block  @34:17..34:79
          var text#  @34:17..34:79
            init: call  @34:17..34:79
              callee: path String::withCapacity  @34:17..34:79
              arg: int 26  @34:17..34:79
          expr  @34:20..34:41
            call  @34:20..34:41
              callee: field appendTo  @34:20..34:41
                call  @34:20..34:41
                  callee: path same  @34:20..34:31
                    type args after segment 1  @34:24..34:31
                      ref  @34:25..34:30
                        Node  @34:26..34:30
                  arg: unary &  @34:32..34:35
                    name ra  @34:33..34:35
                  arg: unary &  @34:37..34:40
                    name rb  @34:38..34:40
              arg: unary &var  @34:20..34:41
                name text#  @34:20..34:41
          expr  @34:41..34:45
            call  @34:41..34:45
              callee: field push  @34:41..34:45
                name text#  @34:41..34:45
              arg: str " "  @34:41..34:45
          expr  @34:45..34:59
            call  @34:45..34:59
              callee: field appendTo  @34:45..34:59
                binary ==  @34:45..34:59
                  name found  @34:45..34:50
                  name other  @34:54..34:59
              arg: unary &var  @34:45..34:59
                name text#  @34:45..34:59
          expr  @34:59..34:63
            call  @34:59..34:63
              callee: field push  @34:59..34:63
                name text#  @34:59..34:63
              arg: str " "  @34:59..34:63
          expr  @34:63..34:77
            call  @34:63..34:77
              callee: field appendTo  @34:63..34:77
                binary ==  @34:63..34:77
                  name found  @34:63..34:68
                  path .None  @34:72..34:77
              arg: unary &var  @34:63..34:77
                name text#  @34:63..34:77
          expr  @34:17..34:79
            unary move  @34:17..34:79
              name text#  @34:17..34:79
    var refs  @37:5..37:33
      type: Vec  @37:15..37:25
        arg: ref  @37:19..37:24
          Node  @37:20..37:24
      init: call  @37:28..37:33
        callee: name Vec  @37:28..37:31
    expr  @38:5..38:18
      call  @38:5..38:18
        callee: field push  @38:5..38:14
          name refs  @38:5..38:9
        arg: unary &  @38:15..38:17
          name c  @38:16..38:17
    expr  @39:5..39:18
      call  @39:5..39:18
        callee: field push  @39:5..39:14
          name refs  @39:5..39:9
        arg: unary &  @39:15..39:17
          name a  @39:16..39:17
    expr  @40:5..40:57
      call  @40:5..40:57
        callee: path io::println  @40:5..40:16
        arg: block  @40:17..40:56
          var text#  @40:17..40:56
            init: call  @40:17..40:56
              callee: path String::withCapacity  @40:17..40:56
              arg: int 26  @40:17..40:56
          expr  @40:20..40:25
            call  @40:20..40:25
              callee: field appendTo  @40:20..40:25
                name found  @40:20..40:25
              arg: unary &var  @40:20..40:25
                name text#  @40:20..40:25
          expr  @40:25..40:29
            call  @40:25..40:29
              callee: field push  @40:25..40:29
                name text#  @40:25..40:29
              arg: str " "  @40:25..40:29
          expr  @40:29..40:33
            call  @40:29..40:33
              callee: field appendTo  @40:29..40:33
                name refs  @40:29..40:33
              arg: unary &var  @40:29..40:33
                name text#  @40:29..40:33
          expr  @40:33..40:37
            call  @40:33..40:37
              callee: field push  @40:33..40:37
                name text#  @40:33..40:37
              arg: str " "  @40:33..40:37
          expr  @40:37..40:54
            call  @40:37..40:54
              callee: field appendTo  @40:37..40:54
                call  @40:37..40:54
                  callee: field contains  @40:37..40:50
                    name refs  @40:37..40:41
                  arg: unary &  @40:51..40:53
                    name b  @40:52..40:53
              arg: unary &var  @40:37..40:54
                name text#  @40:37..40:54
          expr  @40:17..40:56
            unary move  @40:17..40:56
              name text#  @40:17..40:56
    expr  @41:5..41:16
      call  @41:5..41:16
        callee: field sort  @41:5..41:14
          name refs  @41:5..41:9
    expr  @42:5..42:27
      call  @42:5..42:27
        callee: path io::println  @42:5..42:16
        arg: block  @42:17..42:26
          var text#  @42:17..42:26
            init: call  @42:17..42:26
              callee: path String::withCapacity  @42:17..42:26
              arg: int 8  @42:17..42:26
          expr  @42:20..42:24
            call  @42:20..42:24
              callee: field appendTo  @42:20..42:24
                name refs  @42:20..42:24
              arg: unary &var  @42:20..42:24
                name text#  @42:20..42:24
          expr  @42:17..42:26
            unary move  @42:17..42:26
              name text#  @42:17..42:26
    var seen  @43:5..43:28
      init: call  @43:16..43:28
        callee: path Set  @43:16..43:26
          type args after segment 1  @43:19..43:26
            ref  @43:20..43:25
              Node  @43:21..43:25
    expr  @44:5..44:17
      call  @44:5..44:17
        callee: field add  @44:5..44:13
          name seen  @44:5..44:9
        arg: unary &  @44:14..44:16
          name a  @44:15..44:16
    expr  @45:5..45:17
      call  @45:5..45:17
        callee: field add  @45:5..45:13
          name seen  @45:5..45:9
        arg: unary &  @45:14..45:16
          name b  @45:15..45:16
    expr  @46:5..46:17
      call  @46:5..46:17
        callee: field add  @46:5..46:13
          name seen  @46:5..46:9
        arg: unary &  @46:14..46:16
          name c  @46:15..46:16
    expr  @47:5..47:42
      call  @47:5..47:42
        callee: path io::println  @47:5..47:16
        arg: block  @47:17..47:41
          var text#  @47:17..47:41
            init: call  @47:17..47:41
              callee: path String::withCapacity  @47:17..47:41
              arg: int 17  @47:17..47:41
          expr  @47:20..47:30
            call  @47:20..47:30
              callee: field appendTo  @47:20..47:30
                call  @47:20..47:30
                  callee: field len  @47:20..47:28
                    name seen  @47:20..47:24
              arg: unary &var  @47:20..47:30
                name text#  @47:20..47:30
          expr  @47:30..47:41
            call  @47:30..47:41
              callee: field push  @47:30..47:41
                name text#  @47:30..47:41
              arg: str " distinct"  @47:30..47:41
          expr  @47:17..47:41
            unary move  @47:17..47:41
              name text#  @47:17..47:41
    val copies  @50:5..50:30
      init: call  @50:18..50:30
        callee: field clone  @50:18..50:28
          name refs  @50:18..50:22
    expr  @51:5..51:37
      call  @51:5..51:37
        callee: path io::println  @51:5..51:16
        arg: block  @51:17..51:36
          var text#  @51:17..51:36
            init: call  @51:17..51:36
              callee: path String::withCapacity  @51:17..51:36
              arg: int 8  @51:17..51:36
          expr  @51:20..51:34
            call  @51:20..51:34
              callee: field appendTo  @51:20..51:34
                field size  @51:20..51:34
                  index  @51:20..51:29
                    base: name copies  @51:20..51:26
                    index: int 1  @51:27..51:28
              arg: unary &var  @51:20..51:34
                name text#  @51:20..51:34
          expr  @51:17..51:36
            unary move  @51:17..51:36
              name text#  @51:17..51:36
