---
source: crates/wip-lang/tests/cases.rs
---
[E0337] Error: no field `len` on `[i64]`
   ╭─[ err/184_len_is_a_method/main.wip:5:40 ]
   │
 5 │ fn count(values: &[i64]): i64 = values.len
   │                                        ─┬─  
   │                                         ╰─── a method, not a field
   │ 
   │ Help: call it: `len()`
   │ 
   │ Note: a method is not a value: it can only be called
───╯
[E0337] Error: no field `len` on `[i64; 3]`
    ╭─[ err/184_len_is_a_method/main.wip:10:11 ]
    │
 10 │     array.len + "abc".len + vector.len + count(&array)
    │           ─┬─  
    │            ╰─── a method, not a field
    │ 
    │ Help: call it: `len()`
    │ 
    │ Note: a method is not a value: it can only be called
────╯
[E0337] Error: no field `len` on `str`
    ╭─[ err/184_len_is_a_method/main.wip:10:23 ]
    │
 10 │     array.len + "abc".len + vector.len + count(&array)
    │                       ─┬─  
    │                        ╰─── a method, not a field
    │ 
    │ Help: call it: `len()`
    │ 
    │ Note: a method is not a value: it can only be called
────╯
[E0337] Error: no field `len` on `Vec<i64>`
    ╭─[ err/184_len_is_a_method/main.wip:10:36 ]
    │
 10 │     array.len + "abc".len + vector.len + count(&array)
    │                                    ─┬─  
    │                                     ╰─── a method, not a field
    │ 
    │ Help: call it: `len()`
    │ 
    │ Note: a method is not a value: it can only be called
────╯
