---
source: tests/gate
---
[E0314] Error: `Vec<i64>` cannot be a field of an `extern struct`
    ╭─[ err/128_extern_structs/main.wip:15:12 ]
    │
 15 │     owned: Vec<i64>,
    │            ────┬───
    │                ╰───── not a type C can hold
    │
    │ Note: an `extern struct` promises C's layout, so its fields are what C writes: integers of up to 64 bits, `f32`, `f64`, `bool`, `cstring`, `ptr<T>`, fixed arrays of those, other `extern struct`s, and a C function pointer as `Option<(…) => R>`, which may be null as C's is
────╯
[E0314] Error: `Plain` cannot be a field of an `extern struct`
    ╭─[ err/128_extern_structs/main.wip:16:10 ]
    │
 16 │     wip: Plain
    │          ──┬──
    │            ╰──── not a type C can hold
    │
    │ Note: an `extern struct` promises C's layout, so its fields are what C writes: integers of up to 64 bits, `f32`, `f64`, `bool`, `cstring`, `ptr<T>`, fixed arrays of those, other `extern struct`s, and a C function pointer as `Option<(…) => R>`, which may be null as C's is
────╯
[E0213] Error: an `extern struct` cannot be generic
    ╭─[ err/128_extern_structs/main.wip:19:23 ]
    │
 19 │ extern struct Generic<T> {
    │                       ┬
    │                       ╰── a type parameter
    │
    │ Note: it is a layout C writes too, and C has no type parameters
────╯
[E0314] Error: `T` cannot be a field of an `extern struct`
    ╭─[ err/128_extern_structs/main.wip:20:12 ]
    │
 20 │     value: T
    │            ┬
    │            ╰── not a type C can hold
    │
    │ Note: an `extern struct` promises C's layout, so its fields are what C writes: integers of up to 64 bits, `f32`, `f64`, `bool`, `cstring`, `ptr<T>`, fixed arrays of those, other `extern struct`s, and a C function pointer as `Option<(…) => R>`, which may be null as C's is
────╯
