---
source: crates/wip-lang/tests/cases.rs
---
[E0303] Error: cannot apply `&` to `bool`
   ╭─[ err/62_bitwise_operands/main.wip:9:22 ]
   │
 9 │     val both = ready & done
   │                ──┬── ┬ ──┬─  
   │                  ╰─────────── `bool`
   │                      │   │   
   │                      ╰─────── bitwise operators need integer operands
   │                          │   
   │                          ╰─── `bool`
   │ 
   │ Help: for logical and, write `&&`
───╯
[E0303] Error: cannot apply `|` to `bool`
    ╭─[ err/62_bitwise_operands/main.wip:10:24 ]
    │
 10 │     val either = ready | done
    │                  ──┬── ┬ ──┬─  
    │                    ╰─────────── `bool`
    │                        │   │   
    │                        ╰─────── bitwise operators need integer operands
    │                            │   
    │                            ╰─── `bool`
    │ 
    │ Help: for logical or, write `||`
────╯
[E0303] Error: cannot apply `^` to `bool`
    ╭─[ err/62_bitwise_operands/main.wip:11:24 ]
    │
 11 │     val differ = ready ^ done
    │                  ──┬── ┬ ──┬─  
    │                    ╰─────────── `bool`
    │                        │   │   
    │                        ╰─────── bitwise operators need integer operands
    │                            │   
    │                            ╰─── `bool`
    │ 
    │ Help: for `bool`, `!=` is exclusive or
────╯
[E0303] Error: cannot apply `&` to `f64`
    ╭─[ err/62_bitwise_operands/main.wip:12:20 ]
    │
 12 │     val half = 1.5 & 2.0
    │                ─┬─ ┬ ─┬─  
    │                 ╰───────── `f64`
    │                    │  │   
    │                    ╰────── bitwise operators need integer operands
    │                       │   
    │                       ╰─── `f64`
────╯
[E0303] Error: cannot apply `&` to `u8` and `i64`
    ╭─[ err/62_bitwise_operands/main.wip:14:23 ]
    │
 14 │     val mixed = small & 2 as i64
    │                 ──┬── ┬ ────┬───  
    │                   ╰─────────────── `u8`
    │                       │     │     
    │                       ╰─────────── operands of different types
    │                             │     
    │                             ╰───── `i64`
    │ 
    │ Note: Wip has no implicit numeric conversions
────╯
[E0303] Error: cannot apply `!` to `f64`
    ╭─[ err/62_bitwise_operands/main.wip:15:19 ]
    │
 15 │     val flipped = !2.5
    │                   ──┬─  
    │                     ╰─── `!` needs a `bool` or an integer
────╯
