---
source: crates/wip-lang/tests/cases.rs
---
=== main.wip ===
import std::io  @10:1..10:15
struct Point  @12:1..15:2
  field x  @13:5..13:11
    i64  @13:8..13:11
  field y  @14:5..14:11
    i64  @14:8..14:11
fn area  @17:1..17:55
  param width  @17:9..17:19
    i64  @17:16..17:19
  param height  @17:21..17:32
    i64  @17:29..17:32
  ret: i64  @17:35..17:38
  body: binary *  @17:41..17:55
    name width  @17:41..17:46
    name height  @17:49..17:55
fn main  @19:1..39:2
  body: block  @19:13..39:2
    val some  @20:5..20:37
      type: Option  @20:15..20:26
        arg: i64  @20:22..20:25
      init: call  @20:29..20:37
        callee: path .Some  @20:29..20:34
        arg: int 2  @20:35..20:36
    val doubled  @21:5..23:22
      init: paren  @21:19..23:22
        call  @21:20..23:21
          callee: field unwrapOr  @21:20..23:18
            call  @21:20..22:32
              callee: field map  @21:20..22:13
                name some  @21:20..21:24
              arg: lambda  @22:14..22:31
                param v  @22:15..22:21
                  i64  @22:18..22:21
                body: binary *  @22:26..22:31
                  name v  @22:26..22:27
                  int 2  @22:30..22:31
          arg: int 0  @23:19..23:20
    expr  @24:5..24:26
      call  @24:5..24:26
        callee: path io::printInt  @24:5..24:17
        arg: name doubled  @24:18..24:25
    val total  @26:5..28:13
      init: paren  @26:17..28:13
        binary +  @26:18..28:12
          binary +  @26:18..27:12
            int 1  @26:18..26:19
            int 2  @27:11..27:12
          int 3  @28:11..28:12
    expr  @29:5..29:24
      call  @29:5..29:24
        callee: path io::printInt  @29:5..29:17
        arg: name total  @29:18..29:23
    expr  @31:5..34:7
      call  @31:5..34:7
        callee: path io::printInt  @31:5..31:17
        arg: call  @31:18..34:6
          callee: name area  @31:18..31:22
          arg width: int 3  @32:16..32:17
          arg height: int 4  @33:17..33:18
    val here  @36:5..36:33
      init: call  @36:16..36:33
        callee: name Point  @36:16..36:21
        arg x: int 4  @36:25..36:26
        arg y: int 5  @36:31..36:32
    expr  @37:5..38:22
      call  @37:5..38:22
        callee: path io::printInt  @37:5..37:17
        arg: binary +  @37:18..38:21
          paren  @37:18..38:12
            field x  @37:19..38:11
              name here  @37:19..37:23
          field y  @38:15..38:21
            name here  @38:15..38:19
