---
source: tests/gate
---
=== main.wip ===
import std::io  @14:1..14:15
@derive(Text)  @16:1..16:14
struct Point  @17:1..20:2
  field x  @18:5..18:11
    i64  @18:8..18:11
  field y  @19:5..19:11
    i64  @19:8..19:11
@derive(Text)  @22:1..22:14
struct World  @23:1..28:2
  field ticks  @24:5..24:19
    i64  @24:12..24:15
    default: int 0  @24:18..24:19
  field running  @25:5..25:25
    bool  @25:14..25:18
    default: bool true  @25:21..25:25
  field at  @26:5..26:34
    Point  @26:9..26:14
    default: call  @26:17..26:34
      callee: name Point  @26:17..26:22
      arg x: int 1  @26:26..26:27
      arg y: int 2  @26:32..26:33
  field counts  @27:5..27:33
    array 3  @27:13..27:21
      i64  @27:14..27:17
    default: array  @27:24..27:33
      int 1  @27:25..27:26
      int 2  @27:28..27:29
      int 3  @27:31..27:32
@derive(Text)  @30:1..30:14
enum Shape  @31:1..34:2
  variant Round  @32:5..32:38
    field centre  @32:11..32:24
      Point  @32:19..32:24
    field radius  @32:26..32:37
      i64  @32:34..32:37
  variant Quit  @33:5..33:9
@derive(Text)  @36:1..36:14
struct Empty  @37:1..37:16
@derive(Text)  @39:1..39:14
struct Holder  @40:1..42:2
  type param T: Text  @40:15..40:22
  field value  @41:5..41:13
    T  @41:12..41:13
struct Secret  @46:1..48:2
  field code  @47:5..47:14
    i64  @47:11..47:14
extend Secret: Text  @50:1..52:2
  fn appendTo  @51:5..51:57
    param out  @51:17..51:33
      ref var  @51:22..51:33
        String  @51:27..51:33
    body: call  @51:37..51:57
      callee: field push  @51:37..51:45
        name out  @51:37..51:40
      arg: str "a secret"  @51:46..51:56
fn main  @54:1..62:2
  body: block  @54:13..62:2
    expr  @55:5..55:40
      call  @55:5..55:40
        callee: path io::println  @55:5..55:16
        arg: block  @55:17..55:39
          var text#  @55:17..55:39
            init: call  @55:17..55:39
              callee: path String::withCapacity  @55:17..55:39
              arg: int 8  @55:17..55:39
          expr  @55:20..55:37
            call  @55:20..55:37
              callee: field appendTo  @55:20..55:37
                call  @55:20..55:37
                  callee: name Point  @55:20..55:25
                  arg x: int 7  @55:29..55:30
                  arg y: int 8  @55:35..55:36
              arg: unary &var  @55:20..55:37
                name text#  @55:20..55:37
          expr  @55:17..55:39
            unary move  @55:17..55:39
              name text#  @55:17..55:39
    expr  @56:5..56:30
      call  @56:5..56:30
        callee: path io::println  @56:5..56:16
        arg: block  @56:17..56:29
          var text#  @56:17..56:29
            init: call  @56:17..56:29
              callee: path String::withCapacity  @56:17..56:29
              arg: int 8  @56:17..56:29
          expr  @56:20..56:27
            call  @56:20..56:27
              callee: field appendTo  @56:20..56:27
                call  @56:20..56:27
                  callee: name World  @56:20..56:25
              arg: unary &var  @56:20..56:27
                name text#  @56:20..56:27
          expr  @56:17..56:29
            unary move  @56:17..56:29
              name text#  @56:17..56:29
    expr  @57:5..57:73
      call  @57:5..57:73
        callee: path io::println  @57:5..57:16
        arg: block  @57:17..57:72
          var text#  @57:17..57:72
            init: call  @57:17..57:72
              callee: path String::withCapacity  @57:17..57:72
              arg: int 8  @57:17..57:72
          expr  @57:20..57:70
            call  @57:20..57:70
              callee: field appendTo  @57:20..57:70
                call  @57:20..57:70
                  callee: path Shape::Round  @57:20..57:32
                  arg centre: call  @57:41..57:58
                    callee: name Point  @57:41..57:46
                    arg x: int 0  @57:50..57:51
                    arg y: int 3  @57:56..57:57
                  arg radius: int 5  @57:68..57:69
              arg: unary &var  @57:20..57:70
                name text#  @57:20..57:70
          expr  @57:17..57:72
            unary move  @57:17..57:72
              name text#  @57:17..57:72
    expr  @58:5..58:34
      call  @58:5..58:34
        callee: path io::println  @58:5..58:16
        arg: block  @58:17..58:33
          var text#  @58:17..58:33
            init: call  @58:17..58:33
              callee: path String::withCapacity  @58:17..58:33
              arg: int 8  @58:17..58:33
          expr  @58:20..58:31
            call  @58:20..58:31
              callee: field appendTo  @58:20..58:31
                path Shape::Quit  @58:20..58:31
              arg: unary &var  @58:20..58:31
                name text#  @58:20..58:31
          expr  @58:17..58:33
            unary move  @58:17..58:33
              name text#  @58:17..58:33
    expr  @59:5..59:30
      call  @59:5..59:30
        callee: path io::println  @59:5..59:16
        arg: block  @59:17..59:29
          var text#  @59:17..59:29
            init: call  @59:17..59:29
              callee: path String::withCapacity  @59:17..59:29
              arg: int 8  @59:17..59:29
          expr  @59:20..59:27
            call  @59:20..59:27
              callee: field appendTo  @59:20..59:27
                call  @59:20..59:27
                  callee: name Empty  @59:20..59:25
              arg: unary &var  @59:20..59:27
                name text#  @59:20..59:27
          expr  @59:17..59:29
            unary move  @59:17..59:29
              name text#  @59:17..59:29
    expr  @60:5..60:73
      call  @60:5..60:73
        callee: path io::println  @60:5..60:16
        arg: block  @60:17..60:72
          var text#  @60:17..60:72
            init: call  @60:17..60:72
              callee: path String::withCapacity  @60:17..60:72
              arg: int 17  @60:17..60:72
          expr  @60:20..60:41
            call  @60:20..60:41
              callee: field appendTo  @60:20..60:41
                call  @60:20..60:41
                  callee: path Holder  @60:20..60:31
                    type args after segment 1  @60:26..60:31
                      i64  @60:27..60:30
                  arg value: int 1  @60:39..60:40
              arg: unary &var  @60:20..60:41
                name text#  @60:20..60:41
          expr  @60:41..60:45
            call  @60:41..60:45
              callee: field push  @60:41..60:45
                name text#  @60:41..60:45
              arg: str " "  @60:41..60:45
          expr  @60:45..60:70
            call  @60:45..60:70
              callee: field appendTo  @60:45..60:70
                call  @60:45..60:70
                  callee: path Holder  @60:45..60:57
                    type args after segment 1  @60:51..60:57
                      bool  @60:52..60:56
                  arg value: bool true  @60:65..60:69
              arg: unary &var  @60:45..60:70
                name text#  @60:45..60:70
          expr  @60:17..60:72
            unary move  @60:17..60:72
              name text#  @60:17..60:72
    expr  @61:5..61:38
      call  @61:5..61:38
        callee: path io::println  @61:5..61:16
        arg: block  @61:17..61:37
          var text#  @61:17..61:37
            init: call  @61:17..61:37
              callee: path String::withCapacity  @61:17..61:37
              arg: int 8  @61:17..61:37
          expr  @61:20..61:35
            call  @61:20..61:35
              callee: field appendTo  @61:20..61:35
                call  @61:20..61:35
                  callee: name Secret  @61:20..61:26
                  arg code: int 1  @61:33..61:34
              arg: unary &var  @61:20..61:35
                name text#  @61:20..61:35
          expr  @61:17..61:37
            unary move  @61:17..61:37
              name text#  @61:17..61:37
