---
source: tests/gate
---
=== main.wip ===
import std::io  @10:1..10:15
enum Mode  @12:1..15:2
  variant Read  @13:5..13:9
  variant Write  @14:5..14:10
struct Limits  @17:1..20:2
  field low  @18:5..18:13
    i64  @18:10..18:13
  field high  @19:5..19:14
    i64  @19:11..19:14
enum Shape  @22:1..25:2
  variant Rect  @23:5..23:34
    field width  @23:10..23:20
      i64  @23:17..23:20
    field height  @23:22..23:33
      i64  @23:30..23:33
  variant Circle  @24:5..24:24
    field radius  @24:12..24:23
      i64  @24:20..24:23
enum Maybe  @27:1..30:2
  type param T  @27:12..27:13
  variant Some  @28:5..28:19
    field value  @28:10..28:18
      T  @28:17..28:18
  variant None  @29:5..29:9
struct Token  @32:1..34:2
  field id  @33:5..33:12
    i64  @33:9..33:12
fn area  @36:1..36:55
  param width  @36:9..36:19
    i64  @36:16..36:19
  param height  @36:21..36:32
    i64  @36:29..36:32
  ret: i64  @36:35..36:38
  body: binary *  @36:41..36:55
    name width  @36:41..36:46
    name height  @36:49..36:55
fn say  @38:1..41:2
  param x  @38:8..38:14
    i64  @38:11..38:14
  ret: i64  @38:17..38:20
  body: block  @38:23..41:2
    expr  @39:5..39:20
      call  @39:5..39:20
        callee: path io::printInt  @39:5..39:17
        arg: name x  @39:18..39:19
    expr  @40:5..40:6
      name x  @40:5..40:6
fn open  @43:1..46:2
  param mode  @43:9..43:27
    Mode  @43:15..43:19
    default: path .Read  @43:22..43:27
  param buffer  @43:29..43:47
    i64  @43:37..43:40
    default: int 4096  @43:43..43:47
  param limits  @43:49..43:90
    Limits  @43:57..43:63
    default: call  @43:66..43:90
      callee: name Limits  @43:66..43:72
      arg low: unary -  @43:78..43:80
        int 3  @43:79..43:80
      arg high: int 7  @43:88..43:89
  ret: i64  @43:93..43:96
  body: match  @43:99..46:2
    scrutinee: name mode  @43:105..43:109
    arm  @44:5..44:20
      pattern: variant .Read  @44:5..44:10
      body: name buffer  @44:14..44:20
    arm  @45:5..45:26
      pattern: variant .Write  @45:5..45:11
      body: field high  @45:15..45:26
        name limits  @45:15..45:21
fn low  @48:1..48:68
  param limits  @48:8..48:49
    Limits  @48:16..48:22
    default: call  @48:25..48:49
      callee: name Limits  @48:25..48:31
      arg low: unary -  @48:37..48:39
        int 3  @48:38..48:39
      arg high: int 7  @48:47..48:48
  ret: i64  @48:52..48:55
  body: field low  @48:58..48:68
    name limits  @48:58..48:64
fn measure  @50:1..53:2
  param shape  @50:12..50:25
    ref  @50:19..50:25
      Shape  @50:20..50:25
  ret: i64  @50:28..50:31
  body: match  @50:34..53:2
    scrutinee: name shape  @50:40..50:45
    arm  @51:5..51:43
      pattern: variant .Rect(width, height)  @51:5..51:25
      body: binary *  @51:29..51:43
        name width  @51:29..51:34
        name height  @51:37..51:43
    arm  @52:5..52:20
      pattern: variant .Circle(r)  @52:5..52:15
      body: name r  @52:19..52:20
fn unwrapOr  @55:1..58:2
  type param T  @55:13..55:14
  param option  @55:16..55:32
    Maybe  @55:24..55:32
      arg: T  @55:30..55:31
  param default  @55:34..55:44
    T  @55:43..55:44
  ret: T  @55:47..55:48
  body: match  @55:51..58:2
    scrutinee: unary move  @55:57..55:68
      name option  @55:62..55:68
    arm  @56:5..56:23
      pattern: variant .Some(x)  @56:5..56:13
      body: unary move  @56:17..56:23
        name x  @56:22..56:23
    arm  @57:5..57:26
      pattern: variant .None  @57:5..57:10
      body: unary move  @57:14..57:26
        name default  @57:19..57:26
fn scaled  @60:1..60:58
  type param T  @60:11..60:12
  param value  @60:14..60:22
    T  @60:21..60:22
  param factor  @60:24..60:39
    i64  @60:32..60:35
    default: int 2  @60:38..60:39
  ret: i64  @60:42..60:45
  body: binary *  @60:48..60:58
    name factor  @60:48..60:54
    int 5  @60:57..60:58
fn grow  @62:1..62:59
  param total  @62:9..62:24
    ref var  @62:16..62:24
      i64  @62:21..62:24
  param by  @62:26..62:37
    i64  @62:30..62:33
    default: int 1  @62:36..62:37
  body: assign  @62:41..62:59
    target: name total  @62:41..62:46
    value: binary +  @62:49..62:59
      name total  @62:49..62:54
      name by  @62:57..62:59
fn main  @64:1..87:2
  ret: i64  @64:12..64:15
  body: block  @64:18..87:2
    expr  @65:5..65:44
      call  @65:5..65:44
        callee: path io::printInt  @65:5..65:17
        arg: call  @65:18..65:43
          callee: name area  @65:18..65:22
          arg height: int 4  @65:31..65:32
          arg width: int 8  @65:41..65:42
    val ignored  @66:5..66:54
      init: call  @66:19..66:54
        callee: name area  @66:19..66:23
        arg height: call  @66:32..66:38
          callee: name say  @66:32..66:35
          arg: int 2  @66:36..66:37
        arg width: call  @66:47..66:53
          callee: name say  @66:47..66:50
          arg: int 1  @66:51..66:52
    expr  @67:5..67:25
      call  @67:5..67:25
        callee: path io::printInt  @67:5..67:17
        arg: call  @67:18..67:24
          callee: name open  @67:18..67:22
    expr  @68:5..68:37
      call  @68:5..68:37
        callee: path io::printInt  @68:5..68:17
        arg: call  @68:18..68:36
          callee: name open  @68:18..68:22
          arg buffer: int 2048  @68:31..68:35
    expr  @69:5..69:64
      call  @69:5..69:64
        callee: path io::printInt  @69:5..69:17
        arg: call  @69:18..69:63
          callee: name open  @69:18..69:22
          arg: path .Write  @69:23..69:29
          arg limits: call  @69:39..69:62
            callee: name Limits  @69:39..69:45
            arg low: int 0  @69:51..69:52
            arg high: int 1  @69:60..69:61
    expr  @70:5..70:37
      call  @70:5..70:37
        callee: path io::printInt  @70:5..70:17
        arg: call  @70:18..70:36
          callee: name open  @70:18..70:22
          arg mode: path .Write  @70:29..70:35
    expr  @71:5..71:24
      call  @71:5..71:24
        callee: path io::printInt  @71:5..71:17
        arg: call  @71:18..71:23
          callee: name low  @71:18..71:21
    expr  @72:5..72:27
      call  @72:5..72:27
        callee: path io::printInt  @72:5..72:17
        arg value: int 5  @72:25..72:26
    expr  @73:5..73:60
      call  @73:5..73:60
        callee: path io::printInt  @73:5..73:17
        arg: call  @73:18..73:59
          callee: name measure  @73:18..73:25
          arg: call  @73:26..73:58
            callee: path Shape::Rect  @73:26..73:37
            arg height: int 3  @73:46..73:47
            arg width: int 5  @73:56..73:57
    val width  @74:5..74:18
      init: int 7  @74:17..74:18
    val height  @75:5..75:19
      init: int 1  @75:18..75:19
    expr  @76:5..76:69
      call  @76:5..76:69
        callee: path io::printInt  @76:5..76:17
        arg: call  @76:18..76:68
          callee: name measure  @76:18..76:25
          arg: call  @76:26..76:67
            callee: path Shape::Rect  @76:26..76:37
            arg width: name width  @76:45..76:50
            arg height: name height  @76:60..76:66
    expr  @77:5..77:44
      call  @77:5..77:44
        callee: path io::printInt  @77:5..77:17
        arg: call  @77:18..77:43
          callee: name measure  @77:18..77:25
          arg: call  @77:26..77:42
            callee: path Shape::Circle  @77:26..77:39
            arg: int 8  @77:40..77:41
    expr  @78:5..78:53
      call  @78:5..78:53
        callee: path io::printInt  @78:5..78:17
        arg: call  @78:18..78:52
          callee: name unwrapOr  @78:18..78:26
          arg: call  @78:27..78:48
            callee: path Maybe::Some  @78:27..78:38
            arg value: int 9  @78:46..78:47
          arg: int 0  @78:50..78:51
    expr  @79:5..79:60
      call  @79:5..79:60
        callee: path io::printInt  @79:5..79:17
        arg: call  @79:18..79:59
          callee: name unwrapOr  @79:18..79:26
          arg default: int 0  @79:36..79:37
          arg option: path Maybe::None  @79:47..79:58
    expr  @80:5..80:50
      call  @80:5..80:50
        callee: path io::printInt  @80:5..80:17
        arg: call  @80:18..80:49
          callee: name scaled  @80:18..80:24
          arg value: unary own  @80:32..80:48
            call  @80:36..80:48
              callee: name Token  @80:36..80:41
              arg id: int 1  @80:46..80:47
    var total  @81:5..81:19
      init: int 10  @81:17..81:19
    expr  @82:5..82:35
      call  @82:5..82:35
        callee: name grow  @82:5..82:9
        arg by: int 2  @82:14..82:15
        arg total: unary &var  @82:24..82:34
          name total  @82:29..82:34
    expr  @83:5..83:24
      call  @83:5..83:24
        callee: path io::printInt  @83:5..83:17
        arg: name total  @83:18..83:23
    expr  @84:5..84:21
      call  @84:5..84:21
        callee: name grow  @84:5..84:9
        arg: unary &var  @84:10..84:20
          name total  @84:15..84:20
    expr  @85:5..85:28
      call  @85:5..85:28
        callee: path io::printInt  @85:5..85:17
        arg: binary -  @85:18..85:27
          name total  @85:18..85:23
          int 9  @85:26..85:27
    expr  @86:5..86:6
      int 0  @86:5..86:6
