---
source: tests/gate
---
=== main.wip ===
enum Tree  @7:1..10:2
  variant Leaf  @8:5..8:21
    field value  @8:10..8:20
      i64  @8:17..8:20
  variant Node  @9:5..9:32
    field children  @9:10..9:31
      own  @9:20..9:31
        slice  @9:24..9:30
          Tree  @9:25..9:29
fn count  @12:1..21:2
  param t  @12:10..12:18
    ref  @12:13..12:18
      Tree  @12:14..12:18
  ret: i64  @12:21..12:24
  body: match  @12:27..21:2
    scrutinee: name t  @12:33..12:34
    arm  @13:5..13:19
      pattern: variant .Leaf(..)  @13:5..13:14
      body: int 1  @13:18..13:19
    arm  @14:5..20:6
      pattern: variant .Node(children)  @14:5..14:20
      body: block  @14:24..20:6
        var n  @15:9..15:18
          init: int 0  @15:17..15:18
        for  @16:9..18:10
          pattern: binding child  @16:13..16:18
          elements: name children  @16:22..16:30
          body: block  @16:31..18:10
            expr  @17:13..17:31
              assign +=  @17:13..17:31
                target: name n  @17:13..17:14
                value: call  @17:18..17:31
                  callee: name count  @17:18..17:23
                  arg: unary &  @17:24..17:30
                    name child  @17:25..17:30
        expr  @19:9..19:10
          name n  @19:9..19:10
fn main  @23:1..33:2
  body: block  @23:13..33:2
    val named  @24:5..24:48
      init: call  @24:17..24:48
        callee: path Tree::Node  @24:17..24:27
        arg: unary own  @24:28..24:47
          array  @24:32..24:47
            call  @24:33..24:46
              callee: path Tree::Leaf  @24:33..24:43
              arg: int 5  @24:44..24:45
    expr  @25:5..25:31
      assert "assertion failed: count(&named) == 1"  @25:5..25:31
        cond: binary ==  @25:12..25:30
          call  @25:12..25:25
            callee: name count  @25:12..25:17
            arg: unary &  @25:18..25:24
              name named  @25:19..25:24
          int 1  @25:29..25:30
    val t  @26:5..26:92
      init: call  @26:13..26:92
        callee: path Tree::Node  @26:13..26:23
        arg: unary own  @26:24..26:91
          array  @26:28..26:91
            call  @26:29..26:42
              callee: path Tree::Leaf  @26:29..26:39
              arg: int 1  @26:40..26:41
            call  @26:44..26:90
              callee: path Tree::Node  @26:44..26:54
              arg: unary own  @26:55..26:89
                array  @26:59..26:89
                  call  @26:60..26:73
                    callee: path Tree::Leaf  @26:60..26:70
                    arg: int 2  @26:71..26:72
                  call  @26:75..26:88
                    callee: path Tree::Leaf  @26:75..26:85
                    arg: int 3  @26:86..26:87
    expr  @27:5..27:27
      assert "assertion failed: count(&t) == 3"  @27:5..27:27
        cond: binary ==  @27:12..27:26
          call  @27:12..27:21
            callee: name count  @27:12..27:17
            arg: unary &  @27:18..27:20
              name t  @27:19..27:20
          int 3  @27:25..27:26
    val text  @28:5..28:54
      init: unary own  @28:16..28:54
        array  @28:20..28:54
          call  @28:21..28:36
            callee: path String::of  @28:21..28:31
            arg: str "a"  @28:32..28:35
          call  @28:38..28:53
            callee: path String::of  @28:38..28:48
            arg: str "b"  @28:49..28:52
    expr  @29:5..29:28
      assert "assertion failed: text.len() == 2"  @29:5..29:28
        cond: binary ==  @29:12..29:27
          call  @29:12..29:22
            callee: field len  @29:12..29:20
              name text  @29:12..29:16
          int 2  @29:26..29:27
    val owned  @30:5..30:32
      init: call  @30:17..30:32
        callee: path String::of  @30:17..30:27
        arg: str "x"  @30:28..30:31
    val names  @31:5..31:80
      type: Names  @31:16..31:21
      init: call  @31:24..31:80
        callee: path .Many  @31:24..31:29
        arg: unary own  @31:30..31:79
          array  @31:34..31:79
            call  @31:35..31:54
              callee: path .One  @31:35..31:39
              arg: call  @31:40..31:53
                callee: field toStr  @31:40..31:51
                  name owned  @31:40..31:45
            call  @31:56..31:78
              callee: path .Many  @31:56..31:61
              arg: unary own  @31:62..31:77
                array  @31:66..31:77
                  call  @31:67..31:76
                    callee: path .One  @31:67..31:71
                    arg: str "y"  @31:72..31:75
    expr  @32:5..32:31
      assert "assertion failed: depth(&names) == 3"  @32:5..32:31
        cond: binary ==  @32:12..32:30
          call  @32:12..32:25
            callee: name depth  @32:12..32:17
            arg: unary &  @32:18..32:24
              name names  @32:19..32:24
          int 3  @32:29..32:30
view enum Names  @35:1..38:2
  variant One  @36:5..36:19
    field name  @36:9..36:18
      str  @36:15..36:18
  variant Many  @37:5..37:30
    field names  @37:10..37:29
      own  @37:17..37:29
        slice  @37:21..37:28
          Names  @37:22..37:27
fn depth  @40:1..49:2
  param n  @40:10..40:19
    ref  @40:13..40:19
      Names  @40:14..40:19
  ret: i64  @40:22..40:25
  body: match  @40:28..49:2
    scrutinee: name n  @40:34..40:35
    arm  @41:5..41:18
      pattern: variant .One(..)  @41:5..41:13
      body: int 1  @41:17..41:18
    arm  @42:5..48:6
      pattern: variant .Many(names)  @42:5..42:17
      body: block  @42:21..48:6
        var most  @43:9..43:21
          init: int 0  @43:20..43:21
        for  @44:9..46:10
          pattern: binding inner  @44:13..44:18
          elements: name names  @44:22..44:27
          body: block  @44:28..46:10
            expr  @45:13..45:43
              assign  @45:13..45:43
                target: name most  @45:13..45:17
                value: call  @45:20..45:43
                  callee: field max  @45:20..45:28
                    name most  @45:20..45:24
                  arg: call  @45:29..45:42
                    callee: name depth  @45:29..45:34
                    arg: unary &  @45:35..45:41
                      name inner  @45:36..45:41
        expr  @47:9..47:17
          binary +  @47:9..47:17
            name most  @47:9..47:13
            int 1  @47:16..47:17
