---
source: tests/gate
---
[E0304] Error: cannot assign to `p`
    ╭─[ err/188_copied_guard_bindings/main.wip:18:5 ]
    │
 15 │     val .Some(p) = h.point else {
    │               ┬
    │               ╰── a copy, taken by the `val`
    │
 18 │     p.x = 5
    │     ─┬─
    │      ╰─── cannot be assigned
    │
    │ Help: a `val … else` binding of plain data is a copy: take the value apart with `match`, whose bindings are the place itself
────╯
