---
source: tests/gate
---
[E0301] Error: mismatched types
   ╭─[ err/195_variant_defaults/main.wip:7:21 ]
   │
 7 │     Full(value: T = 0),
   │                     ┬
   │                     ╰── expected `T`, found `i64`
───╯
[E0302] Error: `Shape::Circle` has 1 field
    ╭─[ err/195_variant_defaults/main.wip:17:13 ]
    │
 17 │     val a = Shape::Circle
    │             ──────┬──────
    │                   ╰──────── missing its fields
    │
    │ Help: write `Shape::Circle()`, which takes the defaults
────╯
[E0302] Error: `Shape::Rect` is missing the field `height`
    ╭─[ err/195_variant_defaults/main.wip:18:13 ]
    │
 18 │     val b = Shape::Rect()
    │             ──────┬──────
    │                   ╰──────── missing `height`
────╯
