---
source: tests/gate
---
=== main.wip ===
import std::io  @9:1..9:15
struct Token  @11:1..13:2
  field id  @12:5..12:12
    i64  @12:9..12:12
struct Pair  @15:1..18:2
  field a  @16:5..16:18
    own  @16:8..16:18
      Token  @16:12..16:17
  field b  @17:5..17:11
    i64  @17:8..17:11
enum Slot  @20:1..23:2
  variant Two  @21:5..21:38
    field a  @21:9..21:22
      own  @21:12..21:22
        Token  @21:16..21:21
    field b  @21:24..21:37
      own  @21:27..21:37
        Token  @21:31..21:36
  variant None  @22:5..22:9
fn take  @25:1..25:47
  param t  @25:9..25:22
    own  @25:12..25:22
      Token  @25:16..25:21
  param n  @25:24..25:30
    i64  @25:27..25:30
  ret: i64  @25:33..25:36
  body: binary +  @25:39..25:47
    field id  @25:39..25:43
      name t  @25:39..25:40
    name n  @25:46..25:47
fn f  @27:1..30:2
  param i  @27:6..27:12
    i64  @27:9..27:12
  ret: i64  @27:15..27:18
  body: block  @27:21..30:2
    val p  @28:5..28:76
      init: call  @28:13..28:76
        callee: name Pair  @28:13..28:17
        arg a: unary own  @28:21..28:37
          call  @28:25..28:37
            callee: name Token  @28:25..28:30
            arg id: name i  @28:35..28:36
        arg b: if  @28:42..28:75
          cond: binary ==  @28:45..28:51
            name i  @28:45..28:46
            int 3  @28:50..28:51
          then: block  @28:52..28:64
            return  @28:54..28:62
              int 0  @28:61..28:62
          else: block  @28:70..28:75
            expr  @28:72..28:73
              int 1  @28:72..28:73
    expr  @29:5..29:8
      field b  @29:5..29:8
        name p  @29:5..29:6
fn g  @32:1..35:2
  param i  @32:6..32:12
    i64  @32:9..32:12
  ret: i64  @32:15..32:18
  body: block  @32:21..35:2
    val xs  @33:5..33:82
      init: array  @33:14..33:82
        unary own  @33:15..33:31
          call  @33:19..33:31
            callee: name Token  @33:19..33:24
            arg id: name i  @33:29..33:30
        if  @33:33..33:81
          cond: binary ==  @33:36..33:42
            name i  @33:36..33:37
            int 3  @33:41..33:42
          then: block  @33:43..33:55
            return  @33:45..33:53
              int 0  @33:52..33:53
          else: block  @33:61..33:81
            expr  @33:63..33:79
              unary own  @33:63..33:79
                call  @33:67..33:79
                  callee: name Token  @33:67..33:72
                  arg id: int 1  @33:77..33:78
    expr  @34:5..34:6
      int 1  @34:5..34:6
fn h  @37:1..40:2
  param i  @37:6..37:12
    i64  @37:9..37:12
  ret: i64  @37:15..37:18
  body: block  @37:21..40:2
    val p  @38:5..38:84
      init: unary own  @38:13..38:84
        call  @38:17..38:84
          callee: name Pair  @38:17..38:21
          arg a: unary own  @38:25..38:41
            call  @38:29..38:41
              callee: name Token  @38:29..38:34
              arg id: name i  @38:39..38:40
          arg b: binary +  @38:46..38:83
            int 1  @38:46..38:47
            if  @38:50..38:83
              cond: binary ==  @38:53..38:59
                name i  @38:53..38:54
                int 3  @38:58..38:59
              then: block  @38:60..38:72
                return  @38:62..38:70
                  int 0  @38:69..38:70
              else: block  @38:78..38:83
                expr  @38:80..38:81
                  int 1  @38:80..38:81
    expr  @39:5..39:8
      field b  @39:5..39:8
        name p  @39:5..39:6
fn k  @42:1..45:2
  param i  @42:6..42:12
    i64  @42:9..42:12
  ret: i64  @42:15..42:18
  body: block  @42:21..45:2
    val s  @43:5..43:96
      init: call  @43:13..43:96
        callee: path Slot::Two  @43:13..43:22
        arg a: unary own  @43:26..43:42
          call  @43:30..43:42
            callee: name Token  @43:30..43:35
            arg id: name i  @43:40..43:41
        arg b: if  @43:47..43:95
          cond: binary ==  @43:50..43:56
            name i  @43:50..43:51
            int 3  @43:55..43:56
          then: block  @43:57..43:69
            return  @43:59..43:67
              int 0  @43:66..43:67
          else: block  @43:75..43:95
            expr  @43:77..43:93
              unary own  @43:77..43:93
                call  @43:81..43:93
                  callee: name Token  @43:81..43:86
                  arg id: int 1  @43:91..43:92
    expr  @44:5..44:6
      int 2  @44:5..44:6
fn main  @47:1..56:2
  ret: i64  @47:12..47:15
  body: block  @47:18..56:2
    var total  @48:5..48:18
      init: int 0  @48:17..48:18
    for  @49:5..53:6
      pattern: binding i  @49:9..49:10
      from: int 0  @49:14..49:15
      to: int 5  @49:17..49:18
      body: block  @49:19..53:6
        expr  @50:9..50:50
          assign  @50:9..50:50
            target: name total  @50:9..50:14
            value: binary +  @50:17..50:50
              binary +  @50:17..50:43
                binary +  @50:17..50:36
                  binary +  @50:17..50:29
                    name total  @50:17..50:22
                    call  @50:25..50:29
                      callee: name f  @50:25..50:26
                      arg: name i  @50:27..50:28
                  call  @50:32..50:36
                    callee: name g  @50:32..50:33
                    arg: name i  @50:34..50:35
                call  @50:39..50:43
                  callee: name h  @50:39..50:40
                  arg: name i  @50:41..50:42
              call  @50:46..50:50
                callee: name k  @50:46..50:47
                arg: name i  @50:48..50:49
        expr  @51:9..51:82
          assign  @51:9..51:82
            target: name total  @51:9..51:14
            value: binary +  @51:17..51:82
              name total  @51:17..51:22
              call  @51:25..51:82
                callee: name take  @51:25..51:29
                arg: unary own  @51:30..51:46
                  call  @51:34..51:46
                    callee: name Token  @51:34..51:39
                    arg id: name i  @51:44..51:45
                arg: if  @51:48..51:81
                  cond: binary ==  @51:51..51:57
                    name i  @51:51..51:52
                    int 4  @51:56..51:57
                  then: block  @51:58..51:70
                    continue  @51:60..51:68
                  else: block  @51:76..51:81
                    expr  @51:78..51:79
                      int 1  @51:78..51:79
        val p  @52:9..52:77
          init: call  @52:17..52:77
            callee: name Pair  @52:17..52:21
            arg a: unary own  @52:25..52:41
              call  @52:29..52:41
                callee: name Token  @52:29..52:34
                arg id: name i  @52:39..52:40
            arg b: if  @52:46..52:76
              cond: binary ==  @52:49..52:55
                name i  @52:49..52:50
                int 2  @52:54..52:55
              then: block  @52:56..52:65
                break  @52:58..52:63
              else: block  @52:71..52:76
                expr  @52:73..52:74
                  int 1  @52:73..52:74
    expr  @54:5..54:24
      call  @54:5..54:24
        callee: path io::printInt  @54:5..54:17
        arg: name total  @54:18..54:23
    expr  @55:5..55:6
      int 0  @55:5..55:6
