---
source: crates/wip-lang/tests/cases.rs
---
[E0435] Error: `Loop` is a type alias that names itself
   ╭─[ err/156_type_aliases/main.wip:6:6 ]
   │
 6 │ type Loop = Loop
   │      ──┬─  
   │        ╰─── an endless name
   │ 
   │ Note: an alias stands for the type it names, so one that names itself stands for nothing
───╯
[E0435] Error: `Ping` is a type alias that names itself
   ╭─[ err/156_type_aliases/main.wip:7:6 ]
   │
 7 │ type Ping = Pong
   │      ──┬─  
   │        ╰─── an endless name
   │ 
   │ Note: an alias stands for the type it names, so one that names itself stands for nothing
───╯
[E0435] Error: `Pong` is a type alias that names itself
   ╭─[ err/156_type_aliases/main.wip:8:6 ]
   │
 8 │ type Pong = Ping
   │      ──┬─  
   │        ╰─── an endless name
   │ 
   │ Note: an alias stands for the type it names, so one that names itself stands for nothing
───╯
[E0435] Error: an alias's parameters take no constraints
   ╭─[ err/156_type_aliases/main.wip:9:14 ]
   │
 9 │ type Bounded<T: Eq> = Vec<T>
   │              ──┬──  
   │                ╰──── a constraint
   │ 
   │ Note: an alias is another name for a type, and what that type asks of its arguments is written where it is declared
───╯
[E0338] Error: `Id` is another name for a type, not a type
    ╭─[ err/156_type_aliases/main.wip:13:8 ]
    │
 13 │ extend Id {
    │        ─┬  
    │         ╰── an alias
    │ 
    │ Help: write the block for the type the alias names
    │ 
    │ Note: a method belongs to the type it is declared in, and an alias declares nothing
────╯
[E0211] Error: `Pairs` takes 1 type argument (`T`), but 0 were given
    ╭─[ err/156_type_aliases/main.wip:18:12 ]
    │
 18 │     val a: Pairs = 1
    │            ──┬──  
    │              ╰──── expected 1 type argument
────╯
[E0211] Error: `Id` is not generic, and takes no type arguments
    ╭─[ err/156_type_aliases/main.wip:19:12 ]
    │
 19 │     val b: Id<i64> = 1
    │            ───┬───  
    │               ╰───── expected 0 type arguments
────╯
