---
source: tests/gate
---
=== main.wip ===
import std::io  @10:1..10:15
val START  @12:1..12:14
  value: int 3  @12:13..12:14
struct World  @14:1..19:2
  field ticks  @15:5..15:19
    i64  @15:12..15:15
    default: int 0  @15:18..15:19
  field score  @16:5..16:19
    i64  @16:12..16:15
    default: int 0  @16:18..16:19
  field running  @17:5..17:25
    bool  @17:14..17:18
    default: bool true  @17:21..17:25
  field label  @18:5..18:15
    i64  @18:12..18:15
struct Colour  @21:1..25:2
  field r  @22:5..22:16
    u8  @22:8..22:10
    default: int 255  @22:13..22:16
  field g  @23:5..23:16
    u8  @23:8..23:10
    default: int 255  @23:13..23:16
  field b  @24:5..24:16
    u8  @24:8..24:10
    default: int 255  @24:13..24:16
struct Slot  @27:1..31:2
  field held  @28:5..28:30
    Option  @28:11..28:22
      arg: i64  @28:18..28:21
    default: path .None  @28:25..28:30
  field since  @29:5..29:23
    i64  @29:12..29:15
    default: name START  @29:18..29:23
  field counts  @30:5..30:33
    array 3  @30:13..30:21
      i64  @30:14..30:17
    default: array  @30:24..30:33
      int 1  @30:25..30:26
      int 2  @30:28..30:29
      int 3  @30:31..30:32
fn name  @33:1..36:2
  param held  @33:9..33:27
    ref  @33:15..33:27
      Option  @33:16..33:27
        arg: i64  @33:23..33:26
  ret: str  @33:30..33:33
  body: match  @33:36..36:2
    scrutinee: name held  @33:42..33:46
    arm  @34:5..34:24
      pattern: variant .Some(..)  @34:5..34:14
      body: str "some"  @34:18..34:24
    arm  @35:5..35:20
      pattern: variant .None  @35:5..35:10
      body: str "none"  @35:14..35:20
fn main  @38:1..55:2
  body: block  @38:13..55:2
    val quiet  @39:5..39:32
      init: call  @39:17..39:32
        callee: name World  @39:17..39:22
        arg label: int 1  @39:30..39:31
    expr  @40:5..40:81
      call  @40:5..40:81
        callee: path io::println  @40:5..40:16
        arg: block  @40:17..40:80
          var text#  @40:17..40:80
            init: call  @40:17..40:80
              callee: path String::withCapacity  @40:17..40:80
              arg: int 35  @40:17..40:80
          expr  @40:20..40:31
            call  @40:20..40:31
              callee: field appendTo  @40:20..40:31
                field ticks  @40:20..40:31
                  name quiet  @40:20..40:25
              arg: unary &var  @40:20..40:31
                name text#  @40:20..40:31
          expr  @40:31..40:35
            call  @40:31..40:35
              callee: field push  @40:31..40:35
                name text#  @40:31..40:35
              arg: str " "  @40:31..40:35
          expr  @40:35..40:46
            call  @40:35..40:46
              callee: field appendTo  @40:35..40:46
                field score  @40:35..40:46
                  name quiet  @40:35..40:40
              arg: unary &var  @40:35..40:46
                name text#  @40:35..40:46
          expr  @40:46..40:50
            call  @40:46..40:50
              callee: field push  @40:46..40:50
                name text#  @40:46..40:50
              arg: str " "  @40:46..40:50
          expr  @40:50..40:63
            call  @40:50..40:63
              callee: field appendTo  @40:50..40:63
                field running  @40:50..40:63
                  name quiet  @40:50..40:55
              arg: unary &var  @40:50..40:63
                name text#  @40:50..40:63
          expr  @40:63..40:67
            call  @40:63..40:67
              callee: field push  @40:63..40:67
                name text#  @40:63..40:67
              arg: str " "  @40:63..40:67
          expr  @40:67..40:78
            call  @40:67..40:78
              callee: field appendTo  @40:67..40:78
                field label  @40:67..40:78
                  name quiet  @40:67..40:72
              arg: unary &var  @40:67..40:78
                name text#  @40:67..40:78
          expr  @40:17..40:80
            unary move  @40:17..40:80
              name text#  @40:17..40:80
    val busy  @42:5..42:41
      init: call  @42:16..42:41
        callee: name World  @42:16..42:21
        arg label: int 2  @42:29..42:30
        arg ticks: int 7  @42:39..42:40
    expr  @43:5..43:29
      call  @43:5..43:29
        callee: path io::printInt  @43:5..43:17
        arg: field ticks  @43:18..43:28
          name busy  @43:18..43:22
    val white  @45:5..45:25
      init: call  @45:17..45:25
        callee: name Colour  @45:17..45:23
    expr  @46:5..46:67
      call  @46:5..46:67
        callee: path io::printInt  @46:5..46:17
        arg: binary +  @46:18..46:66
          binary +  @46:18..46:49
            cast  @46:18..46:32
              field r  @46:18..46:25
                name white  @46:18..46:23
              to: i64  @46:29..46:32
            cast  @46:35..46:49
              field g  @46:35..46:42
                name white  @46:35..46:40
              to: i64  @46:46..46:49
          cast  @46:52..46:66
            field b  @46:52..46:59
              name white  @46:52..46:57
            to: i64  @46:63..46:66
    val red  @48:5..48:33
      init: call  @48:15..48:33
        callee: name Colour  @48:15..48:21
        arg g: int 0  @48:25..48:26
        arg b: int 0  @48:31..48:32
    expr  @49:5..49:46
      call  @49:5..49:46
        callee: path io::printInt  @49:5..49:17
        arg: binary +  @49:18..49:45
          cast  @49:18..49:30
            field r  @49:18..49:23
              name red  @49:18..49:21
            to: i64  @49:27..49:30
          cast  @49:33..49:45
            field g  @49:33..49:38
              name red  @49:33..49:36
            to: i64  @49:42..49:45
    val slot  @51:5..51:22
      init: call  @51:16..51:22
        callee: name Slot  @51:16..51:20
    expr  @52:5..52:34
      call  @52:5..52:34
        callee: path io::println  @52:5..52:16
        arg: call  @52:17..52:33
          callee: name name  @52:17..52:21
          arg: unary &  @52:22..52:32
            field held  @52:23..52:32
              name slot  @52:23..52:27
    expr  @53:5..53:29
      call  @53:5..53:29
        callee: path io::printInt  @53:5..53:17
        arg: field since  @53:18..53:28
          name slot  @53:18..53:22
    expr  @54:5..54:67
      call  @54:5..54:67
        callee: path io::printInt  @54:5..54:17
        arg: binary +  @54:18..54:66
          binary +  @54:18..54:49
            index  @54:18..54:32
              base: field counts  @54:18..54:29
                name slot  @54:18..54:22
              index: int 0  @54:30..54:31
            index  @54:35..54:49
              base: field counts  @54:35..54:46
                name slot  @54:35..54:39
              index: int 1  @54:47..54:48
          index  @54:52..54:66
            base: field counts  @54:52..54:63
              name slot  @54:52..54:56
            index: int 2  @54:64..54:65
