---
source: crates/wip-lang/tests/cases.rs
---
=== main.wip ===
import std::io  @7:1..7:15
fn main  @9:1..24:2
  body: block  @9:13..24:2
    var byte  @10:5..10:23
      type: u8  @10:15..10:17
      init: int 250  @10:20..10:23
    for  @11:5..13:6
      pattern: _  @11:9..11:10
      from: int 0  @11:14..11:15
      to: int 10  @11:17..11:19
      body: block  @11:20..13:6
        expr  @12:9..12:19
          assign +%=  @12:9..12:19
            target: name byte  @12:9..12:13
            value: int 1  @12:18..12:19
    var word  @14:5..14:22
      type: u32  @14:15..14:18
      init: int 1  @14:21..14:22
    expr  @15:5..15:15
      assign -%=  @15:5..15:15
        target: name word  @15:5..15:9
        value: int 2  @15:14..15:15
    var half  @16:5..16:24
      type: u16  @16:15..16:18
      init: int 300  @16:21..16:24
    expr  @17:5..17:17
      assign *%=  @17:5..17:17
        target: name half  @17:5..17:9
        value: int 300  @17:14..17:17
    var counts  @18:5..18:38
      type: array 2  @18:17..18:25
        u16  @18:18..18:21
      init: array  @18:28..18:38
        int 65535  @18:29..18:34
        int 0  @18:36..18:37
    var at  @19:5..19:15
      init: int 0  @19:14..19:15
    expr  @20:5..20:21
      assign +%=  @20:5..20:21
        target: index  @20:5..20:15
          base: name counts  @20:5..20:11
          index: name at  @20:12..20:14
        value: int 1  @20:20..20:21
    expr  @21:5..21:12
      assign +=  @21:5..21:12
        target: name at  @21:5..21:7
        value: int 1  @21:11..21:12
    expr  @22:5..22:21
      assign +%=  @22:5..22:21
        target: index  @22:5..22:15
          base: name counts  @22:5..22:11
          index: name at  @22:12..22:14
        value: int 1  @22:20..22:21
    expr  @23:5..23:69
      call  @23:5..23:69
        callee: path io::println  @23:5..23:16
        arg: block  @23:17..23:68
          var text#  @23:17..23:68
            init: call  @23:17..23:68
              callee: path String::withCapacity  @23:17..23:68
              arg: int 44  @23:17..23:68
          expr  @23:20..23:24
            call  @23:20..23:24
              callee: field appendTo  @23:20..23:24
                name byte  @23:20..23:24
              arg: unary &var  @23:20..23:24
                name text#  @23:20..23:24
          expr  @23:24..23:28
            call  @23:24..23:28
              callee: field push  @23:24..23:28
                name text#  @23:24..23:28
              arg: str " "  @23:24..23:28
          expr  @23:28..23:32
            call  @23:28..23:32
              callee: field appendTo  @23:28..23:32
                name word  @23:28..23:32
              arg: unary &var  @23:28..23:32
                name text#  @23:28..23:32
          expr  @23:32..23:36
            call  @23:32..23:36
              callee: field push  @23:32..23:36
                name text#  @23:32..23:36
              arg: str " "  @23:32..23:36
          expr  @23:36..23:40
            call  @23:36..23:40
              callee: field appendTo  @23:36..23:40
                name half  @23:36..23:40
              arg: unary &var  @23:36..23:40
                name text#  @23:36..23:40
          expr  @23:40..23:44
            call  @23:40..23:44
              callee: field push  @23:40..23:44
                name text#  @23:40..23:44
              arg: str " "  @23:40..23:44
          expr  @23:44..23:53
            call  @23:44..23:53
              callee: field appendTo  @23:44..23:53
                index  @23:44..23:53
                  base: name counts  @23:44..23:50
                  index: int 0  @23:51..23:52
              arg: unary &var  @23:44..23:53
                name text#  @23:44..23:53
          expr  @23:53..23:57
            call  @23:53..23:57
              callee: field push  @23:53..23:57
                name text#  @23:53..23:57
              arg: str " "  @23:53..23:57
          expr  @23:57..23:66
            call  @23:57..23:66
              callee: field appendTo  @23:57..23:66
                index  @23:57..23:66
                  base: name counts  @23:57..23:63
                  index: int 1  @23:64..23:65
              arg: unary &var  @23:57..23:66
                name text#  @23:57..23:66
          expr  @23:17..23:68
            unary move  @23:17..23:68
              name text#  @23:17..23:68
