---
source: crates/wip-lang/tests/cases.rs
---
=== main.wip ===
import std::io  @6:1..6:15
struct Style  @8:1..11:2
  field fg  @9:5..9:16
    i64  @9:9..9:12
    default: int 0  @9:15..9:16
  field bold  @10:5..10:23
    bool  @10:11..10:15
    default: bool false  @10:18..10:23
val WIDE  @13:1..13:19
  type: i64  @13:11..13:14
  value: int 80  @13:17..13:19
enum Shape  @15:1..19:2
  variant Circle  @16:5..16:28
    field radius  @16:12..16:27
      i64  @16:20..16:23
      default: int 1  @16:26..16:27
  variant Rect  @17:5..17:75
    field width  @17:10..17:27
      i64  @17:17..17:20
      default: name WIDE  @17:23..17:27
    field height  @17:29..17:40
      i64  @17:37..17:40
    field style  @17:42..17:74
      Style  @17:49..17:54
      default: call  @17:57..17:74
        callee: name Style  @17:57..17:62
        arg bold: bool true  @17:69..17:73
  variant Point  @18:5..18:10
fn show  @21:1..25:2
  param s  @21:9..21:17
    Shape  @21:12..21:17
  ret: String  @21:20..21:26
  body: match  @21:29..25:2
    scrutinee: name s  @21:35..21:36
    arm  @22:5..22:54
      pattern: variant .Circle(radius)  @22:5..22:20
      body: call  @22:24..22:54
        callee: path String::of  @22:24..22:34
        arg: block  @22:35..22:53
          var text#  @22:35..22:53
            init: call  @22:35..22:53
              callee: path String::withCapacity  @22:35..22:53
              arg: int 15  @22:35..22:53
          expr  @22:35..22:45
            call  @22:35..22:45
              callee: field push  @22:35..22:45
                name text#  @22:35..22:45
              arg: str "circle "  @22:35..22:45
          expr  @22:45..22:51
            call  @22:45..22:51
              callee: field appendTo  @22:45..22:51
                name radius  @22:45..22:51
              arg: unary &var  @22:45..22:51
                name text#  @22:45..22:51
          expr  @22:35..22:53
            unary move  @22:35..22:53
              name text#  @22:35..22:53
    arm  @23:5..23:108
      pattern: variant .Rect(width, height, style)  @23:5..23:32
      body: call  @23:36..23:108
        callee: path String::of  @23:36..23:46
        arg: block  @23:47..23:107
          var text#  @23:47..23:107
            init: call  @23:47..23:107
              callee: path String::withCapacity  @23:47..23:107
              arg: int 49  @23:47..23:107
          expr  @23:47..23:55
            call  @23:47..23:55
              callee: field push  @23:47..23:55
                name text#  @23:47..23:55
              arg: str "rect "  @23:47..23:55
          expr  @23:55..23:60
            call  @23:55..23:60
              callee: field appendTo  @23:55..23:60
                name width  @23:55..23:60
              arg: unary &var  @23:55..23:60
                name text#  @23:55..23:60
          expr  @23:60..23:64
            call  @23:60..23:64
              callee: field push  @23:60..23:64
                name text#  @23:60..23:64
              arg: str "x"  @23:60..23:64
          expr  @23:64..23:70
            call  @23:64..23:70
              callee: field appendTo  @23:64..23:70
                name height  @23:64..23:70
              arg: unary &var  @23:64..23:70
                name text#  @23:64..23:70
          expr  @23:70..23:79
            call  @23:70..23:79
              callee: field push  @23:70..23:79
                name text#  @23:70..23:79
              arg: str " bold "  @23:70..23:79
          expr  @23:79..23:89
            call  @23:79..23:89
              callee: field appendTo  @23:79..23:89
                field bold  @23:79..23:89
                  name style  @23:79..23:84
              arg: unary &var  @23:79..23:89
                name text#  @23:79..23:89
          expr  @23:89..23:97
            call  @23:89..23:97
              callee: field push  @23:89..23:97
                name text#  @23:89..23:97
              arg: str ", fg "  @23:89..23:97
          expr  @23:97..23:105
            call  @23:97..23:105
              callee: field appendTo  @23:97..23:105
                field fg  @23:97..23:105
                  name style  @23:97..23:102
              arg: unary &var  @23:97..23:105
                name text#  @23:97..23:105
          expr  @23:47..23:107
            unary move  @23:47..23:107
              name text#  @23:47..23:107
    arm  @24:5..24:34
      pattern: variant .Point  @24:5..24:11
      body: call  @24:15..24:34
        callee: path String::of  @24:15..24:25
        arg: str "point"  @24:26..24:33
view enum View  @28:1..31:2
  variant Text  @29:5..29:44
    field text  @29:10..29:19
      str  @29:16..29:19
    field style  @29:21..29:43
      Style  @29:28..29:33
      default: call  @29:36..29:43
        callee: name Style  @29:36..29:41
  variant Gap  @30:5..30:24
    field lines  @30:9..30:23
      i64  @30:16..30:19
      default: int 1  @30:22..30:23
fn draw  @33:1..36:2
  param v  @33:9..33:16
    View  @33:12..33:16
  ret: String  @33:19..33:25
  body: match  @33:28..36:2
    scrutinee: name v  @33:34..33:35
    arm  @34:5..34:73
      pattern: variant .Text(text, style)  @34:5..34:23
      body: call  @34:27..34:73
        callee: path String::of  @34:27..34:37
        arg: block  @34:38..34:72
          var text#  @34:38..34:72
            init: call  @34:38..34:72
              callee: path String::withCapacity  @34:38..34:72
              arg: int 28  @34:38..34:72
          expr  @34:38..34:46
            call  @34:38..34:46
              callee: field push  @34:38..34:46
                name text#  @34:38..34:46
              arg: str "text "  @34:38..34:46
          expr  @34:46..34:50
            call  @34:46..34:50
              callee: field appendTo  @34:46..34:50
                name text  @34:46..34:50
              arg: unary &var  @34:46..34:50
                name text#  @34:46..34:50
          expr  @34:50..34:60
            call  @34:50..34:60
              callee: field push  @34:50..34:60
                name text#  @34:50..34:60
              arg: str ", bold "  @34:50..34:60
          expr  @34:60..34:70
            call  @34:60..34:70
              callee: field appendTo  @34:60..34:70
                field bold  @34:60..34:70
                  name style  @34:60..34:65
              arg: unary &var  @34:60..34:70
                name text#  @34:60..34:70
          expr  @34:38..34:72
            unary move  @34:38..34:72
              name text#  @34:38..34:72
    arm  @35:5..35:46
      pattern: variant .Gap(lines)  @35:5..35:16
      body: call  @35:20..35:46
        callee: path String::of  @35:20..35:30
        arg: block  @35:31..35:45
          var text#  @35:31..35:45
            init: call  @35:31..35:45
              callee: path String::withCapacity  @35:31..35:45
              arg: int 12  @35:31..35:45
          expr  @35:31..35:38
            call  @35:31..35:38
              callee: field push  @35:31..35:38
                name text#  @35:31..35:38
              arg: str "gap "  @35:31..35:38
          expr  @35:38..35:43
            call  @35:38..35:43
              callee: field appendTo  @35:38..35:43
                name lines  @35:38..35:43
              arg: unary &var  @35:38..35:43
                name text#  @35:38..35:43
          expr  @35:31..35:45
            unary move  @35:31..35:45
              name text#  @35:31..35:45
fn main  @38:1..54:2
  body: block  @38:13..54:2
    expr  @39:5..39:41
      call  @39:5..39:41
        callee: path io::println  @39:5..39:16
        arg: call  @39:17..39:40
          callee: field toStr  @39:17..39:38
            call  @39:17..39:32
              callee: name show  @39:17..39:21
              arg: call  @39:22..39:31
                callee: path .Circle  @39:22..39:29
    expr  @40:5..40:42
      call  @40:5..40:42
        callee: path io::println  @40:5..40:16
        arg: call  @40:17..40:41
          callee: field toStr  @40:17..40:39
            call  @40:17..40:33
              callee: name show  @40:17..40:21
              arg: call  @40:22..40:32
                callee: path .Circle  @40:22..40:29
                arg: int 5  @40:30..40:31
    expr  @41:5..41:48
      call  @41:5..41:48
        callee: path io::println  @41:5..41:16
        arg: call  @41:17..41:47
          callee: field toStr  @41:17..41:45
            call  @41:17..41:39
              callee: name show  @41:17..41:21
              arg: call  @41:22..41:38
                callee: path .Rect  @41:22..41:27
                arg height: int 2  @41:36..41:37
    expr  @42:5..42:58
      call  @42:5..42:58
        callee: path io::println  @42:5..42:16
        arg: call  @42:17..42:57
          callee: field toStr  @42:17..42:55
            call  @42:17..42:49
              callee: name show  @42:17..42:21
              arg: call  @42:22..42:48
                callee: path .Rect  @42:22..42:27
                arg height: int 2  @42:36..42:37
                arg width: int 3  @42:46..42:47
    expr  @43:5..43:69
      call  @43:5..43:69
        callee: path io::println  @43:5..43:16
        arg: call  @43:17..43:68
          callee: field toStr  @43:17..43:66
            call  @43:17..43:60
              callee: name show  @43:17..43:21
              arg: call  @43:22..43:59
                callee: path .Rect  @43:22..43:27
                arg height: int 2  @43:36..43:37
                arg style: call  @43:46..43:58
                  callee: name Style  @43:46..43:51
                  arg fg: int 7  @43:56..43:57
    expr  @44:5..44:44
      call  @44:5..44:44
        callee: path io::println  @44:5..44:16
        arg: call  @44:17..44:43
          callee: field toStr  @44:17..44:41
            call  @44:17..44:35
              callee: name show  @44:17..44:21
              arg: path Shape::Point  @44:22..44:34
    val name  @45:5..45:35
      init: call  @45:16..45:35
        callee: path String::of  @45:16..45:26
        arg: str "title"  @45:27..45:34
    expr  @46:5..46:57
      call  @46:5..46:57
        callee: path io::println  @46:5..46:16
        arg: call  @46:17..46:56
          callee: field toStr  @46:17..46:54
            call  @46:17..46:48
              callee: name draw  @46:17..46:21
              arg: call  @46:22..46:47
                callee: path .Text  @46:22..46:27
                arg text: call  @46:34..46:46
                  callee: field toStr  @46:34..46:44
                    name name  @46:34..46:38
    expr  @47:5..47:77
      call  @47:5..47:77
        callee: path io::println  @47:5..47:16
        arg: call  @47:17..47:76
          callee: field toStr  @47:17..47:74
            call  @47:17..47:68
              callee: name draw  @47:17..47:21
              arg: call  @47:22..47:67
                callee: path .Text  @47:22..47:27
                arg text: str "loud"  @47:34..47:40
                arg style: call  @47:49..47:66
                  callee: name Style  @47:49..47:54
                  arg bold: bool true  @47:61..47:65
    expr  @48:5..48:38
      call  @48:5..48:38
        callee: path io::println  @48:5..48:16
        arg: call  @48:17..48:37
          callee: field toStr  @48:17..48:35
            call  @48:17..48:29
              callee: name draw  @48:17..48:21
              arg: call  @48:22..48:28
                callee: path .Gap  @48:22..48:26
    var first  @51:5..51:39
      init: call  @51:17..51:39
        callee: path Shape::Rect  @51:17..51:28
        arg height: int 1  @51:37..51:38
    expr  @52:5..52:35
      assign  @52:5..52:35
        target: name first  @52:5..52:10
        value: call  @52:13..52:35
          callee: path Shape::Rect  @52:13..52:24
          arg height: int 9  @52:33..52:34
    expr  @53:5..53:37
      call  @53:5..53:37
        callee: path io::println  @53:5..53:16
        arg: call  @53:17..53:36
          callee: field toStr  @53:17..53:34
            call  @53:17..53:28
              callee: name show  @53:17..53:21
              arg: name first  @53:22..53:27
