---
source: tests/gate
---
[E0437] Error: the value of this block borrows `x`, which is dropped where it ends
    ╭─[ err/213_a_reference_as_a_blocks_value/main.wip:10:9 ]
    │
  9 │         val x = 1
    │             ┬
    │             ╰── `x` declared here
 10 │         &x
    │         ─┬
    │          ╰── borrows `x`
    │
    │ Help: declare `x` outside the block, or answer a value that owns its data
    │
    │ Note: a `str`, a view or a `&` reference points into what it borrows, which must live as long as it does
────╯
