---
source: tests/gate
---
[E0210] Error: `HIDDEN` is private to module `lib`
   ╭─[ err/178_importing_constants/main.wip:4:14 ]
   │
 4 │ import lib::{HIDDEN, SHOWN}
   │              ───┬──
   │                 ╰──── a private val
   │
   │ Help: declare it `pub val HIDDEN` to export it
───╯
[E0201] Error: `SHOWN` is imported, and declared in this module too
   ╭─[ err/178_importing_constants/main.wip:4:22 ]
   │
 4 │ import lib::{HIDDEN, SHOWN}
   │                      ──┬──
   │                        ╰──── imported here
   │
 6 │ val SHOWN: i64 = 1
   │     ──┬──
   │       ╰──── declared here
   │
   │ Help: import it under another name: `SHOWN as …`
───╯
