---
source: crates/wip-lang/tests/cases.rs
---
[E0304] Error: cannot assign to `TABLE`, a constant
    ╭─[ err/212_writing_a_constant_table/main.wip:12:5 ]
    │
  5 │ val TABLE: [i64; 3] = [1, 2, 3]
    │     ──┬──  
    │       ╰──── declared here
    │ 
 12 │     TABLE[0] = 5
    │     ────┬───  
    │         ╰───── a constant cannot change
    │ 
    │ Help: to change a copy of it, copy it first: `var copy = TABLE`
    │ 
    │ Note: a top-level `val` is kept once, in memory nothing writes
────╯
[E0412] Error: cannot borrow `TABLE`, a constant, as `&var`
    ╭─[ err/212_writing_a_constant_table/main.wip:13:5 ]
    │
  5 │ val TABLE: [i64; 3] = [1, 2, 3]
    │     ──┬──  
    │       ╰──── declared here
    │ 
 13 │     TABLE.reverse()
    │     ──┬──  
    │       ╰──── a constant cannot change
    │ 
    │ Help: to change a copy of it, copy it first: `var copy = TABLE`
    │ 
    │ Note: a top-level `val` is kept once, in memory nothing writes
────╯
[E0412] Error: cannot borrow `TABLE`, a constant, as `&var`
    ╭─[ err/212_writing_a_constant_table/main.wip:14:15 ]
    │
  5 │ val TABLE: [i64; 3] = [1, 2, 3]
    │     ──┬──  
    │       ╰──── declared here
    │ 
 14 │     bump(&var TABLE)
    │               ──┬──  
    │                 ╰──── a constant cannot change
    │ 
    │ Help: to change a copy of it, copy it first: `var copy = TABLE`
    │ 
    │ Note: a top-level `val` is kept once, in memory nothing writes
────╯
