---
source: crates/wip-lang/tests/cases.rs
---
=== main.wip ===
import std::io  @4:1..4:15
enum Command  @6:1..10:2
  variant Push  @7:5..7:21
    field value  @7:10..7:20
      i64  @7:17..7:20
  variant Pop  @8:5..8:8
  variant Clear  @9:5..9:10
fn run  @12:1..23:2
  param c  @12:8..12:18
    Command  @12:11..12:18
  body: block  @12:22..23:2
    expr  @13:5..22:6
      match  @13:5..22:6
        scrutinee: name c  @13:11..13:12
        arm  @14:9..17:10
          pattern: variant .Push(value: v)  @14:9..14:24
          body: block  @14:28..17:10
            expr  @15:13..15:32
              call  @15:13..15:32
                callee: path io::println  @15:13..15:24
                arg: str "push"  @15:25..15:31
            expr  @16:13..16:28
              call  @16:13..16:28
                callee: path io::printInt  @16:13..16:25
                arg: name v  @16:26..16:27
        arm  @18:9..20:10
          pattern: variant .Pop  @18:9..18:13
          body: block  @18:17..20:10
            expr  @19:13..19:31
              call  @19:13..19:31
                callee: path io::println  @19:13..19:24
                arg: str "pop"  @19:25..19:30
        arm  @21:9..21:39
          pattern: variant .Clear  @21:9..21:15
          body: call  @21:19..21:39
            callee: path io::println  @21:19..21:30
            arg: str "clear"  @21:31..21:38
fn main  @25:1..30:2
  ret: i64  @25:12..25:15
  body: block  @25:18..30:2
    expr  @26:5..26:26
      call  @26:5..26:26
        callee: name run  @26:5..26:8
        arg: call  @26:9..26:25
          callee: path Command::Push  @26:9..26:22
          arg: int 5  @26:23..26:24
    expr  @27:5..27:22
      call  @27:5..27:22
        callee: name run  @27:5..27:8
        arg: path Command::Pop  @27:9..27:21
    expr  @28:5..28:24
      call  @28:5..28:24
        callee: name run  @28:5..28:8
        arg: path Command::Clear  @28:9..28:23
    expr  @29:5..29:6
      int 0  @29:5..29:6
