---
source: crates/wip-lang/tests/cases.rs
---
[E0301] Error: mismatched types
    ╭─[ err/343_container_lent_as_elements/main.wip:17:19 ]
    │
  8 │ fn total(values: &[i64]): i64 = values.len()
    │          ───────┬──────  
    │                 ╰──────── parameter declared here
    │ 
 17 │     val a = total(numbers)
    │                   ───┬───  
    │                      ╰───── expected `&[i64]`, found `Vec<i64>`
    │ 
    │ Help: borrow it, and its elements are lent
────╯
[E0301] Error: mismatched types
    ╭─[ err/343_container_lent_as_elements/main.wip:18:21 ]
    │
 10 │ fn firstOf<T>(xs: &[T]): i64 = xs.len()
    │               ────┬───  
    │                   ╰───── parameter declared here
    │ 
 18 │     val b = firstOf(numbers.items())
    │                     ───────┬───────  
    │                            ╰───────── expected `&[i64]`, found `[i64]`
    │ 
    │ Help: borrow it with `&`
────╯
[E0301] Error: mismatched types
    ╭─[ err/343_container_lent_as_elements/main.wip:19:21 ]
    │
 10 │ fn firstOf<T>(xs: &[T]): i64 = xs.len()
    │               ────┬───  
    │                   ╰───── parameter declared here
    │ 
 19 │     val c = firstOf(numbers)
    │                     ───┬───  
    │                        ╰───── expected `&[i64]`, found `Vec<i64>`
    │ 
    │ Help: borrow it, and its elements are lent
────╯
[E0301] Error: mismatched types
    ╭─[ err/343_container_lent_as_elements/main.wip:20:19 ]
    │
  8 │ fn total(values: &[i64]): i64 = values.len()
    │          ───────┬──────  
    │                 ╰──────── parameter declared here
    │ 
 20 │     val d = total(&ages)
    │                   ──┬──  
    │                     ╰──── expected `&[i64]`, found `&Map<str, i64>`
────╯
[E0301] Error: mismatched types
    ╭─[ err/343_container_lent_as_elements/main.wip:21:10 ]
    │
 12 │ fn zero(xs: &var [i64]) = {}
    │         ───────┬──────  
    │                ╰──────── parameter declared here
    │ 
 21 │     zero(&numbers)
    │          ────┬───  
    │              ╰───── expected `&var [i64]`, found `&Vec<i64>`
    │ 
    │ Help: pass a `&var` reference
────╯
