---
source: crates/wip-lang/tests/cases.rs
---
=== main.wip ===
import std::io  @5:1..5:15
fn doubled  @7:1..13:2
  param text  @7:12..7:21
    str  @7:18..7:21
  ret: Result  @7:24..7:40
    arg: i64  @7:31..7:34
    arg: str  @7:36..7:39
  body: block  @7:43..13:2
    val n  @8:5..11:6
      init: match  @8:13..11:6
        scrutinee: call  @8:19..8:31
          callee: field toInt  @8:19..8:29
            name text  @8:19..8:23
        arm  @9:9..9:20
          pattern: variant .Ok(n)  @9:9..9:15
          body: name n  @9:19..9:20
        arm  @10:9..10:48
          pattern: variant .Err(..)  @10:9..10:17
          body: block  @10:21..10:48
            return  @10:21..10:48
              call  @10:28..10:48
                callee: path .Err  @10:28..10:32
                arg: str "not a number"  @10:33..10:47
    return  @12:5..12:22
      call  @12:12..12:22
        callee: path .Ok  @12:12..12:15
        arg: binary *  @12:16..12:21
          name n  @12:16..12:17
          int 2  @12:20..12:21
fn firstComment  @15:1..24:2
  param lines  @15:17..15:30
    ref  @15:24..15:30
      slice  @15:25..15:30
        str  @15:26..15:29
  ret: Option  @15:33..15:44
    arg: str  @15:40..15:43
  body: block  @15:47..24:2
    for  @16:5..22:6
      pattern: binding line  @16:9..16:13
      elements: name lines  @16:17..16:22
      body: block  @16:23..22:6
        val rest  @17:9..20:10
          init: match  @17:20..20:10
            scrutinee: call  @17:26..17:47
              callee: field stripPrefix  @17:26..17:42
                name line  @17:26..17:30
              arg: str "#"  @17:43..17:46
            arm  @18:13..18:32
              pattern: variant .Some(rest)  @18:13..18:24
              body: name rest  @18:28..18:32
            arm  @19:13..19:30
              pattern: variant .None  @19:13..19:18
              body: block  @19:22..19:30
                continue  @19:22..19:30
        return  @21:9..21:27
          call  @21:16..21:27
            callee: path .Some  @21:16..21:21
            arg: name rest  @21:22..21:26
    return  @23:5..23:17
      path .None  @23:12..23:17
fn counted  @26:1..38:2
  param lines  @26:12..26:25
    ref  @26:19..26:25
      slice  @26:20..26:25
        str  @26:21..26:24
  ret: i64  @26:28..26:31
  body: block  @26:34..38:2
    var n  @27:5..27:14
      init: int 0  @27:13..27:14
    for rows  @28:5..36:6
      pattern: binding line  @28:15..28:19
      elements: name lines  @28:23..28:28
      body: block  @28:29..36:6
        for  @29:9..35:10
          pattern: _  @29:13..29:14
          from: int 0  @29:18..29:19
          to: int 1  @29:21..29:22
          body: block  @29:23..35:10
            expr  @30:13..34:14
              match  @30:13..34:14
                scrutinee: name line  @30:19..30:23
                arm  @31:17..31:36
                  pattern: str "end"  @31:17..31:22
                  body: block  @31:26..31:36
                    break rows  @31:26..31:36
                arm  @32:17..32:36
                  pattern: str ""  @32:17..32:19
                  body: block  @32:23..32:36
                    continue rows  @32:23..32:36
                arm  @33:17..33:28
                  pattern: _  @33:17..33:18
                  body: assign +=  @33:22..33:28
                    target: name n  @33:22..33:23
                    value: int 1  @33:27..33:28
    return  @37:5..37:13
      name n  @37:12..37:13
fn stops  @40:1..45:2
  param early  @40:10..40:21
    bool  @40:17..40:21
  body: block  @40:25..45:2
    expr  @41:5..44:6
      match  @41:5..44:6
        scrutinee: name early  @41:11..41:16
        arm  @42:9..42:23
          pattern: bool true  @42:9..42:13
          body: block  @42:17..42:23
            return  @42:17..42:23
        arm  @43:9..43:40
          pattern: bool false  @43:9..43:14
          body: call  @43:18..43:40
            callee: path io::println  @43:18..43:29
            arg: str "went on"  @43:30..43:39
fn main  @47:1..53:2
  body: block  @47:13..53:2
    expr  @48:5..48:52
      call  @48:5..48:52
        callee: path io::println  @48:5..48:16
        arg: block  @48:17..48:51
          var text#  @48:17..48:51
            init: call  @48:17..48:51
              callee: path String::withCapacity  @48:17..48:51
              arg: int 17  @48:17..48:51
          expr  @48:20..48:33
            call  @48:20..48:33
              callee: field appendTo  @48:20..48:33
                call  @48:20..48:33
                  callee: name doubled  @48:20..48:27
                  arg: str "21"  @48:28..48:32
              arg: unary &var  @48:20..48:33
                name text#  @48:20..48:33
          expr  @48:33..48:37
            call  @48:33..48:37
              callee: field push  @48:33..48:37
                name text#  @48:33..48:37
              arg: str " "  @48:33..48:37
          expr  @48:37..48:49
            call  @48:37..48:49
              callee: field appendTo  @48:37..48:49
                call  @48:37..48:49
                  callee: name doubled  @48:37..48:44
                  arg: str "x"  @48:45..48:48
              arg: unary &var  @48:37..48:49
                name text#  @48:37..48:49
          expr  @48:17..48:51
            unary move  @48:17..48:51
              name text#  @48:17..48:51
    expr  @49:5..49:71
      call  @49:5..49:71
        callee: path io::println  @49:5..49:16
        arg: block  @49:17..49:70
          var text#  @49:17..49:70
            init: call  @49:17..49:70
              callee: path String::withCapacity  @49:17..49:70
              arg: int 17  @49:17..49:70
          expr  @49:20..49:45
            call  @49:20..49:45
              callee: field appendTo  @49:20..49:45
                call  @49:20..49:45
                  callee: name firstComment  @49:20..49:32
                  arg: array  @49:33..49:44
                    str "a"  @49:34..49:37
                    str "#b"  @49:39..49:43
              arg: unary &var  @49:20..49:45
                name text#  @49:20..49:45
          expr  @49:45..49:49
            call  @49:45..49:49
              callee: field push  @49:45..49:49
                name text#  @49:45..49:49
              arg: str " "  @49:45..49:49
          expr  @49:49..49:68
            call  @49:49..49:68
              callee: field appendTo  @49:49..49:68
                call  @49:49..49:68
                  callee: name firstComment  @49:49..49:61
                  arg: array  @49:62..49:67
                    str "a"  @49:63..49:66
              arg: unary &var  @49:49..49:68
                name text#  @49:49..49:68
          expr  @49:17..49:70
            unary move  @49:17..49:70
              name text#  @49:17..49:70
    expr  @50:5..50:58
      call  @50:5..50:58
        callee: path io::println  @50:5..50:16
        arg: block  @50:17..50:57
          var text#  @50:17..50:57
            init: call  @50:17..50:57
              callee: path String::withCapacity  @50:17..50:57
              arg: int 8  @50:17..50:57
          expr  @50:20..50:55
            call  @50:20..50:55
              callee: field appendTo  @50:20..50:55
                call  @50:20..50:55
                  callee: name counted  @50:20..50:27
                  arg: array  @50:28..50:54
                    str "a"  @50:29..50:32
                    str ""  @50:34..50:36
                    str "b"  @50:38..50:41
                    str "end"  @50:43..50:48
                    str "c"  @50:50..50:53
              arg: unary &var  @50:20..50:55
                name text#  @50:20..50:55
          expr  @50:17..50:57
            unary move  @50:17..50:57
              name text#  @50:17..50:57
    expr  @51:5..51:16
      call  @51:5..51:16
        callee: name stops  @51:5..51:10
        arg: bool true  @51:11..51:15
    expr  @52:5..52:17
      call  @52:5..52:17
        callee: name stops  @52:5..52:10
        arg: bool false  @52:11..52:16
