---
source: crates/wip-lang/tests/cases.rs
---
[E0411] Error: `&var` can only be passed as an argument
   ╭─[ err/322_reference_locals/main.wip:6:13 ]
   │
 6 │     val r = &var x
   │             ───┬──  
   │                ╰──── `&var` where no reference is expected
   │ 
   │ Help: write the place directly, or pass it to a function that takes a `&var`
   │ 
   │ Note: a `&var` exists only while a call runs, so that two writers of one place are only ever two arguments of one call
───╯
