---
source: tests/gate
---
=== main.wip ===
import std::io  @7:1..7:15
interface Joiner  @9:1..13:2
  fn open with default  @10:2..10:43
    param out  @10:10..10:26
      ref var  @10:15..10:26
        String  @10:20..10:26
    body: call  @10:30..10:43
      callee: field push  @10:30..10:38
        name out  @10:30..10:33
      arg: str "["  @10:39..10:42
  fn join  @12:2..12:54
    param parts  @12:10..12:23
      ref  @12:17..12:23
        slice  @12:18..12:23
          str  @12:19..12:22
    param times  @12:25..12:35
      i64  @12:32..12:35
    param out  @12:37..12:53
      ref var  @12:42..12:53
        String  @12:47..12:53
struct Bars  @15:1..15:15
struct Spaces  @17:1..17:17
extend Bars: Joiner  @19:1..26:2
  fn join  @20:2..25:3
    param parts  @20:10..20:23
      ref  @20:17..20:23
        slice  @20:18..20:23
          str  @20:19..20:22
    param times  @20:25..20:35
      i64  @20:32..20:35
    param out  @20:37..20:53
      ref var  @20:42..20:53
        String  @20:47..20:53
    body: block  @20:57..25:3
      for  @21:3..23:4
        pattern: _  @21:7..21:8
        from: int 0  @21:12..21:13
        to: name times  @21:15..21:20
        body: block  @21:21..23:4
          expr  @22:4..22:29
            call  @22:4..22:29
              callee: field push  @22:4..22:12
                name out  @22:4..22:7
              arg: call  @22:13..22:28
                callee: field join  @22:13..22:23
                  name parts  @22:13..22:18
                arg: str "|"  @22:24..22:27
      expr  @24:3..24:16
        call  @24:3..24:16
          callee: field push  @24:3..24:11
            name out  @24:3..24:6
          arg: str "]"  @24:12..24:15
extend Spaces: Joiner  @28:1..37:2
  fn open  @29:2..29:43
    param out  @29:10..29:26
      ref var  @29:15..29:26
        String  @29:20..29:26
    body: call  @29:30..29:43
      callee: field push  @29:30..29:38
        name out  @29:30..29:33
      arg: str "<"  @29:39..29:42
  fn join  @31:2..36:3
    param parts  @31:10..31:23
      ref  @31:17..31:23
        slice  @31:18..31:23
          str  @31:19..31:22
    param times  @31:25..31:35
      i64  @31:32..31:35
    param out  @31:37..31:53
      ref var  @31:42..31:53
        String  @31:47..31:53
    body: block  @31:57..36:3
      for  @32:3..34:4
        pattern: _  @32:7..32:8
        from: int 0  @32:12..32:13
        to: name times  @32:15..32:20
        body: block  @32:21..34:4
          expr  @33:4..33:29
            call  @33:4..33:29
              callee: field push  @33:4..33:12
                name out  @33:4..33:7
              arg: call  @33:13..33:28
                callee: field join  @33:13..33:23
                  name parts  @33:13..33:18
                arg: str " "  @33:24..33:27
      expr  @35:3..35:16
        call  @35:3..35:16
          callee: field push  @35:3..35:11
            name out  @35:3..35:6
          arg: str ">"  @35:12..35:15
fn written  @39:1..44:2
  param joiner  @39:12..39:31
    ref  @39:20..39:31
      dyn Joiner  @39:21..39:31
  param parts  @39:33..39:46
    ref  @39:40..39:46
      slice  @39:41..39:46
        str  @39:42..39:45
  ret: String  @39:49..39:55
  body: block  @39:58..44:2
    var out  @40:2..40:20
      init: call  @40:12..40:20
        callee: name String  @40:12..40:18
    expr  @41:2..41:23
      call  @41:2..41:23
        callee: field open  @41:2..41:13
          name joiner  @41:2..41:8
        arg: unary &var  @41:14..41:22
          name out  @41:19..41:22
    expr  @42:2..42:34
      call  @42:2..42:34
        callee: field join  @42:2..42:13
          name joiner  @42:2..42:8
        arg: unary &  @42:14..42:20
          name parts  @42:15..42:20
        arg: int 1  @42:22..42:23
        arg: unary &var  @42:25..42:33
          name out  @42:30..42:33
    return  @43:2..43:17
      unary move  @43:9..43:17
        name out  @43:14..43:17
fn main  @46:1..51:2
  body: block  @46:13..51:2
    val parts  @47:2..47:24
      init: array  @47:14..47:24
        str "a"  @47:15..47:18
        str "b"  @47:20..47:23
    for  @48:2..50:3
      pattern: _  @48:6..48:7
      from: int 0  @48:11..48:12
      to: int 2  @48:14..48:15
      body: block  @48:16..50:3
        expr  @49:3..49:73
          call  @49:3..49:73
            callee: path io::println  @49:3..49:14
            arg: block  @49:15..49:72
              var text#  @49:15..49:72
                init: call  @49:15..49:72
                  callee: path String::withCapacity  @49:15..49:72
                  arg: int 17  @49:15..49:72
              expr  @49:18..49:41
                call  @49:18..49:41
                  callee: field appendTo  @49:18..49:41
                    call  @49:18..49:41
                      callee: name written  @49:18..49:25
                      arg: call  @49:26..49:32
                        callee: name Bars  @49:26..49:30
                      arg: unary &  @49:34..49:40
                        name parts  @49:35..49:40
                  arg: unary &var  @49:18..49:41
                    name text#  @49:18..49:41
              expr  @49:41..49:45
                call  @49:41..49:45
                  callee: field push  @49:41..49:45
                    name text#  @49:41..49:45
                  arg: str " "  @49:41..49:45
              expr  @49:45..49:70
                call  @49:45..49:70
                  callee: field appendTo  @49:45..49:70
                    call  @49:45..49:70
                      callee: name written  @49:45..49:52
                      arg: call  @49:53..49:61
                        callee: name Spaces  @49:53..49:59
                      arg: unary &  @49:63..49:69
                        name parts  @49:64..49:69
                  arg: unary &var  @49:45..49:70
                    name text#  @49:45..49:70
              expr  @49:15..49:72
                unary move  @49:15..49:72
                  name text#  @49:15..49:72
