---
source: tests/gate
---
[E0203] Error: cannot find `prnt` in module `std::io`
   ╭─[ err/87_imports/main.wip:4:28 ]
   │
 4 │ import std::io::{printInt, prnt}
   │                            ──┬─
   │                              ╰─── not declared there
   │
   │ Help: did you mean `print`?
───╯
[E0210] Error: `labs` is a C function that module `lib` declares
   ╭─[ err/87_imports/main.wip:5:14 ]
   │
 5 │ import lib::{labs}
   │              ──┬─
   │                ╰─── an extern declaration
   │
   │ Help: declare `fn labs` in an `extern "C"` block of this module
   │
   │ Note: extern declarations are never exported
───╯
[E0210] Error: `hidden` is private to module `lib`
   ╭─[ err/87_imports/main.wip:6:21 ]
   │
 6 │ import lib::{Shown, hidden, twice}
   │                     ───┬──
   │                        ╰──── a private fn
   │
   │ Help: declare it `pub fn hidden` to export it
───╯
[E0201] Error: `twice` is imported, and declared in this module too
    ╭─[ err/87_imports/main.wip:6:29 ]
    │
  6 │ import lib::{Shown, hidden, twice}
    │                             ──┬──
    │                               ╰──── imported here
    │
 10 │ fn twice(x: i64): i64 = x * 2
    │    ──┬──
    │      ╰──── declared here
    │
    │ Help: import it under another name: `twice as …`
────╯
[E0201] Error: `print` is imported twice
   ╭─[ err/87_imports/main.wip:7:36 ]
   │
 7 │ import std::io::{print, println as print}
   │                  ──┬──             ──┬──
   │                    ╰────────────────────── the first import
   │                                      │
   │                                      ╰──── already bound by another import
   │
   │ Help: give one of them another name with `as`
───╯
[E0209] Error: cannot find module `nowhere`
   ╭─[ err/87_imports/main.wip:8:1 ]
   │
 8 │ import nowhere::{thing}
   │ ───────────┬───────────
   │            ╰───────────── unknown module
   │
   │ Note: a module is a directory below the one the program starts in, named by its path
───╯
