---
source: tests/gate
---
=== main.wip ===
import std::io  @6:1..6:15
import files::{self, open}  @8:1..8:27
fn main  @10:1..14:2
  ret: i64  @10:12..10:15
  body: block  @10:18..14:2
    expr  @11:5..11:34
      call  @11:5..11:34
        callee: path io::printInt  @11:5..11:17
        arg: call  @11:18..11:33
          callee: name open  @11:18..11:22
          arg: str "log.txt"  @11:23..11:32
    expr  @12:5..12:93
      call  @12:5..12:93
        callee: path io::printInt  @12:5..12:17
        arg: call  @12:18..12:92
          callee: name open  @12:18..12:22
          arg options: call  @12:32..12:80
            callee: path files::Options  @12:32..12:46
            arg mode: path files::Mode::Read  @12:53..12:70
            arg size: int 3  @12:78..12:79
          arg path: str "x"  @12:88..12:91
    expr  @13:5..13:6
      int 0  @13:5..13:6
