---
source: tests/gate
---
[E0401] Error: use of moved value `p`
    ╭─[ err/38_borrow_after_move/main.wip:17:19 ]
    │
 16 │     discard(move p)
    │             ───┬──
    │                ╰──── `p` moved here
 17 │     val a = show(&p)
    │                   ┬
    │                   ╰── used here after the move
    │
    │ Note: after `move`, `p` holds no value until it is assigned again
────╯
[E0408] Error: cannot assign to `q.x`: `q` was moved
    ╭─[ err/38_borrow_after_move/main.wip:20:5 ]
    │
 19 │     discard(move q)
    │             ───┬──
    │                ╰──── `q` moved here
 20 │     q.x = 5
    │     ─┬─
    │      ╰─── assigned here
    │
    │ Help: assign all of `q` instead: `q = …`
────╯
