---
source: tests/gate
---
[E0341] Error: `area` does not match `Shape`
    ╭─[ err/97_interfaces/main.wip:21:12 ]
    │
  7 │     fn area(): i64
    │        ──┬─
    │          ╰─── declared here
    │
 21 │     var fn area(): i64 = self.width         // the interface declares `fn`
    │            ──┬─
    │              ╰─── declared `var fn`, and the interface declares `fn`
    │
    │ Note: a method takes the receiver its interface declares
────╯
[E0341] Error: `scaled` does not match `Shape`
    ╭─[ err/97_interfaces/main.wip:22:8 ]
    │
  8 │     fn scaled(by: i64): Self
    │        ───┬──
    │           ╰──── declared here
    │
 22 │     fn scaled(by: i64, extra: i64): Rect = Rect(width: 0)
    │        ───┬──
    │           ╰──── takes 3 parameters, and the interface declares 2
    │
    │ Note: a method takes the parameters its interface declares
────╯
[E0341] Error: `Shape` has no method `extra`
    ╭─[ err/97_interfaces/main.wip:24:8 ]
    │
 24 │     fn extra(): i64 = 1                     // not a method of the interface
    │        ──┬──
    │          ╰──── not a method of the interface
    │
    │ Help: methods that are not the interface's belong in `extend Type { … }`
────╯
[E0340] Error: `Rect` already implements `Shape`
    ╭─[ err/97_interfaces/main.wip:27:8 ]
    │
 20 │ extend Rect: Shape {
    │        ──┬─
    │          ╰─── implemented here
    │
 27 │ extend Rect: Shape {                    // implemented twice
    │        ──┬─
    │          ╰─── implemented again here
    │
    │ Note: a type implements an interface once, so which implementation applies is never in question
────╯
[E0341] Error: `Plain` does not implement 1 method of `Shape`
    ╭─[ err/97_interfaces/main.wip:32:8 ]
    │
 32 │ extend Plain: Shape {                   // `scaled` is missing
    │        ──┬──
    │          ╰──── missing `scaled`
    │
    │ Note: every method without a default must be implemented
────╯
[E0339] Error: cannot find interface `Missing`
    ╭─[ err/97_interfaces/main.wip:36:15 ]
    │
 36 │ extend Plain: Missing {                 // no such interface
    │               ───┬───
    │                  ╰───── unknown interface
    │
    │ Note: an interface is declared `interface Name { … }`
────╯
[E0337] Error: no method `missing` on `T`
    ╭─[ err/97_interfaces/main.wip:40:39 ]
    │
 40 │ fn describe<T: Shape>(x: &T): i64 = x.missing()
    │                                       ───┬───
    │                                          ╰───── unknown method
    │
    │ Note: `T` gives the methods of `Shape`
────╯
[E0212] Error: unknown constraint `Nothing`
    ╭─[ err/97_interfaces/main.wip:42:15 ]
    │
 42 │ fn unknown<T: Nothing>(x: &T): i64 = 0
    │               ───┬───
    │                  ╰───── not a constraint
    │
    │ Note: a constraint is `copy` or an interface
────╯
