---
source: crates/wip-lang/tests/cases.rs
---
=== main.wip ===
import std::io  @9:1..9:15
struct Node  @11:1..16:2
  field value  @12:5..12:15
    i64  @12:12..12:15
  field parent  @13:5..13:16
    i64  @13:13..13:16
  field firstChild  @14:5..14:20
    i64  @14:17..14:20
  field nextSibling  @15:5..15:21
    i64  @15:18..15:21
struct Tree  @18:1..21:2
  field nodes  @19:5..19:22
    array 16  @19:12..19:22
      Node  @19:13..19:17
  field count  @20:5..20:15
    i64  @20:12..20:15
fn add  @23:1..32:2
  param tree  @23:8..23:23
    ref var  @23:14..23:23
      Tree  @23:19..23:23
  param parent  @23:25..23:36
    i64  @23:33..23:36
  param value  @23:38..23:48
    i64  @23:45..23:48
  ret: i64  @23:51..23:54
  body: block  @23:57..32:2
    val id  @24:5..24:24
      init: field count  @24:14..24:24
        name tree  @24:14..24:18
    expr  @25:5..25:89
      assign  @25:5..25:89
        target: index  @25:5..25:19
          base: field nodes  @25:5..25:15
            name tree  @25:5..25:9
          index: name id  @25:16..25:18
        value: call  @25:22..25:89
          callee: name Node  @25:22..25:26
          arg value: name value  @25:34..25:39
          arg parent: name parent  @25:49..25:55
          arg firstChild: unary -  @25:69..25:71
            int 1  @25:70..25:71
          arg nextSibling: unary -  @25:86..25:88
            int 1  @25:87..25:88
    expr  @26:5..29:6
      if  @26:5..29:6
        cond: binary >=  @26:8..26:19
          name parent  @26:8..26:14
          int 0  @26:18..26:19
        then: block  @26:20..29:6
          expr  @27:9..27:67
            assign  @27:9..27:67
              target: field nextSibling  @27:9..27:35
                index  @27:9..27:23
                  base: field nodes  @27:9..27:19
                    name tree  @27:9..27:13
                  index: name id  @27:20..27:22
              value: field firstChild  @27:38..27:67
                index  @27:38..27:56
                  base: field nodes  @27:38..27:48
                    name tree  @27:38..27:42
                  index: name parent  @27:49..27:55
          expr  @28:9..28:43
            assign  @28:9..28:43
              target: field firstChild  @28:9..28:38
                index  @28:9..28:27
                  base: field nodes  @28:9..28:19
                    name tree  @28:9..28:13
                  index: name parent  @28:20..28:26
              value: name id  @28:41..28:43
    expr  @30:5..30:24
      assign  @30:5..30:24
        target: field count  @30:5..30:15
          name tree  @30:5..30:9
        value: binary +  @30:18..30:24
          name id  @30:18..30:20
          int 1  @30:23..30:24
    expr  @31:5..31:7
      name id  @31:5..31:7
fn depth  @34:1..42:2
  param tree  @34:10..34:21
    ref  @34:16..34:21
      Tree  @34:17..34:21
  param id  @34:23..34:30
    i64  @34:27..34:30
  ret: i64  @34:33..34:36
  body: block  @34:39..42:2
    var d  @35:5..35:14
      init: int 0  @35:13..35:14
    var at  @36:5..36:35
      init: field parent  @36:14..36:35
        index  @36:14..36:28
          base: field nodes  @36:14..36:24
            name tree  @36:14..36:18
          index: name id  @36:25..36:27
    while  @37:5..40:6
      cond: binary >=  @37:11..37:18
        name at  @37:11..37:13
        int 0  @37:17..37:18
      body: block  @37:19..40:6
        expr  @38:9..38:18
          assign  @38:9..38:18
            target: name d  @38:9..38:10
            value: binary +  @38:13..38:18
              name d  @38:13..38:14
              int 1  @38:17..38:18
        expr  @39:9..39:35
          assign  @39:9..39:35
            target: name at  @39:9..39:11
            value: field parent  @39:14..39:35
              index  @39:14..39:28
                base: field nodes  @39:14..39:24
                  name tree  @39:14..39:18
                index: name at  @39:25..39:27
    expr  @41:5..41:6
      name d  @41:5..41:6
fn printPath  @44:1..50:2
  param tree  @44:14..44:25
    ref  @44:20..44:25
      Tree  @44:21..44:25
  param id  @44:27..44:34
    i64  @44:31..44:34
  body: block  @44:38..50:2
    var at  @45:5..45:16
      init: name id  @45:14..45:16
    while  @46:5..49:6
      cond: binary >=  @46:11..46:18
        name at  @46:11..46:13
        int 0  @46:17..46:18
      body: block  @46:19..49:6
        expr  @47:9..47:43
          call  @47:9..47:43
            callee: path io::printInt  @47:9..47:21
            arg: field value  @47:22..47:42
              index  @47:22..47:36
                base: field nodes  @47:22..47:32
                  name tree  @47:22..47:26
                index: name at  @47:33..47:35
        expr  @48:9..48:35
          assign  @48:9..48:35
            target: name at  @48:9..48:11
            value: field parent  @48:14..48:35
              index  @48:14..48:28
                base: field nodes  @48:14..48:24
                  name tree  @48:14..48:18
                index: name at  @48:25..48:27
fn sum  @52:1..60:2
  param tree  @52:8..52:19
    ref  @52:14..52:19
      Tree  @52:15..52:19
  param id  @52:21..52:28
    i64  @52:25..52:28
  ret: i64  @52:31..52:34
  body: block  @52:37..60:2
    var total  @53:5..53:37
      init: field value  @53:17..53:37
        index  @53:17..53:31
          base: field nodes  @53:17..53:27
            name tree  @53:17..53:21
          index: name id  @53:28..53:30
    var child  @54:5..54:42
      init: field firstChild  @54:17..54:42
        index  @54:17..54:31
          base: field nodes  @54:17..54:27
            name tree  @54:17..54:21
          index: name id  @54:28..54:30
    while  @55:5..58:6
      cond: binary >=  @55:11..55:21
        name child  @55:11..55:16
        int 0  @55:20..55:21
      body: block  @55:22..58:6
        expr  @56:9..56:42
          assign  @56:9..56:42
            target: name total  @56:9..56:14
            value: binary +  @56:17..56:42
              name total  @56:17..56:22
              call  @56:25..56:42
                callee: name sum  @56:25..56:28
                arg: unary &  @56:29..56:34
                  name tree  @56:30..56:34
                arg: name child  @56:36..56:41
        expr  @57:9..57:46
          assign  @57:9..57:46
            target: name child  @57:9..57:14
            value: field nextSibling  @57:17..57:46
              index  @57:17..57:34
                base: field nodes  @57:17..57:27
                  name tree  @57:17..57:21
                index: name child  @57:28..57:33
    expr  @59:5..59:10
      name total  @59:5..59:10
fn main  @62:1..73:2
  ret: i64  @62:12..62:15
  body: block  @62:18..73:2
    val empty  @63:5..63:76
      init: call  @63:17..63:76
        callee: name Node  @63:17..63:21
        arg value: int 0  @63:29..63:30
        arg parent: unary -  @63:40..63:42
          int 1  @63:41..63:42
        arg firstChild: unary -  @63:56..63:58
          int 1  @63:57..63:58
        arg nextSibling: unary -  @63:73..63:75
          int 1  @63:74..63:75
    var tree  @64:5..64:50
      init: call  @64:16..64:50
        callee: name Tree  @64:16..64:20
        arg nodes: array repeat 16  @64:28..64:39
          name empty  @64:29..64:34
        arg count: int 0  @64:48..64:49
    val root  @65:5..65:37
      init: call  @65:16..65:37
        callee: name add  @65:16..65:19
        arg: unary &var  @65:20..65:29
          name tree  @65:25..65:29
        arg: unary -  @65:31..65:33
          int 1  @65:32..65:33
        arg: int 1  @65:35..65:36
    val left  @66:5..66:39
      init: call  @66:16..66:39
        callee: name add  @66:16..66:19
        arg: unary &var  @66:20..66:29
          name tree  @66:25..66:29
        arg: name root  @66:31..66:35
        arg: int 2  @66:37..66:38
    expr  @67:5..67:28
      call  @67:5..67:28
        callee: name add  @67:5..67:8
        arg: unary &var  @67:9..67:18
          name tree  @67:14..67:18
        arg: name root  @67:20..67:24
        arg: int 3  @67:26..67:27
    val leaf  @68:5..68:39
      init: call  @68:16..68:39
        callee: name add  @68:16..68:19
        arg: unary &var  @68:20..68:29
          name tree  @68:25..68:29
        arg: name left  @68:31..68:35
        arg: int 4  @68:37..68:38
    expr  @69:5..69:37
      call  @69:5..69:37
        callee: path io::printInt  @69:5..69:17
        arg: call  @69:18..69:36
          callee: name depth  @69:18..69:23
          arg: unary &  @69:24..69:29
            name tree  @69:25..69:29
          arg: name leaf  @69:31..69:35
    expr  @70:5..70:27
      call  @70:5..70:27
        callee: name printPath  @70:5..70:14
        arg: unary &  @70:15..70:20
          name tree  @70:16..70:20
        arg: name leaf  @70:22..70:26
    expr  @71:5..71:35
      call  @71:5..71:35
        callee: path io::printInt  @71:5..71:17
        arg: call  @71:18..71:34
          callee: name sum  @71:18..71:21
          arg: unary &  @71:22..71:27
            name tree  @71:23..71:27
          arg: name root  @71:29..71:33
    expr  @72:5..72:6
      int 0  @72:5..72:6
