---
source: tests/gate
---
[E0120] Error: type arguments are written without `::`
    ╭─[ err/71_type_args_syntax/main.wip:16:18 ]
    │
 16 │     val a = empty::<i64>()
    │                  ─┬
    │                   ╰── not needed
    │
    │ Help: remove the `::`
    │
    │ Note: after a name, `<` starts type arguments when `(`, `{` or `::` follows the matching `>`
────╯
[E0211] Error: `x` is a variable, and takes no type arguments
    ╭─[ err/71_type_args_syntax/main.wip:20:43 ]
    │
 20 │ fn compares(x: i64, y: i64): i64 = both(x < y, y > (x))
    │                                           ────┬───
    │                                               ╰───── read as type arguments
    │
    │ Help: to compare, put the comparison in parentheses
    │
    │ Note: after a name, `<` starts type arguments when `(`, `{` or `::` follows the matching `>`
────╯
