---
source: tests/gate
---
[E0302] Error: `Result::Ok` has 1 field
    ╭─[ err/352_wrapping_and_void_fields/main.wip:10:31 ]
    │
 10 │ fn pay(): Result<void, i64> = .Ok
    │                               ─┬─
    │                                ╰─── missing its fields
    │
    │ Help: write `.Ok()`
    │
    │ Note: a field of type `void` is written with nothing in the parentheses: the parentheses say there is a payload, and that it is nothing
────╯
[E0302] Error: `Result::Ok` has 1 field
    ╭─[ err/352_wrapping_and_void_fields/main.wip:12:32 ]
    │
 12 │ fn paid(): Result<void, i64> = Result::Ok
    │                                ─────┬────
    │                                     ╰────── missing its fields
    │
    │ Help: write `Result::Ok()`
    │
    │ Note: a field of type `void` is written with nothing in the parentheses: the parentheses say there is a payload, and that it is nothing
────╯
[E0302] Error: `Result::Ok` has 1 field
    ╭─[ err/352_wrapping_and_void_fields/main.wip:14:40 ]
    │
 14 │ fn pass<T>(value: T): Result<T, i64> = .Ok
    │                                        ─┬─
    │                                         ╰─── missing its fields
    │
    │ Help: write `Result::Ok(…)`
────╯
[E0303] Error: `+%=` wraps an integer, and `Money` is not one
    ╭─[ err/352_wrapping_and_void_fields/main.wip:18:11 ]
    │
 18 │     money +%= money
    │           ─┬─
    │            ╰─── the wrapping form
    │
    │ Help: write `+=`, which the type answers where it implements its interface
    │
    │ Note: the wrapping operators say what an integer does when it overflows; a type of a program's own answers only the plain ones
────╯
[E0101] Error: expected an expression, found `=`
    ╭─[ err/352_wrapping_and_void_fields/main.wip:23:10 ]
    │
 23 │     x +% = 2
    │          ┬
    │          ╰── expected an expression
────╯
