---
source: crates/wip-lang/tests/cases.rs
---
=== main.wip ===
import std::collections::{Set}  @9:1..9:31
import std::io  @10:1..10:15
@derive(Eq, Text)  @12:1..12:18
enum ListError  @13:1..15:2
  variant NoSuchItem  @14:2..14:24
    field index  @14:13..14:23
      i64  @14:20..14:23
fn markDone  @17:1..18:64
  param index  @17:13..17:23
    i64  @17:20..17:23
  ret: Result  @17:26..17:49
    arg: void  @17:33..17:37
    arg: ListError  @17:39..17:48
  body: if  @18:2..18:64
    cond: binary <  @18:5..18:14
      name index  @18:5..18:10
      int 3  @18:13..18:14
    then: block  @18:20..18:27
      expr  @18:20..18:27
        call  @18:20..18:27
          callee: path .Ok  @18:20..18:23
          arg: block  @18:24..18:26
    else: block  @18:33..18:64
      expr  @18:33..18:64
        call  @18:33..18:64
          callee: path .Err  @18:33..18:37
          arg: call  @18:38..18:63
            callee: path .NoSuchItem  @18:38..18:49
            arg index: name index  @18:57..18:62
fn main  @20:1..38:2
  body: block  @20:13..38:2
    expr  @21:2..21:32
      assert "assertion failed: markDone(2) == .Ok({})"  @21:2..21:32
        cond: binary ==  @21:9..21:31
          call  @21:9..21:20
            callee: name markDone  @21:9..21:17
            arg: int 2  @21:18..21:19
          call  @21:24..21:31
            callee: path .Ok  @21:24..21:27
            arg: block  @21:28..21:30
    expr  @22:2..22:52
      assert "assertion failed: markDone(5) == .Err(.NoSuchItem(index: 5))"  @22:2..22:52
        cond: binary ==  @22:9..22:51
          call  @22:9..22:20
            callee: name markDone  @22:9..22:17
            arg: int 5  @22:18..22:19
          call  @22:24..22:51
            callee: path .Err  @22:24..22:28
            arg: call  @22:29..22:50
              callee: path .NoSuchItem  @22:29..22:40
              arg index: int 5  @22:48..22:49
    expr  @23:2..23:32
      assert "assertion failed: markDone(5) != .Ok({})"  @23:2..23:32
        cond: binary !=  @23:9..23:31
          call  @23:9..23:20
            callee: name markDone  @23:9..23:17
            arg: int 5  @23:18..23:19
          call  @23:24..23:31
            callee: path .Ok  @23:24..23:27
            arg: block  @23:28..23:30
    val nothing  @25:2..25:24
      type: void  @25:15..25:19
      init: block  @25:22..25:24
    expr  @26:2..26:23
      assert "assertion failed: nothing == {}"  @26:2..26:23
        cond: binary ==  @26:9..26:22
          name nothing  @26:9..26:16
          block  @26:20..26:22
    expr  @27:2..27:42
      assert "assertion failed: !(nothing < {}) && nothing <= {}"  @27:2..27:42
        cond: binary &&  @27:9..27:41
          unary !  @27:9..27:24
            paren  @27:10..27:24
              binary <  @27:11..27:23
                name nothing  @27:11..27:18
                block  @27:21..27:23
          binary <=  @27:28..27:41
            name nothing  @27:28..27:35
            block  @27:39..27:41
    val maybe  @29:2..29:37
      type: Option  @29:13..29:25
        arg: void  @29:20..29:24
      init: call  @29:28..29:37
        callee: path .Some  @29:28..29:33
        arg: block  @29:34..29:36
    expr  @30:2..30:28
      assert "assertion failed: maybe == .Some({})"  @30:2..30:28
        cond: binary ==  @30:9..30:27
          name maybe  @30:9..30:14
          call  @30:18..30:27
            callee: path .Some  @30:18..30:23
            arg: block  @30:24..30:26
    expr  @31:2..31:51
      call  @31:2..31:51
        callee: path io::println  @31:2..31:13
        arg: block  @31:14..31:50
          var text#  @31:14..31:50
            init: call  @31:14..31:50
              callee: path String::withCapacity  @31:14..31:50
              arg: int 26  @31:14..31:50
          expr  @31:17..31:24
            call  @31:17..31:24
              callee: field appendTo  @31:17..31:24
                name nothing  @31:17..31:24
              arg: unary &var  @31:17..31:24
                name text#  @31:17..31:24
          expr  @31:24..31:28
            call  @31:24..31:28
              callee: field push  @31:24..31:28
                name text#  @31:24..31:28
              arg: str " "  @31:24..31:28
          expr  @31:28..31:33
            call  @31:28..31:33
              callee: field appendTo  @31:28..31:33
                name maybe  @31:28..31:33
              arg: unary &var  @31:28..31:33
                name text#  @31:28..31:33
          expr  @31:33..31:37
            call  @31:33..31:37
              callee: field push  @31:33..31:37
                name text#  @31:33..31:37
              arg: str " "  @31:33..31:37
          expr  @31:37..31:48
            call  @31:37..31:48
              callee: field appendTo  @31:37..31:48
                call  @31:37..31:48
                  callee: name markDone  @31:37..31:45
                  arg: int 1  @31:46..31:47
              arg: unary &var  @31:37..31:48
                name text#  @31:37..31:48
          expr  @31:14..31:50
            unary move  @31:14..31:50
              name text#  @31:14..31:50
    var seen  @33:2..33:37
      type: Set  @33:12..33:29
        arg: Option  @33:16..33:28
          arg: void  @33:23..33:27
      init: call  @33:32..33:37
        callee: name Set  @33:32..33:35
    expr  @34:2..34:21
      call  @34:2..34:21
        callee: field add  @34:2..34:10
          name seen  @34:2..34:6
        arg: call  @34:11..34:20
          callee: path .Some  @34:11..34:16
          arg: block  @34:17..34:19
    expr  @35:2..35:21
      call  @35:2..35:21
        callee: field add  @35:2..35:10
          name seen  @35:2..35:6
        arg: call  @35:11..35:20
          callee: path .Some  @35:11..35:16
          arg: block  @35:17..35:19
    expr  @36:2..36:17
      call  @36:2..36:17
        callee: field add  @36:2..36:10
          name seen  @36:2..36:6
        arg: path .None  @36:11..36:16
    expr  @37:2..37:30
      call  @37:2..37:30
        callee: path io::println  @37:2..37:13
        arg: block  @37:14..37:29
          var text#  @37:14..37:29
            init: call  @37:14..37:29
              callee: path String::withCapacity  @37:14..37:29
              arg: int 8  @37:14..37:29
          expr  @37:17..37:27
            call  @37:17..37:27
              callee: field appendTo  @37:17..37:27
                call  @37:17..37:27
                  callee: field len  @37:17..37:25
                    name seen  @37:17..37:21
              arg: unary &var  @37:17..37:27
                name text#  @37:17..37:27
          expr  @37:14..37:29
            unary move  @37:14..37:29
              name text#  @37:14..37:29
