---
source: crates/wip-lang/tests/cases.rs
---
[E0427] Error: a field cannot hold `&Point`
    ╭─[ err/224_c_structs_left_zero/main.wip:12:16 ]
    │
 12 │         point: &Point
    │                ───┬──  
    │                   ╰──── `&Point` borrows, as a `str` does
    │ 
    │ Help: write `view enum`, for an enum whose variants borrow, or hold a `String`, which owns its bytes
    │ 
    │ Note: a `str`, a `&` reference, a `view struct` and what holds one borrow what lives somewhere else, so they stand in a parameter, a local, a result and a view's field, and not where they would outlive it
────╯
[E0314] Error: `() => void` cannot be a field of an `extern struct`
    ╭─[ err/224_c_structs_left_zero/main.wip:16:16 ]
    │
 16 │         frame: () => void
    │                ─────┬────  
    │                     ╰────── not a type C can hold
    │ 
    │ Note: an `extern struct` promises C's layout, so its fields are what C writes: integers of up to 64 bits, `f32`, `f64`, `bool`, `cstring`, `ptr<T>`, fixed arrays of those, other `extern struct`s, and a C function pointer as `Option<(…) => R>`, which may be null as C's is
────╯
[E0308] Error: missing field in `Holder`
    ╭─[ err/224_c_structs_left_zero/main.wip:21:18 ]
    │
 21 │     val holder = Holder(count: 1)
    │                  ───┬──  
    │                     ╰──── missing `point`
────╯
