---
source: crates/wip-lang/tests/cases.rs
---
=== main.wip ===
import std::io  @3:1..3:15
fn total  @5:1..11:2
  param values  @5:10..5:24
    ref  @5:18..5:24
      slice  @5:19..5:24
        i64  @5:20..5:23
  ret: i64  @5:27..5:30
  body: block  @5:33..11:2
    var sum  @6:2..6:13
      init: int 0  @6:12..6:13
    for  @7:2..9:3
      pattern: binding value  @7:6..7:11
      elements: name values  @7:15..7:21
      body: block  @7:22..9:3
        expr  @8:3..8:15
          assign +=  @8:3..8:15
            target: name sum  @8:3..8:6
            value: name value  @8:10..8:15
    return  @10:2..10:12
      name sum  @10:9..10:12
fn upTo  @13:1..15:2
  param n  @13:9..13:15
    i64  @13:12..13:15
  ret: Iterator  @13:18..13:31
    arg: i64  @13:27..13:30
  body: for element  @13:34..15:2
    pattern: binding i  @13:38..13:39
    from: int 1  @13:43..13:44
    through: name n  @13:47..13:48
    body: block  @13:49..15:2
      yield  @14:2..14:9
        name i  @14:8..14:9
fn main  @17:1..47:2
  body: block  @17:13..47:2
    var sum  @18:2..18:13
      init: int 0  @18:12..18:13
    for  @19:2..21:3
      pattern: binding i  @19:6..19:7
      from: int 1  @19:11..19:12
      through: int 4  @19:15..19:16
      body: block  @19:17..21:3
        expr  @20:3..20:11
          assign +=  @20:3..20:11
            target: name sum  @20:3..20:6
            value: name i  @20:10..20:11
    var bytes  @23:2..23:15
      init: int 0  @23:14..23:15
    for  @24:2..26:3
      pattern: binding b  @24:6..24:7
      from: cast  @24:11..24:18
        int 0  @24:11..24:12
        to: u8  @24:16..24:18
      through: int 255  @24:21..24:24
      body: block  @24:25..26:3
        expr  @25:3..25:13
          assign +=  @25:3..25:13
            target: name bytes  @25:3..25:8
            value: int 1  @25:12..25:13
    var none  @27:2..27:14
      init: int 0  @27:13..27:14
    for  @28:2..30:3
      pattern: binding i  @28:6..28:7
      from: int 3  @28:11..28:12
      through: int 2  @28:15..28:16
      body: block  @28:17..30:3
        expr  @29:3..29:12
          assign +=  @29:3..29:12
            target: name none  @29:3..29:7
            value: int 1  @29:11..29:12
    expr  @31:2..31:40
      call  @31:2..31:40
        callee: path io::println  @31:2..31:13
        arg: block  @31:14..31:39
          var text#  @31:14..31:39
            init: call  @31:14..31:39
              callee: path String::withCapacity  @31:14..31:39
              arg: int 26  @31:14..31:39
          expr  @31:17..31:20
            call  @31:17..31:20
              callee: field appendTo  @31:17..31:20
                name sum  @31:17..31:20
              arg: unary &var  @31:17..31:20
                name text#  @31:17..31:20
          expr  @31:20..31:24
            call  @31:20..31:24
              callee: field push  @31:20..31:24
                name text#  @31:20..31:24
              arg: str " "  @31:20..31:24
          expr  @31:24..31:29
            call  @31:24..31:29
              callee: field appendTo  @31:24..31:29
                name bytes  @31:24..31:29
              arg: unary &var  @31:24..31:29
                name text#  @31:24..31:29
          expr  @31:29..31:33
            call  @31:29..31:33
              callee: field push  @31:29..31:33
                name text#  @31:29..31:33
              arg: str " "  @31:29..31:33
          expr  @31:33..31:37
            call  @31:33..31:37
              callee: field appendTo  @31:33..31:37
                name none  @31:33..31:37
              arg: unary &var  @31:33..31:37
                name text#  @31:33..31:37
          expr  @31:14..31:39
            unary move  @31:14..31:39
              name text#  @31:14..31:39
    val xs  @33:2..33:26
      init: array  @33:11..33:26
        int 1  @33:12..33:13
        int 2  @33:15..33:16
        int 3  @33:18..33:19
        int 4  @33:21..33:22
        int 5  @33:24..33:25
    expr  @34:2..34:78
      call  @34:2..34:78
        callee: path io::println  @34:2..34:13
        arg: block  @34:14..34:77
          var text#  @34:14..34:77
            init: call  @34:14..34:77
              callee: path String::withCapacity  @34:14..34:77
              arg: int 26  @34:14..34:77
          expr  @34:17..34:34
            call  @34:17..34:34
              callee: field appendTo  @34:17..34:34
                call  @34:17..34:34
                  callee: name total  @34:17..34:22
                  arg: unary &  @34:23..34:33
                    slice through  @34:24..34:33
                      base: name xs  @34:24..34:26
                      lo: int 1  @34:27..34:28
                      hi: int 3  @34:31..34:32
              arg: unary &var  @34:17..34:34
                name text#  @34:17..34:34
          expr  @34:34..34:38
            call  @34:34..34:38
              callee: field push  @34:34..34:38
                name text#  @34:34..34:38
              arg: str " "  @34:34..34:38
          expr  @34:38..34:54
            call  @34:38..34:54
              callee: field appendTo  @34:38..34:54
                call  @34:38..34:54
                  callee: name total  @34:38..34:43
                  arg: unary &  @34:44..34:53
                    slice through  @34:45..34:53
                      base: name xs  @34:45..34:47
                      hi: int 1  @34:51..34:52
              arg: unary &var  @34:38..34:54
                name text#  @34:38..34:54
          expr  @34:54..34:58
            call  @34:54..34:58
              callee: field push  @34:54..34:58
                name text#  @34:54..34:58
              arg: str " "  @34:54..34:58
          expr  @34:58..34:75
            call  @34:58..34:75
              callee: field appendTo  @34:58..34:75
                call  @34:58..34:75
                  callee: name total  @34:58..34:63
                  arg: unary &  @34:64..34:74
                    slice through  @34:65..34:74
                      base: name xs  @34:65..34:67
                      lo: int 4  @34:68..34:69
                      hi: int 4  @34:72..34:73
              arg: unary &var  @34:58..34:75
                name text#  @34:58..34:75
          expr  @34:14..34:77
            unary move  @34:14..34:77
              name text#  @34:14..34:77
    expr  @35:2..35:29
      call  @35:2..35:29
        callee: path io::println  @35:2..35:13
        arg: slice through  @35:14..35:28
          base: str "hello"  @35:14..35:21
          lo: int 1  @35:22..35:23
          hi: int 3  @35:26..35:27
    val evens  @37:2..41:3
      init: unary own  @37:14..41:3
        for element  @37:18..41:3
          pattern: binding i  @37:22..37:23
          from: int 0  @37:27..37:28
          through: int 10  @37:31..37:33
          body: block  @37:34..41:3
            expr  @38:3..40:4
              if  @38:3..40:4
                cond: binary ==  @38:6..38:16
                  binary %  @38:6..38:11
                    name i  @38:6..38:7
                    int 2  @38:10..38:11
                  int 0  @38:15..38:16
                then: block  @38:17..40:4
                  yield  @39:4..39:11
                    name i  @39:10..39:11
    var counted  @42:2..42:17
      init: int 0  @42:16..42:17
    for  @43:2..45:3
      pattern: binding i  @43:6..43:7
      elements: call  @43:11..43:18
        callee: name upTo  @43:11..43:15
        arg: int 3  @43:16..43:17
      body: block  @43:19..45:3
        expr  @44:3..44:15
          assign +=  @44:3..44:15
            target: name counted  @44:3..44:10
            value: name i  @44:14..44:15
    expr  @46:2..46:42
      call  @46:2..46:42
        callee: path io::println  @46:2..46:13
        arg: block  @46:14..46:41
          var text#  @46:14..46:41
            init: call  @46:14..46:41
              callee: path String::withCapacity  @46:14..46:41
              arg: int 17  @46:14..46:41
          expr  @46:17..46:28
            call  @46:17..46:28
              callee: field appendTo  @46:17..46:28
                call  @46:17..46:28
                  callee: field len  @46:17..46:26
                    name evens  @46:17..46:22
              arg: unary &var  @46:17..46:28
                name text#  @46:17..46:28
          expr  @46:28..46:32
            call  @46:28..46:32
              callee: field push  @46:28..46:32
                name text#  @46:28..46:32
              arg: str " "  @46:28..46:32
          expr  @46:32..46:39
            call  @46:32..46:39
              callee: field appendTo  @46:32..46:39
                name counted  @46:32..46:39
              arg: unary &var  @46:32..46:39
                name text#  @46:32..46:39
          expr  @46:14..46:41
            unary move  @46:14..46:41
              name text#  @46:14..46:41
