---
source: crates/wip-lang/tests/cases.rs
---
[E0101] Error: a variant's fields are named
   ╭─[ err/266_unnamed_variant_fields/main.wip:7:9 ]
   │
 7 │     Answer(f64)
   │            ─┬─  
   │             ╰─── a type without a name
   │ 
   │ Help: name it, as `value: f64`
   │ 
   │ Note: a field is `name: type`, as a struct's is: a pattern binds it by its name, and a variant built with two or more fields names each
───╯
[E0101] Error: a variant's fields are named
   ╭─[ err/266_unnamed_variant_fields/main.wip:8:8 ]
   │
 8 │     Parts(i64, f64)
   │           ─┬─  ─┬─  
   │            ╰──────── a type without a name
   │                 │   
   │                 ╰─── and this
   │ 
   │ Help: name each, as `name: type`
   │ 
   │ Note: a field is `name: type`, as a struct's is: a pattern binds it by its name, and a variant built with two or more fields names each
───╯
[E0101] Error: a variant's fields are named
   ╭─[ err/266_unnamed_variant_fields/main.wip:9:7 ]
   │
 9 │     Node(own<Reduced>, radius: f64)
   │          ──────┬─────  
   │                ╰─────── a type without a name
   │ 
   │ Help: name each, as `name: type`
   │ 
   │ Note: a field is `name: type`, as a struct's is: a pattern binds it by its name, and a variant built with two or more fields names each
───╯
[E0101] Error: a variant without fields is written without parentheses
    ╭─[ err/266_unnamed_variant_fields/main.wip:10:7 ]
    │
 10 │     Empty()
    │          ─┬  
    │           ╰── empty parentheses
    │ 
    │ Help: remove the parentheses
────╯
