---
source: tests/gate
---
=== main.wip ===
import std::io  @11:1..11:15
struct Holder  @13:1..15:2
  type param T  @13:15..13:16
  type param U  @13:18..13:19
  field f  @14:5..14:24
    own  @14:8..14:24
      fn type  @14:12..14:23
        param x  @14:13..14:17
          T  @14:16..14:17
        ret: U  @14:22..14:23
extend Holder<T, U>  @17:1..21:2
  fn wrapped  @18:5..18:56
    param x  @18:16..18:20
      T  @18:19..18:20
    ret: Option  @18:23..18:32
      arg: U  @18:30..18:31
    body: call  @18:35..18:56
      callee: path .Some  @18:35..18:40
      arg: call  @18:41..18:55
        callee: field f  @18:41..18:47
          self  @18:41..18:45
        arg: unary move  @18:48..18:54
          name x  @18:53..18:54
  fn bare  @20:5..20:38
    param x  @20:13..20:17
      T  @20:16..20:17
    ret: U  @20:20..20:21
    body: call  @20:24..20:38
      callee: field f  @20:24..20:30
        self  @20:24..20:28
      arg: unary move  @20:31..20:37
        name x  @20:36..20:37
fn apply  @23:1..23:68
  type param T  @23:10..23:11
  type param U  @23:13..23:14
  param f  @23:16..23:31
    ref  @23:19..23:31
      fn type  @23:20..23:31
        param x  @23:21..23:25
          T  @23:24..23:25
        ret: U  @23:30..23:31
  param x  @23:33..23:37
    T  @23:36..23:37
  ret: Option  @23:40..23:49
    arg: U  @23:47..23:48
  body: call  @23:52..23:68
    callee: path .Some  @23:52..23:57
    arg: call  @23:58..23:67
      callee: name f  @23:58..23:59
      arg: unary move  @23:60..23:66
        name x  @23:65..23:66
struct Point  @25:1..28:2
  field x  @26:5..26:11
    i64  @26:8..26:11
  field y  @27:5..27:11
    i64  @27:8..27:11
interface Maker  @30:1..32:2
  fn make  @31:5..31:27
    param n  @31:13..31:19
      i64  @31:16..31:19
    ret: Point  @31:22..31:27
struct Doubler  @34:1..36:2
  field k  @35:5..35:11
    i64  @35:8..35:11
extend Doubler: Maker  @38:1..40:2
  fn make  @39:5..39:56
    param n  @39:13..39:19
      i64  @39:16..39:19
    ret: Point  @39:22..39:27
    body: call  @39:30..39:56
      callee: name Point  @39:30..39:35
      arg x: binary *  @39:39..39:49
        name n  @39:39..39:40
        field k  @39:43..39:49
          self  @39:43..39:47
      arg y: name n  @39:54..39:55
fn build  @42:1..45:2
  param maker  @42:10..42:27
    ref  @42:17..42:27
      dyn Maker  @42:18..42:27
  ret: i64  @42:30..42:33
  body: block  @42:36..45:2
    val p  @43:5..43:26
      init: call  @43:13..43:26
        callee: field make  @43:13..43:23
          name maker  @43:13..43:18
        arg: int 3  @43:24..43:25
    expr  @44:5..44:26
      binary +  @44:5..44:26
        field x  @44:5..44:8
          name p  @44:5..44:6
        field x  @44:11..44:26
          call  @44:11..44:24
            callee: field make  @44:11..44:21
              name maker  @44:11..44:16
            arg: int 1  @44:22..44:23
interface Source  @47:1..55:2
  var fn take  @48:5..48:21
    ret: T  @48:20..48:21
  var fn twice with default  @51:5..54:6
    ret: Tuple2  @51:21..51:27
      arg: T  @51:22..51:23
      arg: T  @51:25..51:26
    body: block  @51:30..54:6
      val first  @52:9..52:32
        init: call  @52:21..52:32
          callee: field take  @52:21..52:30
            self  @52:21..52:25
      expr  @53:9..53:34
        call  @53:9..53:34
          callee: name Tuple2  @53:9..53:34
          arg: unary move  @53:10..53:20
            name first  @53:15..53:20
          arg: call  @53:22..53:33
            callee: field take  @53:22..53:31
              self  @53:22..53:26
struct Counter  @57:1..59:2
  field at  @58:5..58:12
    i64  @58:9..58:12
extend Counter: Source  @61:1..66:2
  interface arg: i64  @61:24..61:27
  var fn take  @62:5..65:6
    ret: i64  @62:20..62:23
    body: block  @62:26..65:6
      expr  @63:9..63:21
        assign +=  @63:9..63:21
          target: field at  @63:9..63:16
            self  @63:9..63:13
          value: int 1  @63:20..63:21
      expr  @64:9..64:16
        field at  @64:9..64:16
          self  @64:9..64:13
fn main  @68:1..90:2
  body: block  @68:13..90:2
    val times  @69:5..69:50
      init: call  @69:17..69:50
        callee: name Holder  @69:17..69:23
        arg f: unary own  @69:27..69:49
          lambda  @69:31..69:49
            param x  @69:32..69:38
              i64  @69:35..69:38
            body: binary *  @69:43..69:49
              name x  @69:43..69:44
              int 10  @69:47..69:49
    expr  @70:5..73:6
      match  @70:5..73:6
        scrutinee: call  @70:11..70:27
          callee: field wrapped  @70:11..70:24
            name times  @70:11..70:16
          arg: int 3  @70:25..70:26
        arm  @71:9..71:36
          pattern: variant .Some(v)  @71:9..71:17
          body: call  @71:21..71:36
            callee: path io::printInt  @71:21..71:33
            arg: name v  @71:34..71:35
        arm  @72:9..72:20
          pattern: variant .None  @72:9..72:14
          body: block  @72:18..72:20
    expr  @74:5..74:32
      call  @74:5..74:32
        callee: path io::printInt  @74:5..74:17
        arg: call  @74:18..74:31
          callee: field bare  @74:18..74:28
            name times  @74:18..74:23
          arg: int 4  @74:29..74:30
    expr  @75:5..78:6
      match  @75:5..78:6
        scrutinee: call  @75:11..75:38
          callee: name apply  @75:11..75:16
          arg: lambda  @75:17..75:34
            param x  @75:18..75:24
              i64  @75:21..75:24
            body: binary +  @75:29..75:34
              name x  @75:29..75:30
              int 1  @75:33..75:34
          arg: int 3  @75:36..75:37
        arm  @76:9..76:36
          pattern: variant .Some(v)  @76:9..76:17
          body: call  @76:21..76:36
            callee: path io::printInt  @76:21..76:33
            arg: name v  @76:34..76:35
        arm  @77:9..77:20
          pattern: variant .None  @77:9..77:14
          body: block  @77:18..77:20
    val named  @79:5..79:63
      init: call  @79:17..79:63
        callee: name Holder  @79:17..79:23
        arg f: unary own  @79:27..79:62
          lambda  @79:31..79:62
            param n  @79:32..79:38
              i64  @79:35..79:38
            body: call  @79:43..79:62
              callee: path String::of  @79:43..79:53
              arg: block  @79:54..79:61
                var text#  @79:54..79:61
                  init: call  @79:54..79:61
                    callee: path String::withCapacity  @79:54..79:61
                    arg: int 9  @79:54..79:61
                expr  @79:54..79:58
                  call  @79:54..79:58
                    callee: field push  @79:54..79:58
                      name text#  @79:54..79:58
                    arg: str "n"  @79:54..79:58
                expr  @79:58..79:59
                  call  @79:58..79:59
                    callee: field appendTo  @79:58..79:59
                      name n  @79:58..79:59
                    arg: unary &var  @79:58..79:59
                      name text#  @79:58..79:59
                expr  @79:54..79:61
                  unary move  @79:54..79:61
                    name text#  @79:54..79:61
    expr  @80:5..80:39
      call  @80:5..80:39
        callee: path io::println  @80:5..80:16
        arg: call  @80:17..80:38
          callee: field toStr  @80:17..80:36
            call  @80:17..80:30
              callee: field bare  @80:17..80:27
                name named  @80:17..80:22
              arg: int 7  @80:28..80:29
    val point  @82:5..82:54
      init: unary own  @82:17..82:54
        lambda  @82:21..82:54
          param n  @82:22..82:28
            i64  @82:25..82:28
          body: call  @82:33..82:54
            callee: name Point  @82:33..82:38
            arg x: name n  @82:42..82:43
            arg y: binary +  @82:48..82:53
              name n  @82:48..82:49
              int 1  @82:52..82:53
    expr  @83:5..83:29
      call  @83:5..83:29
        callee: path io::printInt  @83:5..83:17
        arg: field y  @83:18..83:28
          call  @83:18..83:26
            callee: name point  @83:18..83:23
            arg: int 5  @83:24..83:25
    val doubler  @84:5..84:32
      init: call  @84:19..84:32
        callee: name Doubler  @84:19..84:26
        arg k: int 2  @84:30..84:31
    expr  @85:5..85:34
      call  @85:5..85:34
        callee: path io::printInt  @85:5..85:17
        arg: call  @85:18..85:33
          callee: name build  @85:18..85:23
          arg: unary &  @85:24..85:32
            name doubler  @85:25..85:32
    var counter  @87:5..87:33
      init: call  @87:19..87:33
        callee: name Counter  @87:19..87:26
        arg at: int 0  @87:31..87:32
    val else  @88:5..88:33
      pattern: variant Tuple2(_0: a, _1: b)  @88:9..88:15
      value: call  @88:18..88:33
        callee: field twice  @88:18..88:31
          name counter  @88:18..88:25
    expr  @89:5..89:29
      call  @89:5..89:29
        callee: path io::printInt  @89:5..89:17
        arg: binary +  @89:18..89:28
          name a  @89:18..89:19
          binary *  @89:22..89:28
            name b  @89:22..89:23
            int 10  @89:26..89:28
