---
source: tests/gate
---
=== main.wip ===
import std::io  @20:1..20:15
struct Bag  @22:1..22:26
  field total  @22:14..22:24
    i64  @22:21..22:24
@inline  @24:1..24:8
fn add  @25:1..25:36
  param a  @25:8..25:14
    i64  @25:11..25:14
  param b  @25:16..25:22
    i64  @25:19..25:22
  ret: i64  @25:25..25:28
  body: binary +  @25:31..25:36
    name a  @25:31..25:32
    name b  @25:35..25:36
@inline  @29:1..29:8
fn twice  @30:1..30:34
  param n  @30:10..30:16
    i64  @30:13..30:16
  ret: i64  @30:19..30:22
  body: call  @30:25..30:34
    callee: name add  @30:25..30:28
    arg: name n  @30:29..30:30
    arg: name n  @30:32..30:33
@inline  @32:1..32:8
fn forEach  @33:1..37:2
  param items  @33:12..33:25
    ref  @33:19..33:25
      slice  @33:20..33:25
        i64  @33:21..33:24
  param visit  @33:27..33:59
    ref var  @33:34..33:59
      fn type  @33:39..33:59
        param item  @33:40..33:50
          ref  @33:46..33:50
            i64  @33:47..33:50
        ret: void  @33:55..33:59
  body: block  @33:63..37:2
    for  @34:5..36:6
      pattern: binding item  @34:9..34:13
      elements: name items  @34:17..34:22
      body: block  @34:23..36:6
        expr  @35:9..35:21
          call  @35:9..35:21
            callee: name visit  @35:9..35:14
            arg: unary &  @35:15..35:20
              name item  @35:16..35:20
@inline  @41:1..41:8
@tailrec  @42:1..42:9
fn countDown  @43:1..43:91
  param n  @43:14..43:20
    i64  @43:17..43:20
  param sum  @43:22..43:30
    i64  @43:27..43:30
  ret: i64  @43:33..43:36
  body: if  @43:39..43:91
    cond: binary ==  @43:42..43:48
      name n  @43:42..43:43
      int 0  @43:47..43:48
    then: block  @43:49..43:56
      expr  @43:51..43:54
        name sum  @43:51..43:54
    else: block  @43:62..43:91
      expr  @43:64..43:89
        call  @43:64..43:89
          callee: name countDown  @43:64..43:73
          arg: binary -  @43:74..43:79
            name n  @43:74..43:75
            int 1  @43:78..43:79
          arg: binary +  @43:81..43:88
            name sum  @43:81..43:84
            name n  @43:87..43:88
fn main  @45:1..66:2
  body: block  @45:13..66:2
    var total  @46:5..46:18
      init: int 0  @46:17..46:18
    var i  @47:5..47:14
      init: int 0  @47:13..47:14
    while  @48:5..51:6
      cond: binary <  @48:11..48:16
        name i  @48:11..48:12
        int 5  @48:15..48:16
      body: block  @48:17..51:6
        expr  @49:9..49:37
          assign  @49:9..49:37
            target: name total  @49:9..49:14
            value: call  @49:17..49:37
              callee: name add  @49:17..49:20
              arg: name total  @49:21..49:26
              arg: call  @49:28..49:36
                callee: name twice  @49:28..49:33
                arg: name i  @49:34..49:35
        expr  @50:9..50:18
          assign  @50:9..50:18
            target: name i  @50:9..50:10
            value: binary +  @50:13..50:18
              name i  @50:13..50:14
              int 1  @50:17..50:18
    expr  @52:5..52:34
      call  @52:5..52:34
        callee: path io::println  @52:5..52:16
        arg: block  @52:17..52:33
          var text#  @52:17..52:33
            init: call  @52:17..52:33
              callee: path String::withCapacity  @52:17..52:33
              arg: int 14  @52:17..52:33
          expr  @52:17..52:26
            call  @52:17..52:26
              callee: field push  @52:17..52:26
                name text#  @52:17..52:26
              arg: str "total "  @52:17..52:26
          expr  @52:26..52:31
            call  @52:26..52:31
              callee: field appendTo  @52:26..52:31
                name total  @52:26..52:31
              arg: unary &var  @52:26..52:31
                name text#  @52:26..52:31
          expr  @52:17..52:33
            unary move  @52:17..52:33
              name text#  @52:17..52:33
    val xs  @54:5..54:26
      init: array  @54:14..54:26
        int 1  @54:15..54:16
        int 2  @54:18..54:19
        int 3  @54:21..54:22
        int 4  @54:24..54:25
    var bag  @55:5..55:28
      init: call  @55:15..55:28
        callee: name Bag  @55:15..55:18
        arg total: int 0  @55:26..55:27
    expr  @56:5..56:46
      call  @56:5..56:46
        callee: name forEach  @56:5..56:12
        arg: unary &  @56:13..56:16
          name xs  @56:14..56:16
        arg: lambda  @56:18..56:45
          param item  @56:19..56:23
          body: assign +=  @56:28..56:45
            target: field total  @56:28..56:37
              name bag  @56:28..56:31
            value: name item  @56:41..56:45
    expr  @57:5..57:36
      call  @57:5..57:36
        callee: path io::println  @57:5..57:16
        arg: block  @57:17..57:35
          var text#  @57:17..57:35
            init: call  @57:17..57:35
              callee: path String::withCapacity  @57:17..57:35
              arg: int 12  @57:17..57:35
          expr  @57:17..57:24
            call  @57:17..57:24
              callee: field push  @57:17..57:24
                name text#  @57:17..57:24
              arg: str "bag "  @57:17..57:24
          expr  @57:24..57:33
            call  @57:24..57:33
              callee: field appendTo  @57:24..57:33
                field total  @57:24..57:33
                  name bag  @57:24..57:27
              arg: unary &var  @57:24..57:33
                name text#  @57:24..57:33
          expr  @57:17..57:35
            unary move  @57:17..57:35
              name text#  @57:17..57:35
    var seen  @60:5..60:29
      init: call  @60:16..60:29
        callee: name Bag  @60:16..60:19
        arg total: int 0  @60:27..60:28
    var base  @61:5..61:18
      init: int 10  @61:16..61:18
    expr  @62:5..62:54
      call  @62:5..62:54
        callee: name forEach  @62:5..62:12
        arg: unary &  @62:13..62:16
          name xs  @62:14..62:16
        arg: lambda  @62:18..62:53
          param item  @62:19..62:23
          body: assign +=  @62:28..62:53
            target: field total  @62:28..62:38
              name seen  @62:28..62:32
            value: binary +  @62:42..62:53
              name item  @62:42..62:46
              name base  @62:49..62:53
    expr  @63:5..63:38
      call  @63:5..63:38
        callee: path io::println  @63:5..63:16
        arg: block  @63:17..63:37
          var text#  @63:17..63:37
            init: call  @63:17..63:37
              callee: path String::withCapacity  @63:17..63:37
              arg: int 13  @63:17..63:37
          expr  @63:17..63:25
            call  @63:17..63:25
              callee: field push  @63:17..63:25
                name text#  @63:17..63:25
              arg: str "seen "  @63:17..63:25
          expr  @63:25..63:35
            call  @63:25..63:35
              callee: field appendTo  @63:25..63:35
                field total  @63:25..63:35
                  name seen  @63:25..63:29
              arg: unary &var  @63:25..63:35
                name text#  @63:25..63:35
          expr  @63:17..63:37
            unary move  @63:17..63:37
              name text#  @63:17..63:37
    expr  @65:5..65:46
      call  @65:5..65:46
        callee: path io::println  @65:5..65:16
        arg: block  @65:17..65:45
          var text#  @65:17..65:45
            init: call  @65:17..65:45
              callee: path String::withCapacity  @65:17..65:45
              arg: int 16  @65:17..65:45
          expr  @65:17..65:28
            call  @65:17..65:28
              callee: field push  @65:17..65:28
                name text#  @65:17..65:28
              arg: str "counted "  @65:17..65:28
          expr  @65:28..65:43
            call  @65:28..65:43
              callee: field appendTo  @65:28..65:43
                call  @65:28..65:43
                  callee: name countDown  @65:28..65:37
                  arg: int 4  @65:38..65:39
                  arg: int 0  @65:41..65:42
              arg: unary &var  @65:28..65:43
                name text#  @65:28..65:43
          expr  @65:17..65:45
            unary move  @65:17..65:45
              name text#  @65:17..65:45
