---
source: crates/wip-lang/tests/cases.rs
---
=== main.wip ===
import std::collections::{Set}  @5:1..5:31
import std::io  @6:1..6:15
struct Row  @8:1..11:2
  field name  @9:5..9:17
    String  @9:11..9:17
  field size  @10:5..10:14
    i64  @10:11..10:14
extend Row  @13:1..15:2
  fn label  @14:5..14:55
    ret: String  @14:17..14:23
    body: block  @14:26..14:55
      var text#  @14:26..14:55
        init: call  @14:26..14:55
          callee: path String::withCapacity  @14:26..14:55
          arg: int 19  @14:26..14:55
      expr  @14:29..14:38
        call  @14:29..14:38
          callee: field appendTo  @14:29..14:38
            field name  @14:29..14:38
              self  @14:29..14:33
          arg: unary &var  @14:29..14:38
            name text#  @14:29..14:38
      expr  @14:38..14:43
        call  @14:38..14:43
          callee: field push  @14:38..14:43
            name text#  @14:38..14:43
          arg: str " ("  @14:38..14:43
      expr  @14:43..14:52
        call  @14:43..14:52
          callee: field appendTo  @14:43..14:52
            field size  @14:43..14:52
              self  @14:43..14:47
          arg: unary &var  @14:43..14:52
            name text#  @14:43..14:52
      expr  @14:52..14:55
        call  @14:52..14:55
          callee: field push  @14:52..14:55
            name text#  @14:52..14:55
          arg: str ")"  @14:52..14:55
      expr  @14:26..14:55
        unary move  @14:26..14:55
          name text#  @14:26..14:55
fn main  @17:1..37:2
  body: block  @17:13..37:2
    val parts  @18:5..18:51
      init: call  @18:17..18:51
        callee: field toVec  @18:17..18:49
          call  @18:17..18:43
            callee: field split  @18:17..18:38
              str "usr/local/bin"  @18:17..18:32
            arg: str "/"  @18:39..18:42
    expr  @19:5..19:50
      call  @19:5..19:50
        callee: path io::println  @19:5..19:16
        arg: block  @19:17..19:49
          var text#  @19:17..19:49
            init: call  @19:17..19:49
              callee: path String::withCapacity  @19:17..19:49
              arg: int 24  @19:17..19:49
          expr  @19:20..19:31
            call  @19:20..19:31
              callee: field appendTo  @19:20..19:31
                call  @19:20..19:31
                  callee: field len  @19:20..19:29
                    name parts  @19:20..19:25
              arg: unary &var  @19:20..19:31
                name text#  @19:20..19:31
          expr  @19:31..19:42
            call  @19:31..19:42
              callee: field push  @19:31..19:42
                name text#  @19:31..19:42
              arg: str " parts: "  @19:31..19:42
          expr  @19:42..19:47
            call  @19:42..19:47
              callee: field appendTo  @19:42..19:47
                name parts  @19:42..19:47
              arg: unary &var  @19:42..19:47
                name text#  @19:42..19:47
          expr  @19:17..19:49
            unary move  @19:17..19:49
              name text#  @19:17..19:49
    var rows  @21:5..21:31
      type: Vec  @21:15..21:23
        arg: Row  @21:19..21:22
      init: call  @21:26..21:31
        callee: name Vec  @21:26..21:29
    expr  @22:5..22:43
      call  @22:5..22:43
        callee: field push  @22:5..22:14
          name rows  @22:5..22:9
        arg: call  @22:15..22:42
          callee: name Row  @22:15..22:18
          arg name: str "a.txt"  @22:25..22:32
          arg size: int 3  @22:40..22:41
    expr  @23:5..23:43
      call  @23:5..23:43
        callee: field push  @23:5..23:14
          name rows  @23:5..23:9
        arg: call  @23:15..23:42
          callee: name Row  @23:15..23:18
          arg name: str "b.txt"  @23:25..23:32
          arg size: int 5  @23:40..23:41
    val labels  @24:5..24:48
      init: call  @24:18..24:48
        callee: field map  @24:18..24:26
          name rows  @24:18..24:22
        arg: lambda  @24:27..24:47
          param row  @24:28..24:31
          body: call  @24:36..24:47
            callee: field label  @24:36..24:45
              name row  @24:36..24:39
    expr  @25:5..25:29
      call  @25:5..25:29
        callee: path io::println  @25:5..25:16
        arg: block  @25:17..25:28
          var text#  @25:17..25:28
            init: call  @25:17..25:28
              callee: path String::withCapacity  @25:17..25:28
              arg: int 8  @25:17..25:28
          expr  @25:20..25:26
            call  @25:20..25:26
              callee: field appendTo  @25:20..25:26
                name labels  @25:20..25:26
              arg: unary &var  @25:20..25:26
                name text#  @25:20..25:26
          expr  @25:17..25:28
            unary move  @25:17..25:28
              name text#  @25:17..25:28
    val names  @27:5..27:52
      init: call  @27:17..27:52
        callee: field map  @27:17..27:25
          name rows  @27:17..27:21
        arg: lambda  @27:26..27:51
          param row  @27:27..27:30
          body: call  @27:35..27:51
            callee: field clone  @27:35..27:49
              field name  @27:35..27:43
                name row  @27:35..27:38
    var rest  @28:5..28:37
      init: call  @28:16..28:37
        callee: field toVec  @28:16..28:35
          call  @28:16..28:29
            callee: field skip  @28:16..28:26
              name names  @28:16..28:21
            arg: int 1  @28:27..28:28
    expr  @29:5..29:23
      call  @29:5..29:23
        callee: field push  @29:5..29:14
          name rest  @29:5..29:9
        arg: str "c.txt"  @29:15..29:22
    expr  @30:5..30:36
      call  @30:5..30:36
        callee: path io::println  @30:5..30:16
        arg: block  @30:17..30:35
          var text#  @30:17..30:35
            init: call  @30:17..30:35
              callee: path String::withCapacity  @30:17..30:35
              arg: int 17  @30:17..30:35
          expr  @30:20..30:25
            call  @30:20..30:25
              callee: field appendTo  @30:20..30:25
                name names  @30:20..30:25
              arg: unary &var  @30:20..30:25
                name text#  @30:20..30:25
          expr  @30:25..30:29
            call  @30:25..30:29
              callee: field push  @30:25..30:29
                name text#  @30:25..30:29
              arg: str " "  @30:25..30:29
          expr  @30:29..30:33
            call  @30:29..30:33
              callee: field appendTo  @30:29..30:33
                name rest  @30:29..30:33
              arg: unary &var  @30:29..30:33
                name text#  @30:29..30:33
          expr  @30:17..30:35
            unary move  @30:17..30:35
              name text#  @30:17..30:35
    var seen  @32:5..32:34
      type: Set  @32:15..32:26
        arg: String  @32:19..32:25
      init: call  @32:29..32:34
        callee: name Set  @32:29..32:32
    expr  @33:5..33:18
      call  @33:5..33:18
        callee: field add  @33:5..33:13
          name seen  @33:5..33:9
        arg: str "x"  @33:14..33:17
    expr  @34:5..34:18
      call  @34:5..34:18
        callee: field add  @34:5..34:13
          name seen  @34:5..34:9
        arg: str "y"  @34:14..34:17
    expr  @35:5..35:43
      call  @35:5..35:43
        callee: path io::println  @35:5..35:16
        arg: block  @35:17..35:42
          var text#  @35:17..35:42
            init: call  @35:17..35:42
              callee: path String::withCapacity  @35:17..35:42
              arg: int 8  @35:17..35:42
          expr  @35:20..35:40
            call  @35:20..35:40
              callee: field appendTo  @35:20..35:40
                call  @35:20..35:40
                  callee: field toVec  @35:20..35:38
                    call  @35:20..35:32
                      callee: field items  @35:20..35:30
                        name seen  @35:20..35:24
              arg: unary &var  @35:20..35:40
                name text#  @35:20..35:40
          expr  @35:17..35:42
            unary move  @35:17..35:42
              name text#  @35:17..35:42
    expr  @36:5..36:40
      call  @36:5..36:40
        callee: path io::println  @36:5..36:16
        arg: block  @36:17..36:39
          var text#  @36:17..36:39
            init: call  @36:17..36:39
              callee: path String::withCapacity  @36:17..36:39
              arg: int 8  @36:17..36:39
          expr  @36:20..36:37
            call  @36:20..36:37
              callee: field appendTo  @36:20..36:37
                call  @36:20..36:37
                  callee: field toVec  @36:20..36:35
                    array  @36:20..36:29
                      int 3  @36:21..36:22
                      int 1  @36:24..36:25
                      int 2  @36:27..36:28
              arg: unary &var  @36:20..36:37
                name text#  @36:20..36:37
          expr  @36:17..36:39
            unary move  @36:17..36:39
              name text#  @36:17..36:39
