---
source: crates/wip-lang/tests/cases.rs
---
[E0301] Error: mismatched types
    ╭─[ err/204_receiver_decides/main.wip:13:12 ]
    │
 12 │ fn first(parts: &var Vec<Node>): Result<Node, str> = {
    │                                  ────────┬────────  
    │                                          ╰────────── return type declared here
 13 │     return parts.pop().unwrap()
    │            ──────────┬─────────  
    │                      ╰─────────── expected `Result<Node, str>`, found `Node`
────╯
[E0301] Error: mismatched types
    ╭─[ err/204_receiver_decides/main.wip:18:18 ]
    │
 18 │     val s: str = v.unwrap()
    │            ─┬─   ─────┬────  
    │             ╰──────────────── expected because of this type
    │                       │      
    │                       ╰────── expected `str`, found `i64`
────╯
[E0301] Error: mismatched types
    ╭─[ err/204_receiver_decides/main.wip:19:19 ]
    │
 19 │     val b: bool = v.unwrapOr(0)
    │            ──┬─   ──────┬──────  
    │              ╰─────────────────── expected because of this type
    │                         │        
    │                         ╰──────── expected `bool`, found `i64`
────╯
