---
source: crates/wip-lang/tests/cases.rs
---
exit code 101
--- stdout ---
--- stderr ---
panicked: a tally ended below zero: self.count >= 0
  at ../../tests/cases/ok/250_stack_trace/main.wip:16:24
  in Tally.destroy (../../tests/cases/ok/250_stack_trace/main.wip:16)
  in std::prelude::destroy<Tally> (std/prelude/destroy.wip:18)
  in std::prelude::Vec.clear<Tally> (std/prelude/vec.wip:239)
  in std::prelude::Vec.destroy<Tally> (std/prelude/vec.wip:92)
  in settle<Tally> (../../tests/cases/ok/250_stack_trace/main.wip:20)
  in main (../../tests/cases/ok/250_stack_trace/main.wip:26)
