---
source: crates/wip-lang/tests/cases.rs
---
=== main.wip ===
import std::c  @8:1..8:14
import std::io  @9:1..9:15
extern "C"  @11:1..13:2
  fn sum_bytes  @12:5..12:54
    param bytes  @12:18..12:32
      ptr  @12:25..12:32
        arg: u8  @12:29..12:31
    param count  @12:34..12:46
      c_int  @12:41..12:46
    ret: c_int  @12:49..12:54
fn second  @15:1..18:2
  param values  @15:11..15:25
    ref  @15:19..15:25
      slice  @15:20..15:25
        i64  @15:21..15:24
  ret: i64  @15:28..15:31
  body: block  @15:34..18:2
    val first  @16:5..16:38
      init: call  @16:17..16:38
        callee: path c::pointerTo  @16:17..16:29
        arg: unary &  @16:30..16:37
          name values  @16:31..16:37
    return  @17:5..17:20
      index  @17:12..17:20
        base: name first  @17:12..17:17
        index: int 1  @17:18..17:19
fn main  @20:1..26:2
  body: block  @20:13..26:2
    val bytes  @21:5..21:35
      type: array 3  @21:16..21:23
        u8  @21:17..21:19
      init: array  @21:26..21:35
        int 7  @21:27..21:28
        int 8  @21:30..21:31
        int 9  @21:33..21:34
    expr  @22:5..22:79
      call  @22:5..22:79
        callee: path io::printInt  @22:5..22:17
        arg: cast  @22:18..22:78
          call  @22:18..22:71
            callee: name sum_bytes  @22:18..22:27
            arg: call  @22:28..22:48
              callee: path c::pointerTo  @22:28..22:40
              arg: unary &  @22:41..22:47
                name bytes  @22:42..22:47
            arg: cast  @22:50..22:70
              call  @22:50..22:61
                callee: field len  @22:50..22:59
                  name bytes  @22:50..22:55
              to: c_int  @22:65..22:70
          to: i64  @22:75..22:78
    val values  @23:5..23:37
      type: array 3  @23:17..23:25
        i64  @23:18..23:21
      init: array  @23:28..23:37
        int 7  @23:29..23:30
        int 8  @23:32..23:33
        int 9  @23:35..23:36
    expr  @24:5..24:34
      call  @24:5..24:34
        callee: path io::printInt  @24:5..24:17
        arg: call  @24:18..24:33
          callee: name second  @24:18..24:24
          arg: unary &  @24:25..24:32
            name values  @24:26..24:32
    expr  @25:5..25:43
      call  @25:5..25:43
        callee: path io::printInt  @25:5..25:17
        arg: index  @25:18..25:42
          base: call  @25:18..25:39
            callee: path c::pointerTo  @25:18..25:30
            arg: unary &  @25:31..25:38
              name values  @25:32..25:38
          index: int 2  @25:40..25:41
