---
source: crates/wip-lang/tests/cases.rs
---
=== main.wip ===
import std::io::{printInt}  @6:1..6:27
import std::math::{self}  @7:1..7:25
import geometry::{Line, Kind, length as lengthOf, unitLength}  @8:1..8:62
import geometry::shapes::{Square, perimeter}  @9:1..9:45
fn longer  @12:1..12:68
  param a  @12:11..12:19
    ref  @12:14..12:19
      Line  @12:15..12:19
  param b  @12:21..12:29
    ref  @12:24..12:29
      Line  @12:25..12:29
  ret: i64  @12:32..12:35
  body: call  @12:38..12:68
    callee: field max  @12:38..12:54
      call  @12:38..12:50
        callee: name lengthOf  @12:38..12:46
        arg: unary &  @12:47..12:49
          name a  @12:48..12:49
    arg: call  @12:55..12:67
      callee: name lengthOf  @12:55..12:63
      arg: unary &  @12:64..12:66
        name b  @12:65..12:66
fn main  @14:1..32:2
  ret: i64  @14:12..14:15
  body: block  @14:18..32:2
    val short  @15:5..15:37
      init: call  @15:17..15:37
        callee: name Line  @15:17..15:21
        arg from: int 1  @15:28..15:29
        arg to: int 4  @15:35..15:36
    val long  @16:5..16:36
      init: call  @16:16..16:36
        callee: name Line  @16:16..16:20
        arg from: int 0  @16:27..16:28
        arg to: int 7  @16:34..16:35
    expr  @17:5..17:36
      call  @17:5..17:36
        callee: name printInt  @17:5..17:13
        arg: call  @17:14..17:35
          callee: name longer  @17:14..17:20
          arg: unary &  @17:21..17:27
            name short  @17:22..17:27
          arg: unary &  @17:29..17:34
            name long  @17:30..17:34
    expr  @18:5..18:38
      call  @18:5..18:38
        callee: name printInt  @18:5..18:13
        arg: call  @18:14..18:37
          callee: field min  @18:14..18:34
            call  @18:14..18:30
              callee: name lengthOf  @18:14..18:22
              arg: unary &  @18:23..18:29
                name short  @18:24..18:29
          arg: int 5  @18:35..18:36
    val square  @19:5..19:33
      init: call  @19:18..19:33
        callee: name Square  @19:18..19:24
        arg side: int 5  @19:31..19:32
    expr  @20:5..20:40
      call  @20:5..20:40
        callee: name printInt  @20:5..20:13
        arg: binary *  @20:14..20:39
          field side  @20:14..20:25
            name square  @20:14..20:20
          field side  @20:28..20:39
            name square  @20:28..20:34
    expr  @21:5..21:41
      call  @21:5..21:41
        callee: name printInt  @21:5..21:13
        arg: call  @21:14..21:40
          callee: name perimeter  @21:14..21:23
          arg: call  @21:24..21:39
            callee: name Square  @21:24..21:30
            arg side: int 3  @21:37..21:38
    val kind  @23:5..23:36
      type: Kind  @23:15..23:19
      init: path Kind::Vertical  @23:22..23:36
    expr  @24:5..27:7
      call  @24:5..27:7
        callee: name printInt  @24:5..24:13
        arg: match  @24:14..27:6
          scrutinee: name kind  @24:20..24:24
          arm  @25:9..25:30
            pattern: variant Kind::Horizontal  @25:9..25:25
            body: int 0  @25:29..25:30
          arm  @26:9..26:23
            pattern: variant .Vertical  @26:9..26:18
            body: int 1  @26:22..26:23
    expr  @29:5..29:47
      call  @29:5..29:47
        callee: name printInt  @29:5..29:13
        arg: cast  @29:14..29:46
          paren  @29:14..29:39
            binary *  @29:15..29:38
              binary /  @29:15..29:30
                path math::TAU  @29:15..29:24
                float 2.0  @29:27..29:30
              float 100.0  @29:33..29:38
          to: i64  @29:43..29:46
    expr  @30:5..30:27
      call  @30:5..30:27
        callee: name printInt  @30:5..30:13
        arg: call  @30:14..30:26
          callee: name unitLength  @30:14..30:24
    expr  @31:5..31:6
      int 0  @31:5..31:6
