---
source: tests/gate
---
=== main.wip ===
import std::io  @15:1..15:15
@header("shapes.h")  @17:1..17:20
extern "C"  @18:1..38:2
  fn area  @36:5..36:28
    param c  @36:13..36:22
      Circle  @36:16..36:22
    ret: f64  @36:25..36:28
  fn quadrant  @37:5..37:31
    param p  @37:17..37:25
      Point  @37:20..37:25
    ret: i64  @37:28..37:31
@header("shapes.h")  @42:1..42:20
extern struct Pair  @43:8..46:2
  field first  @44:5..44:15
    i64  @44:12..44:15
  field second  @45:5..45:16
    i64  @45:13..45:16
fn main  @48:1..57:2
  body: block  @48:13..57:2
    val here  @49:5..49:38
      init: call  @49:16..49:38
        callee: name Point  @49:16..49:21
        arg x: unary -  @49:25..49:29
          float 1  @49:26..49:29
        arg y: float 2  @49:34..49:37
    expr  @50:5..50:33
      call  @50:5..50:33
        callee: path io::printInt  @50:5..50:17
        arg: call  @50:18..50:32
          callee: name quadrant  @50:18..50:26
          arg: name here  @50:27..50:31
    val round  @51:5..51:41
      init: call  @51:17..51:41
        callee: name Circle  @51:17..51:23
        arg at: name here  @51:28..51:32
        arg r: float 2  @51:37..51:40
    expr  @52:5..52:37
      call  @52:5..52:37
        callee: path io::printInt  @52:5..52:17
        arg: cast  @52:18..52:36
          call  @52:18..52:29
            callee: name area  @52:18..52:22
            arg: name round  @52:23..52:28
          to: i64  @52:33..52:36
    val bits  @53:5..53:30
      init: call  @53:16..53:30
        callee: name Bits  @53:16..53:20
        arg whole: int 1  @53:28..53:29
    expr  @54:5..54:29
      call  @54:5..54:29
        callee: path io::printInt  @54:5..54:17
        arg: field whole  @54:18..54:28
          name bits  @54:18..54:22
    val pair  @55:5..55:41
      init: call  @55:16..55:41
        callee: name Pair  @55:16..55:20
        arg first: int 1  @55:28..55:29
        arg second: int 2  @55:39..55:40
    expr  @56:5..56:43
      call  @56:5..56:43
        callee: path io::printInt  @56:5..56:17
        arg: binary +  @56:18..56:42
          field first  @56:18..56:28
            name pair  @56:18..56:22
          field second  @56:31..56:42
            name pair  @56:31..56:35
