---
source: tests/gate
---
=== main.wip ===
import std::io  @14:1..14:15
fn digits  @16:1..24:2
  param text  @16:11..16:20
    str  @16:17..16:20
  ret: i64  @16:23..16:26
  body: block  @16:29..24:2
    var n  @17:5..17:14
      init: int 0  @17:13..17:14
    for  @18:5..22:6
      pattern: binding byte  @18:9..18:13
      elements: name text  @18:17..18:21
      body: block  @18:22..22:6
        expr  @19:9..21:10
          if  @19:9..21:10
            cond: binary &&  @19:12..19:36
              binary <=  @19:12..19:22
                int 48  @19:12..19:14
                name byte  @19:18..19:22
              binary <=  @19:26..19:36
                name byte  @19:26..19:30
                int 57  @19:34..19:36
            then: block  @19:37..21:10
              expr  @20:13..20:19
                assign +=  @20:13..20:19
                  target: name n  @20:13..20:14
                  value: int 1  @20:18..20:19
    return  @23:5..23:13
      name n  @23:12..23:13
fn total  @26:1..32:2
  param bytes  @26:10..26:22
    ref  @26:17..26:22
      slice  @26:18..26:22
        u8  @26:19..26:21
  ret: i64  @26:25..26:28
  body: block  @26:31..32:2
    var sum  @27:5..27:16
      init: int 0  @27:15..27:16
    for  @28:5..30:6
      pattern: binding b  @28:9..28:10
      elements: name bytes  @28:14..28:19
      body: block  @28:20..30:6
        expr  @29:9..29:24
          assign +=  @29:9..29:24
            target: name sum  @29:9..29:12
            value: cast  @29:16..29:24
              name b  @29:16..29:17
              to: i64  @29:21..29:24
    return  @31:5..31:15
      name sum  @31:12..31:15
fn main  @34:1..48:2
  body: block  @34:13..48:2
    expr  @35:5..35:34
      call  @35:5..35:34
        callee: path io::printInt  @35:5..35:17
        arg: call  @35:18..35:33
          callee: name digits  @35:18..35:24
          arg: str "a1b22"  @35:25..35:32
    var sum  @37:5..37:16
      init: int 0  @37:15..37:16
    for  @38:5..40:6
      pattern: binding b  @38:9..38:10
      elements: str "abc"  @38:14..38:19
      body: block  @38:20..40:6
        expr  @39:9..39:24
          assign +=  @39:9..39:24
            target: name sum  @39:9..39:12
            value: cast  @39:16..39:24
              name b  @39:16..39:17
              to: i64  @39:21..39:24
    expr  @41:5..41:22
      call  @41:5..41:22
        callee: path io::printInt  @41:5..41:17
        arg: name sum  @41:18..41:21
    val held  @43:5..43:32
      init: call  @43:16..43:32
        callee: path String::of  @43:16..43:26
        arg: str "hi"  @43:27..43:31
    expr  @44:5..44:47
      call  @44:5..44:47
        callee: path io::printInt  @44:5..44:17
        arg: call  @44:18..44:46
          callee: name total  @44:18..44:23
          arg: unary &  @44:24..44:45
            call  @44:25..44:45
              callee: field items  @44:25..44:43
                call  @44:25..44:37
                  callee: field toStr  @44:25..44:35
                    name held  @44:25..44:29
    expr  @47:5..47:53
      call  @47:5..47:53
        callee: path io::printInt  @47:5..47:17
        arg: binary -  @47:18..47:52
          call  @47:18..47:47
            callee: name total  @47:18..47:23
            arg: unary &  @47:24..47:46
              slice  @47:25..47:46
                base: call  @47:25..47:40
                  callee: field items  @47:25..47:38
                    str "hello"  @47:25..47:32
                lo: int 1  @47:41..47:42
                hi: int 2  @47:44..47:45
          int 96  @47:50..47:52
