---
source: tests/gate
---
=== main.wip ===
import std::io  @5:1..5:15
struct Point  @7:1..10:2
  field x  @8:5..8:11
    i64  @8:8..8:11
  field y  @9:5..9:11
    i64  @9:8..9:11
val LIMIT  @12:1..12:19
  type: i64  @12:12..12:15
  value: int 5  @12:18..12:19
fn isHex  @14:1..14:65
  param c  @14:10..14:17
    char  @14:13..14:17
  ret: bool  @14:20..14:24
  body: is  @14:27..14:65
    scrutinee: name c  @14:27..14:28
    pattern: range '0'..='9' | range 'a'..='f' | range 'A'..='F'  @14:32..14:65
fn main  @16:1..34:2
  body: block  @16:13..34:2
    val c  @17:5..17:16
      init: char 'x'  @17:13..17:16
    expr  @18:5..18:83
      call  @18:5..18:83
        callee: path io::println  @18:5..18:16
        arg: block  @18:17..18:82
          var text#  @18:17..18:82
            init: call  @18:17..18:82
              callee: path String::withCapacity  @18:17..18:82
              arg: int 35  @18:17..18:82
          expr  @18:20..18:34
            call  @18:20..18:34
              callee: field appendTo  @18:20..18:34
                is  @18:20..18:34
                  scrutinee: name c  @18:20..18:21
                  pattern: range 'a'..='z'  @18:25..18:34
              arg: unary &var  @18:20..18:34
                name text#  @18:20..18:34
          expr  @18:34..18:38
            call  @18:34..18:38
              callee: field push  @18:34..18:38
                name text#  @18:34..18:38
              arg: str " "  @18:34..18:38
          expr  @18:38..18:52
            call  @18:38..18:52
              callee: field appendTo  @18:38..18:52
                is  @18:38..18:52
                  scrutinee: name c  @18:38..18:39
                  pattern: range 'A'..='Z'  @18:43..18:52
              arg: unary &var  @18:38..18:52
                name text#  @18:38..18:52
          expr  @18:52..18:56
            call  @18:52..18:56
              callee: field push  @18:52..18:56
                name text#  @18:52..18:56
              arg: str " "  @18:52..18:56
          expr  @18:56..18:66
            call  @18:56..18:66
              callee: field appendTo  @18:56..18:66
                call  @18:56..18:66
                  callee: name isHex  @18:56..18:61
                  arg: char 'b'  @18:62..18:65
              arg: unary &var  @18:56..18:66
                name text#  @18:56..18:66
          expr  @18:66..18:70
            call  @18:66..18:70
              callee: field push  @18:66..18:70
                name text#  @18:66..18:70
              arg: str " "  @18:66..18:70
          expr  @18:70..18:80
            call  @18:70..18:80
              callee: field appendTo  @18:70..18:80
                call  @18:70..18:80
                  callee: name isHex  @18:70..18:75
                  arg: char 'g'  @18:76..18:79
              arg: unary &var  @18:70..18:80
                name text#  @18:70..18:80
          expr  @18:17..18:82
            unary move  @18:17..18:82
              name text#  @18:17..18:82
    expr  @19:5..19:83
      call  @19:5..19:83
        callee: path io::println  @19:5..19:16
        arg: block  @19:17..19:82
          var text#  @19:17..19:82
            init: call  @19:17..19:82
              callee: path String::withCapacity  @19:17..19:82
              arg: int 35  @19:17..19:82
          expr  @19:20..19:34
            call  @19:20..19:34
              callee: field appendTo  @19:20..19:34
                is  @19:20..19:34
                  scrutinee: int 3  @19:20..19:21
                  pattern: int 1 | int 2 | int 3  @19:25..19:34
              arg: unary &var  @19:20..19:34
                name text#  @19:20..19:34
          expr  @19:34..19:38
            call  @19:34..19:38
              callee: field push  @19:34..19:38
                name text#  @19:34..19:38
              arg: str " "  @19:34..19:38
          expr  @19:38..19:47
            call  @19:38..19:47
              callee: field appendTo  @19:38..19:47
                is  @19:38..19:47
                  scrutinee: unary -  @19:38..19:40
                    int 1  @19:39..19:40
                  pattern: range ..0  @19:44..19:47
              arg: unary &var  @19:38..19:47
                name text#  @19:38..19:47
          expr  @19:47..19:51
            call  @19:47..19:51
              callee: field push  @19:47..19:51
                name text#  @19:47..19:51
              arg: str " "  @19:47..19:51
          expr  @19:51..19:63
            call  @19:51..19:63
              callee: field appendTo  @19:51..19:63
                is  @19:51..19:63
                  scrutinee: str "ab"  @19:51..19:55
                  pattern: str "ab"  @19:59..19:63
              arg: unary &var  @19:51..19:63
                name text#  @19:51..19:63
          expr  @19:63..19:67
            call  @19:63..19:67
              callee: field push  @19:63..19:67
                name text#  @19:63..19:67
              arg: str " "  @19:63..19:67
          expr  @19:67..19:80
            call  @19:67..19:80
              callee: field appendTo  @19:67..19:80
                is  @19:67..19:80
                  scrutinee: bool true  @19:67..19:71
                  pattern: bool false  @19:75..19:80
              arg: unary &var  @19:67..19:80
                name text#  @19:67..19:80
          expr  @19:17..19:82
            unary move  @19:17..19:82
              name text#  @19:17..19:82
    val p  @20:5..20:30
      init: call  @20:13..20:30
        callee: name Point  @20:13..20:18
        arg x: int 0  @20:22..20:23
        arg y: int 5  @20:28..20:29
    expr  @21:5..21:67
      call  @21:5..21:67
        callee: path io::println  @21:5..21:16
        arg: block  @21:17..21:66
          var text#  @21:17..21:66
            init: call  @21:17..21:66
              callee: path String::withCapacity  @21:17..21:66
              arg: int 17  @21:17..21:66
          expr  @21:20..21:40
            call  @21:20..21:40
              callee: field appendTo  @21:20..21:40
                is  @21:20..21:40
                  scrutinee: name p  @21:20..21:21
                  pattern: variant Point(x: int 0, ..)  @21:25..21:40
              arg: unary &var  @21:20..21:40
                name text#  @21:20..21:40
          expr  @21:40..21:44
            call  @21:40..21:44
              callee: field push  @21:40..21:44
                name text#  @21:40..21:44
              arg: str " "  @21:40..21:44
          expr  @21:44..21:64
            call  @21:44..21:64
              callee: field appendTo  @21:44..21:64
                is  @21:44..21:64
                  scrutinee: name p  @21:44..21:45
                  pattern: variant Point(x: int 1, ..)  @21:49..21:64
              arg: unary &var  @21:44..21:64
                name text#  @21:44..21:64
          expr  @21:17..21:66
            unary move  @21:17..21:66
              name text#  @21:17..21:66
    expr  @22:5..24:6
      if  @22:5..24:6
        cond: binary &&  @22:8..22:36
          is  @22:8..22:27
            scrutinee: name p  @22:8..22:9
            pattern: variant Point(x: int 0, y)  @22:13..22:27
          binary >  @22:31..22:36
            name y  @22:31..22:32
            int 2  @22:35..22:36
        then: block  @22:37..24:6
          expr  @23:9..23:43
            call  @23:9..23:43
              callee: path io::println  @23:9..23:20
              arg: block  @23:21..23:42
                var text#  @23:21..23:42
                  init: call  @23:21..23:42
                    callee: path String::withCapacity  @23:21..23:42
                    arg: int 23  @23:21..23:42
                expr  @23:21..23:39
                  call  @23:21..23:39
                    callee: field push  @23:21..23:39
                      name text#  @23:21..23:39
                    arg: str "on the axis at "  @23:21..23:39
                expr  @23:39..23:40
                  call  @23:39..23:40
                    callee: field appendTo  @23:39..23:40
                      name y  @23:39..23:40
                    arg: unary &var  @23:39..23:40
                      name text#  @23:39..23:40
                expr  @23:21..23:42
                  unary move  @23:21..23:42
                    name text#  @23:21..23:42
    val next  @25:5..25:39
      type: Option  @25:15..25:25
        arg: u8  @25:22..25:24
      init: call  @25:28..25:39
        callee: path .Some  @25:28..25:33
        arg: byte b'7'  @25:34..25:38
    expr  @26:5..28:6
      if  @26:5..28:6
        cond: is  @26:8..26:41
          scrutinee: name next  @26:8..26:12
          pattern: variant .Some(field#: byte b' ' | range b'0'..=b'9')  @26:16..26:41
        then: block  @26:42..28:6
          expr  @27:9..27:42
            call  @27:9..27:42
              callee: path io::println  @27:9..27:20
              arg: str "a space or a digit"  @27:21..27:41
    var n  @29:5..29:14
      init: int 0  @29:13..29:14
    while  @30:5..32:6
      cond: is  @30:11..30:24
        scrutinee: name n  @30:11..30:12
        pattern: range 0..LIMIT  @30:16..30:24
      body: block  @30:25..32:6
        expr  @31:9..31:15
          assign +=  @31:9..31:15
            target: name n  @31:9..31:10
            value: int 1  @31:14..31:15
    expr  @33:5..33:24
      call  @33:5..33:24
        callee: path io::println  @33:5..33:16
        arg: block  @33:17..33:23
          var text#  @33:17..33:23
            init: call  @33:17..33:23
              callee: path String::withCapacity  @33:17..33:23
              arg: int 8  @33:17..33:23
          expr  @33:20..33:21
            call  @33:20..33:21
              callee: field appendTo  @33:20..33:21
                name n  @33:20..33:21
              arg: unary &var  @33:20..33:21
                name text#  @33:20..33:21
          expr  @33:17..33:23
            unary move  @33:17..33:23
              name text#  @33:17..33:23
