---
source: crates/wip-lang/tests/cases.rs
---
[E0350] Error: an owned closure cannot capture `items`, a reference
    ╭─[ err/105_owned_closures/main.wip:11:16 ]
    │
 11 │     own (i) => items[i]             // a reference does not outlive the call
    │                ──┬──  
    │                  ╰──── captured here
    │ 
    │ Help: pass it to the closure as a parameter, or capture what it refers to by value
    │ 
    │ Note: an owned closure outlives the call that made it, and a reference does not
────╯
[E0304] Error: cannot assign to `total`, which this closure captured
    ╭─[ err/105_owned_closures/main.wip:16:9 ]
    │
 16 │         total += x
    │         ──┬──  
    │           ╰──── captured by value
    │ 
    │ Help: take what changes as a parameter of the closure
    │ 
    │ Note: an owned closure holds what it captured and reads it; whether it may change it is left for later
────╯
[E0301] Error: an owned closure is written here, and `(i64) => i64` is expected
    ╭─[ err/105_owned_closures/main.wip:21:29 ]
    │
 21 │ fn intoPlain(): i64 = plain(own (x) => x + 1, 2)
    │                             ────────┬───────  
    │                                     ╰───────── an owned closure
    │ 
    │ Help: leave out `own`, so the lambda is lent for the call
    │ 
    │ Note: `own (x) => …` allocates an environment that holds what it captured
────╯
[E0301] Error: an owned closure is written here, and `&(i64) => i64` is expected
    ╭─[ err/105_owned_closures/main.wip:23:27 ]
    │
 23 │ fn intoLent(): i64 = lent(own (x) => x + 1, 2)
    │                           ────────┬───────  
    │                                   ╰───────── an owned closure
    │ 
    │ Help: leave out `own`, so the lambda is lent for the call
    │ 
    │ Note: `own (x) => …` allocates an environment that holds what it captured
────╯
[E0301] Error: expected `own<(i64) => i64>`, found a lambda
    ╭─[ err/105_owned_closures/main.wip:25:47 ]
    │
 25 │ fn missingOwn(n: i64): own<(x: i64) => i64> = (x) => x + n
    │                                               ──────┬─────  
    │                                                     ╰─────── a lambda that is not owned
    │ 
    │ Help: write `own` before it
    │ 
    │ Note: an owned closure holds what it captured on the heap, so it is written with `own`, as every other allocation is
────╯
[E0349] Error: the type of `x` is not known here
    ╭─[ err/105_owned_closures/main.wip:28:18 ]
    │
 28 │     val f = own (x) => x + 1        // nothing says what `x` is
    │                  ┬  
    │                  ╰── no type for this parameter
    │ 
    │ Help: write the type: `x: i64`
    │ 
    │ Note: a lambda takes its parameters' types from the function type expected where it is written
────╯
