---
source: tests/gate
---
=== main.wip ===
import std::embed  @9:1..9:18
import std::io  @10:1..10:15
val BYTES  @12:1..12:52
  type: ref  @12:12..12:17
    slice  @12:13..12:17
      u8  @12:14..12:16
  value: call  @12:20..12:52
    callee: path embed::bytes  @12:20..12:32
    arg: str "assets/bytes.bin"  @12:33..12:51
fn lengths  @14:1..21:2
  param values  @14:12..14:25
    ref  @14:20..14:25
      slice  @14:21..14:25
        u8  @14:22..14:24
  ret: i64  @14:28..14:31
  body: block  @14:34..21:2
    val all  @15:5..15:21
      init: name values  @15:15..15:21
    var n  @16:5..16:22
      init: call  @16:13..16:22
        callee: field len  @16:13..16:20
          name all  @16:13..16:16
    for  @17:5..19:6
      pattern: binding part  @17:9..17:13
      elements: array  @17:17..17:33
        name values  @17:18..17:24
        name values  @17:26..17:32
      body: block  @17:34..19:6
        expr  @18:9..18:24
          assign +=  @18:9..18:24
            target: name n  @18:9..18:10
            value: call  @18:14..18:24
              callee: field len  @18:14..18:22
                name part  @18:14..18:18
    return  @20:5..20:13
      name n  @20:12..20:13
fn main  @23:1..32:2
  body: block  @23:13..32:2
    val local  @24:5..24:35
      type: array 3  @24:16..24:23
        u8  @24:17..24:19
      init: array  @24:26..24:35
        int 1  @24:27..24:28
        int 2  @24:30..24:31
        int 3  @24:33..24:34
    val kept  @25:5..25:21
      init: name BYTES  @25:16..25:21
    var copy  @26:5..26:28
      init: call  @26:16..26:28
        callee: field toVec  @26:16..26:26
          name kept  @26:16..26:20
    expr  @27:5..27:17
      assign +=  @27:5..27:17
        target: index  @27:5..27:12
          base: name copy  @27:5..27:9
          index: int 0  @27:10..27:11
        value: int 1  @27:16..27:17
    val both  @28:5..28:29
      init: array  @28:16..28:29
        name BYTES  @28:17..28:22
        name kept  @28:24..28:28
    val list  @29:5..29:38
      init: call  @29:16..29:38
        callee: path Vec::of  @29:16..29:23
        arg: unary own  @29:24..29:37
          array  @29:28..29:37
            int 4  @29:29..29:30
            int 5  @29:32..29:33
            int 6  @29:35..29:36
    val view  @30:5..30:28
      init: call  @30:16..30:28
        callee: field items  @30:16..30:26
          name list  @30:16..30:20
    expr  @31:5..31:107
      call  @31:5..31:107
        callee: path io::println  @31:5..31:16
        arg: block  @31:17..31:106
          var text#  @31:17..31:106
            init: call  @31:17..31:106
              callee: path String::withCapacity  @31:17..31:106
              arg: int 44  @31:17..31:106
          expr  @31:20..31:35
            call  @31:20..31:35
              callee: field appendTo  @31:20..31:35
                call  @31:20..31:35
                  callee: name lengths  @31:20..31:27
                  arg: unary &  @31:28..31:34
                    name local  @31:29..31:34
              arg: unary &var  @31:20..31:35
                name text#  @31:20..31:35
          expr  @31:35..31:39
            call  @31:35..31:39
              callee: field push  @31:35..31:39
                name text#  @31:35..31:39
              arg: str " "  @31:35..31:39
          expr  @31:39..31:53
            call  @31:39..31:53
              callee: field appendTo  @31:39..31:53
                call  @31:39..31:53
                  callee: name lengths  @31:39..31:46
                  arg: name BYTES  @31:47..31:52
              arg: unary &var  @31:39..31:53
                name text#  @31:39..31:53
          expr  @31:53..31:57
            call  @31:53..31:57
              callee: field push  @31:53..31:57
                name text#  @31:53..31:57
              arg: str " "  @31:53..31:57
          expr  @31:57..31:79
            call  @31:57..31:79
              callee: field appendTo  @31:57..31:79
                call  @31:57..31:79
                  callee: field unwrap  @31:57..31:77
                    call  @31:57..31:70
                      callee: field max  @31:57..31:68
                        index  @31:57..31:64
                          base: name both  @31:57..31:61
                          index: int 1  @31:62..31:63
              arg: unary &var  @31:57..31:79
                name text#  @31:57..31:79
          expr  @31:79..31:83
            call  @31:79..31:83
              callee: field push  @31:79..31:83
                name text#  @31:79..31:83
              arg: str " "  @31:79..31:83
          expr  @31:83..31:90
            call  @31:83..31:90
              callee: field appendTo  @31:83..31:90
                index  @31:83..31:90
                  base: name copy  @31:83..31:87
                  index: int 0  @31:88..31:89
              arg: unary &var  @31:83..31:90
                name text#  @31:83..31:90
          expr  @31:90..31:94
            call  @31:90..31:94
              callee: field push  @31:90..31:94
                name text#  @31:90..31:94
              arg: str " "  @31:90..31:94
          expr  @31:94..31:104
            call  @31:94..31:104
              callee: field appendTo  @31:94..31:104
                call  @31:94..31:104
                  callee: field len  @31:94..31:102
                    name view  @31:94..31:98
              arg: unary &var  @31:94..31:104
                name text#  @31:94..31:104
          expr  @31:17..31:106
            unary move  @31:17..31:106
              name text#  @31:17..31:106
