---
source: crates/wip-lang/tests/cases.rs
---
[E0126] Warning: `.walk` starts a line, so it does not continue the line above
   ╭─[ err/364_chain_with_leading_dots/main.wip:9:9 ]
   │
 8 │     val n = xs
   │             ─┬  
   │              ╰── the expression it seems to continue
 9 │         .walk()
   │         ───┬───  
   │            ╰───── a variant of its own, not a call on the line above
   │ 
   │ Help: end the line above with the `.`
   │ 
   │ Note: a line break ends an expression, and a `.` that starts a line begins a variant; a chain goes on with the `.` at the end of the line above, or inside parentheses
───╯
[E0315] Error: cannot tell which enum `.walk` belongs to
   ╭─[ err/364_chain_with_leading_dots/main.wip:9:10 ]
   │
 9 │         .walk()
   │          ──┬─  
   │            ╰─── no enum is expected here
   │ 
   │ Help: to call `walk` on the value above, end that line with the `.`, or wrap the chain in parentheses
───╯
[E0126] Warning: `.count` starts a line, so it does not continue the line above
    ╭─[ err/364_chain_with_leading_dots/main.wip:10:9 ]
    │
  9 │         .walk()
    │         ───┬───  
    │            ╰───── the expression it seems to continue
 10 │         .count()
    │         ────┬───  
    │             ╰───── a variant of its own, not a call on the line above
    │ 
    │ Help: end the line above with the `.`
    │ 
    │ Note: a line break ends an expression, and a `.` that starts a line begins a variant; a chain goes on with the `.` at the end of the line above, or inside parentheses
────╯
[E0315] Error: cannot tell which enum `.count` belongs to
    ╭─[ err/364_chain_with_leading_dots/main.wip:10:10 ]
    │
 10 │         .count()
    │          ──┬──  
    │            ╰──── no enum is expected here
    │ 
    │ Help: to call `count` on the value above, end that line with the `.`, or wrap the chain in parentheses
────╯
