---
source: tests/gate
---
[E0108] Error: unclosed `{`
   ╭─[ err/09_unclosed_brace/main.wip:5:19 ]
   │
 5 │ fn first(): i64 = {
   │                   ┬
   │                   ╰── this `{` is never closed
 6 │     if true {
   │             ┬
   │             ╰── this `{` may be the one missing its `}`
   │
 9 │ }
   │ ┬
   │ ╰── this `}` is indented to close the block above, but it closes the `{` on line 6
───╯
[E0112] Error: missing `;` between statements on one line
    ╭─[ err/09_unclosed_brace/main.wip:12:14 ]
    │
 12 │     return 2 3
    │              ┬
    │              ╰── starts another statement on the same line
    │
    │ Help: add `;`
    │
    │ Note: statements on one line are separated by `;`
────╯
