---
source: tests/gate
---
[E0303] Error: cannot apply `&` to `bool`
   ╭─[ err/11_bitwise_and/main.wip:6:14 ]
   │
 6 │     return a & b
   │            ┬ ┬ ┬
   │            ╰────── `bool`
   │              │ │
   │              ╰──── bitwise operators need integer operands
   │                │
   │                ╰── `bool`
   │
   │ Help: for logical and, write `&&`
───╯
[E0109] Error: `&&` is the logical-and operator, not a double borrow
    ╭─[ err/11_bitwise_and/main.wip:15:14 ]
    │
 15 │     return g(&&x)
    │              ─┬
    │               ╰── logical and
    │
    │ Help: for a reference to a reference, write `& &`
────╯
