---
source: crates/wip-lang/tests/cases.rs
---
=== main.wip ===
import std::io  @8:1..8:15
enum Maybe  @10:1..13:2
  type param T  @10:12..10:13
  variant Some  @11:5..11:19
    field value  @11:10..11:18
      T  @11:17..11:18
  variant None  @12:5..12:9
struct Order  @15:1..18:2
  field count  @16:5..16:15
    i64  @16:12..16:15
  field price  @17:5..17:22
    Maybe  @17:12..17:22
      arg: i64  @17:18..17:21
struct Token  @20:1..22:2
  field id  @21:5..21:12
    i64  @21:9..21:12
fn find  @24:1..28:2
  param id  @24:9..24:16
    i64  @24:13..24:16
  ret: Maybe  @24:19..24:31
    arg: Order  @24:25..24:30
  body: if  @24:34..28:2
    cond: binary >  @24:37..24:43
      name id  @24:37..24:39
      int 0  @24:42..24:43
    then: block  @24:44..26:2
      expr  @25:5..25:74
        call  @25:5..25:74
          callee: path .Some  @25:5..25:10
          arg: call  @25:11..25:73
            callee: name Order  @25:11..25:16
            arg count: name id  @25:24..25:26
            arg price: if  @25:35..25:72
              cond: binary >  @25:38..25:44
                name id  @25:38..25:40
                int 1  @25:43..25:44
              then: block  @25:45..25:57
                expr  @25:47..25:55
                  call  @25:47..25:55
                    callee: path .Some  @25:47..25:52
                    arg: int 7  @25:53..25:54
              else: block  @25:63..25:72
                expr  @25:65..25:70
                  path .None  @25:65..25:70
    else: block  @26:8..28:2
      expr  @27:5..27:10
        path .None  @27:5..27:10
fn total  @30:1..38:2
  param id  @30:10..30:17
    i64  @30:14..30:17
  ret: i64  @30:20..30:23
  body: block  @30:26..38:2
    val else  @31:5..33:6
      pattern: variant .Some(order)  @31:9..31:21
      value: call  @31:24..31:32
        callee: name find  @31:24..31:28
        arg: name id  @31:29..31:31
      else: block  @31:38..33:6
        return  @32:9..32:18
          unary -  @32:16..32:18
            int 1  @32:17..32:18
    val else  @34:5..36:6
      pattern: variant .Some(price)  @34:9..34:21
      value: field price  @34:24..34:35
        name order  @34:24..34:29
      else: block  @34:41..36:6
        return  @35:9..35:18
          unary -  @35:16..35:18
            int 2  @35:17..35:18
    expr  @37:5..37:24
      binary *  @37:5..37:24
        name price  @37:5..37:10
        field count  @37:13..37:24
          name order  @37:13..37:18
fn token  @40:1..40:93
  param id  @40:10..40:17
    i64  @40:14..40:17
  ret: Maybe  @40:20..40:37
    arg: own  @40:26..40:36
      Token  @40:30..40:35
  body: if  @40:40..40:93
    cond: binary >  @40:43..40:49
      name id  @40:43..40:45
      int 0  @40:48..40:49
    then: block  @40:50..40:78
      expr  @40:52..40:76
        call  @40:52..40:76
          callee: path .Some  @40:52..40:57
          arg: unary own  @40:58..40:75
            call  @40:62..40:75
              callee: name Token  @40:62..40:67
              arg id: name id  @40:72..40:74
    else: block  @40:84..40:93
      expr  @40:86..40:91
        path .None  @40:86..40:91
fn owned  @42:1..51:2
  ret: i64  @42:13..42:16
  body: block  @42:19..51:2
    val else  @43:5..45:6
      pattern: variant .Some(first)  @43:9..43:21
      value: call  @43:24..43:32
        callee: name token  @43:24..43:29
        arg: int 5  @43:30..43:31
      else: block  @43:38..45:6
        return  @44:9..44:17
          int 0  @44:16..44:17
    var second  @46:5..46:26
      init: call  @46:18..46:26
        callee: name token  @46:18..46:23
        arg: int 7  @46:24..46:25
    val else  @47:5..49:6
      pattern: variant .Some(other)  @47:9..47:21
      value: unary move  @47:24..47:35
        name second  @47:29..47:35
      else: block  @47:41..49:6
        return  @48:9..48:17
          int 0  @48:16..48:17
    expr  @50:5..50:24
      binary +  @50:5..50:24
        field id  @50:5..50:13
          name first  @50:5..50:10
        field id  @50:16..50:24
          name other  @50:16..50:21
fn main  @53:1..86:2
  ret: i64  @53:12..53:15
  body: block  @53:18..86:2
    expr  @54:5..54:27
      call  @54:5..54:27
        callee: path io::printInt  @54:5..54:17
        arg: call  @54:18..54:26
          callee: name total  @54:18..54:23
          arg: int 3  @54:24..54:25
    expr  @55:5..55:28
      call  @55:5..55:28
        callee: path io::printInt  @55:5..55:17
        arg: call  @55:18..55:27
          callee: name total  @55:18..55:23
          arg: unary -  @55:24..55:26
            int 4  @55:25..55:26
    expr  @56:5..56:27
      call  @56:5..56:27
        callee: path io::printInt  @56:5..56:17
        arg: call  @56:18..56:26
          callee: name total  @56:18..56:23
          arg: int 1  @56:24..56:25
    var slot  @57:5..57:36
      type: Maybe  @57:15..57:25
        arg: i64  @57:21..57:24
      init: call  @57:28..57:36
        callee: path .Some  @57:28..57:33
        arg: int 3  @57:34..57:35
    expr  @60:5..63:6
      match  @60:5..63:6
        scrutinee: name slot  @60:11..60:15
        arm  @61:9..61:39
          pattern: variant .Some(held)  @61:9..61:20
          body: assign  @61:24..61:39
            target: name held  @61:24..61:28
            value: binary *  @61:31..61:39
              name held  @61:31..61:35
              int 2  @61:38..61:39
        arm  @62:9..62:20
          pattern: variant .None  @62:9..62:14
          body: block  @62:18..62:20
    val else  @66:5..68:6
      pattern: variant .Some(value)  @66:9..66:21
      value: name slot  @66:24..66:28
      else: block  @66:34..68:6
        return  @67:9..67:17
          int 1  @67:16..67:17
    expr  @69:5..69:17
      assign  @69:5..69:17
        target: name slot  @69:5..69:9
        value: path .None  @69:12..69:17
    expr  @70:5..70:24
      call  @70:5..70:24
        callee: path io::printInt  @70:5..70:17
        arg: name value  @70:18..70:23
    expr  @71:5..71:26
      call  @71:5..71:26
        callee: path io::printInt  @71:5..71:17
        arg: call  @71:18..71:25
          callee: name owned  @71:18..71:23
    var found  @72:5..72:18
      init: int 0  @72:17..72:18
    for  @73:5..83:6
      pattern: binding i  @73:9..73:10
      from: int 0  @73:14..73:15
      to: int 10  @73:17..73:19
      body: block  @73:20..83:6
        val else  @74:9..76:10
          pattern: variant .Some(t)  @74:13..74:21
          value: call  @74:24..74:36
            callee: name token  @74:24..74:29
            arg: binary %  @74:30..74:35
              name i  @74:30..74:31
              int 3  @74:34..74:35
          else: block  @74:42..76:10
            continue  @75:13..75:21
        expr  @77:9..79:10
          if  @77:9..79:10
            cond: binary ==  @77:12..77:21
              field id  @77:12..77:16
                name t  @77:12..77:13
              int 2  @77:20..77:21
            then: block  @77:22..79:10
              expr  @78:13..78:30
                assign  @78:13..78:30
                  target: name found  @78:13..78:18
                  value: binary +  @78:21..78:30
                    name found  @78:21..78:26
                    int 1  @78:29..78:30
        expr  @80:9..82:10
          if  @80:9..82:10
            cond: binary ==  @80:12..80:22
              name found  @80:12..80:17
              int 3  @80:21..80:22
            then: block  @80:23..82:10
              break  @81:13..81:18
    expr  @84:5..84:24
      call  @84:5..84:24
        callee: path io::printInt  @84:5..84:17
        arg: name found  @84:18..84:23
    expr  @85:5..85:6
      int 0  @85:5..85:6
