---
source: tests/gate
---
[E0414] Error: cannot assign to `slot` while an `is` binding refers to it
    ╭─[ err/81_is_borrows/main.wip:17:9 ]
    │
 16 │     if slot is .Some(token) {
    │        ──┬─
    │          ╰─── tested here; the bindings refer to it
 17 │         slot = .None
    │         ──┬─
    │           ╰─── assigned here
    │
    │ Note: the bindings of an `is` test on a place are aliases for its fields, so the place must not change until the block ends
────╯
[E0414] Error: cannot assign to `slot` while an `is` binding refers to it
    ╭─[ err/81_is_borrows/main.wip:20:9 ]
    │
 19 │     while slot is .Some(token) {
    │           ──┬─
    │             ╰─── tested here; the bindings refer to it
 20 │         slot = .None
    │         ──┬─
    │           ╰─── assigned here
    │
    │ Note: the bindings of an `is` test on a place are aliases for its fields, so the place must not change until the block ends
────╯
