---
source: tests/gate
---
=== main.wip ===
import std::io  @11:1..11:15
struct Board  @13:1..16:2
  field selected  @14:5..14:26
    Option  @14:15..14:26
      arg: i64  @14:22..14:25
  field moves  @15:5..15:15
    i64  @15:12..15:15
extend Board  @18:1..28:2
  var fn take  @19:5..27:6
    ret: i64  @19:20..19:23
    body: block  @19:26..27:6
      val else  @20:9..22:10
        pattern: variant .Some(id)  @20:13..20:22
        value: field selected  @20:25..20:38
          self  @20:25..20:29
        else: block  @20:44..22:10
          return  @21:13..21:22
            unary -  @21:20..21:22
              int 1  @21:21..21:22
      expr  @24:9..24:30
        assign  @24:9..24:30
          target: field selected  @24:9..24:22
            self  @24:9..24:13
          value: path .None  @24:25..24:30
      expr  @25:9..25:24
        assign +=  @25:9..25:24
          target: field moves  @25:9..25:19
            self  @25:9..25:13
          value: int 1  @25:23..25:24
      expr  @26:9..26:11
        name id  @26:9..26:11
struct Holder  @30:1..32:2
  field text  @31:5..31:25
    Option  @31:11..31:25
      arg: String  @31:18..31:24
fn length  @34:1..39:2
  param h  @34:11..34:21
    ref  @34:14..34:21
      Holder  @34:15..34:21
  ret: i64  @34:24..34:27
  body: block  @34:30..39:2
    val else  @35:5..37:6
      pattern: variant .Some(text)  @35:9..35:20
      value: field text  @35:23..35:29
        name h  @35:23..35:24
      else: block  @35:35..37:6
        return  @36:9..36:17
          int 0  @36:16..36:17
    expr  @38:5..38:15
      call  @38:5..38:15
        callee: field len  @38:5..38:13
          name text  @38:5..38:9
fn main  @41:1..54:2
  body: block  @41:13..54:2
    var board  @42:5..42:52
      init: call  @42:17..42:52
        callee: name Board  @42:17..42:22
        arg selected: call  @42:33..42:41
          callee: path .Some  @42:33..42:38
          arg: int 7  @42:39..42:40
        arg moves: int 0  @42:50..42:51
    expr  @43:5..43:64
      call  @43:5..43:64
        callee: path io::println  @43:5..43:16
        arg: block  @43:17..43:63
          var text#  @43:17..43:63
            init: call  @43:17..43:63
              callee: path String::withCapacity  @43:17..43:63
              arg: int 28  @43:17..43:63
          expr  @43:17..43:25
            call  @43:17..43:25
              callee: field push  @43:17..43:25
                name text#  @43:17..43:25
              arg: str "took "  @43:17..43:25
          expr  @43:25..43:37
            call  @43:25..43:37
              callee: field appendTo  @43:25..43:37
                call  @43:25..43:37
                  callee: field take  @43:25..43:35
                    name board  @43:25..43:30
              arg: unary &var  @43:25..43:37
                name text#  @43:25..43:37
          expr  @43:37..43:47
            call  @43:37..43:47
              callee: field push  @43:37..43:47
                name text#  @43:37..43:47
              arg: str ", left "  @43:37..43:47
          expr  @43:47..43:61
            call  @43:47..43:61
              callee: field appendTo  @43:47..43:61
                field selected  @43:47..43:61
                  name board  @43:47..43:52
              arg: unary &var  @43:47..43:61
                name text#  @43:47..43:61
          expr  @43:17..43:63
            unary move  @43:17..43:63
              name text#  @43:17..43:63
    var other  @45:5..45:52
      init: call  @45:17..45:52
        callee: name Board  @45:17..45:22
        arg selected: call  @45:33..45:41
          callee: path .Some  @45:33..45:38
          arg: int 7  @45:39..45:40
        arg moves: int 0  @45:50..45:51
    val else  @46:5..48:6
      pattern: variant .Some(kept)  @46:9..46:20
      value: field selected  @46:23..46:37
        name other  @46:23..46:28
      else: block  @46:43..48:6
        return  @47:9..47:15
    expr  @49:5..49:30
      assign  @49:5..49:30
        target: field selected  @49:5..49:19
          name other  @49:5..49:10
        value: call  @49:22..49:30
          callee: path .Some  @49:22..49:27
          arg: int 9  @49:28..49:29
    expr  @50:5..50:51
      call  @50:5..50:51
        callee: path io::println  @50:5..50:16
        arg: block  @50:17..50:50
          var text#  @50:17..50:50
            init: call  @50:17..50:50
              callee: path String::withCapacity  @50:17..50:50
              arg: int 23  @50:17..50:50
          expr  @50:20..50:24
            call  @50:20..50:24
              callee: field appendTo  @50:20..50:24
                name kept  @50:20..50:24
              arg: unary &var  @50:20..50:24
                name text#  @50:20..50:24
          expr  @50:24..50:34
            call  @50:24..50:34
              callee: field push  @50:24..50:34
                name text#  @50:24..50:34
              arg: str " after "  @50:24..50:34
          expr  @50:34..50:48
            call  @50:34..50:48
              callee: field appendTo  @50:34..50:48
                field selected  @50:34..50:48
                  name other  @50:34..50:39
              arg: unary &var  @50:34..50:48
                name text#  @50:34..50:48
          expr  @50:17..50:50
            unary move  @50:17..50:50
              name text#  @50:17..50:50
    val holder  @52:5..52:55
      init: call  @52:18..52:55
        callee: name Holder  @52:18..52:24
        arg text: call  @52:31..52:54
          callee: path .Some  @52:31..52:36
          arg: call  @52:37..52:53
            callee: path String::of  @52:37..52:47
            arg: str "hi"  @52:48..52:52
    expr  @53:5..53:38
      call  @53:5..53:38
        callee: path io::println  @53:5..53:16
        arg: block  @53:17..53:37
          var text#  @53:17..53:37
            init: call  @53:17..53:37
              callee: path String::withCapacity  @53:17..53:37
              arg: int 8  @53:17..53:37
          expr  @53:20..53:35
            call  @53:20..53:35
              callee: field appendTo  @53:20..53:35
                call  @53:20..53:35
                  callee: name length  @53:20..53:26
                  arg: unary &  @53:27..53:34
                    name holder  @53:28..53:34
              arg: unary &var  @53:20..53:35
                name text#  @53:20..53:35
          expr  @53:17..53:37
            unary move  @53:17..53:37
              name text#  @53:17..53:37
