---
source: crates/wip-lang/tests/cases.rs
---
exit code 101
--- stdout ---
--- stderr ---
panicked: index 18446744073709551615 is out of bounds
  at std/prelude/index.wip:30:38
  in std::prelude::indexOfUnsigned (std/prelude/index.wip:31)
  in main (../../tests/cases/ok/355_an_index_past_i64/main.wip:9)
