---
source: crates/wip-lang/tests/cases.rs
---
[E0436] Error: `first.size` is used after `t`, which it borrows, was changed
    ╭─[ err/216_references_kept/main.wip:37:20 ]
    │
 35 │     val first: &Node = &t.nodes[0]
    │         ──┬──  
    │           ╰──── `first` borrows `t`
 36 │     t.nodes.clear()
    │     ───┬───  
    │        ╰───── `t` passed as `&var` here
 37 │     io::println("\(first.size)")
    │                    ─────┬────  
    │                         ╰────── used here
    │ 
    │ Help: use `first.size` before `t` changes, or keep a copy of the value it points to
    │ 
    │ Note: a `&` reference points into the place it borrows, so that must not change while the reference is still used
────╯
[E0436] Error: `at.size` is used after `b`, which it borrows, was changed
    ╭─[ err/216_references_kept/main.wip:50:20 ]
    │
 45 │     var at: &Node = &a.nodes[0]
    │         ─┬  
    │          ╰── `at` borrows `b`
    │ 
 49 │     b.nodes.clear()
    │     ───┬───  
    │        ╰───── `b` passed as `&var` here
 50 │     io::println("\(at.size)")
    │                    ───┬───  
    │                       ╰───── used here
    │ 
    │ Help: use `at.size` before `b` changes, or keep a copy of the value it points to
    │ 
    │ Note: a `&` reference points into the place it borrows, so that must not change while the reference is still used
────╯
[E0436] Error: `n.size` is used after `t`, which it borrows, was changed
    ╭─[ err/216_references_kept/main.wip:59:28 ]
    │
 57 │         .Some(n) => {
    │               ┬  
    │               ╰── `n` borrows `t`
 58 │             t.nodes.clear()
    │             ───┬───  
    │                ╰───── `t` passed as `&var` here
 59 │             io::println("\(n.size)")
    │                            ───┬──  
    │                               ╰──── used here
    │ 
    │ Help: use `n.size` before `t` changes, or keep a copy of the value it points to
    │ 
    │ Note: a `&` reference points into the place it borrows, so that must not change while the reference is still used
────╯
[E0436] Error: `size` is used after `t`, which it borrows, was changed
    ╭─[ err/216_references_kept/main.wip:74:20 ]
    │
 72 │     val size: &i64 = &n.size
    │         ──┬─  
    │           ╰─── `size` borrows `t`
 73 │     t.nodes.clear()
    │     ───┬───  
    │        ╰───── `t` passed as `&var` here
 74 │     io::println("\(size)")
    │                    ──┬─  
    │                      ╰─── used here
    │ 
    │ Help: use `size` before `t` changes, or keep a copy of the value it points to
    │ 
    │ Note: a `&` reference points into the place it borrows, so that must not change while the reference is still used
────╯
[E0437] Error: cannot return an `Option<&Node>` that borrows `t`
    ╭─[ err/216_references_kept/main.wip:79:12 ]
    │
 78 │     val t = tree()
    │         ┬  
    │         ╰── `t` declared here
 79 │     return t.find(1)
    │            ────┬────  
    │                ╰────── `t` is a local of `escapes`, dropped when it returns
    │ 
    │ Help: answer a value that owns its data, as a `String` owns its bytes
    │ 
    │ Note: a view that leaves a function may only borrow what its reference parameters refer to
────╯
[E0437] Error: cannot return an `Option<&Node>` that borrows `n`
    ╭─[ err/216_references_kept/main.wip:84:12 ]
    │
 83 │     val n = Node(size: 1)
    │         ┬  
    │         ╰── `n` declared here
 84 │     return .Some(&n)
    │            ────┬────  
    │                ╰────── `n` is a local of `local`, dropped when it returns
    │ 
    │ Help: answer a value that owns its data, as a `String` owns its bytes
    │ 
    │ Note: a view that leaves a function may only borrow what its reference parameters refer to
────╯
[E0413] Error: `x` is passed together with a `&var` reference to it
    ╭─[ err/216_references_kept/main.wip:94:18 ]
    │
 94 │     both(&var x, if pick { &x } else { &y })
    │          ───┬──  ─────────────┬────────────  
    │             ╰──────────────────────────────── a `&var` reference
    │                               │              
    │                               ╰────────────── a `&` reference
    │ 
    │ Note: while a function runs, a `&var` argument must be the only reference to its place
────╯
[E0413] Error: `x` is passed together with a `&var` reference to it
     ╭─[ err/216_references_kept/main.wip:100:18 ]
     │
 100 │     both(&var x, &r)
     │          ───┬──  ─┬  
     │             ╰──────── a `&var` reference
     │                   │  
     │                   ╰── a `&` reference
     │ 
     │ Note: while a function runs, a `&var` argument must be the only reference to its place
─────╯
[E0436] Error: `r.size` is used after `n`, which it borrows, was changed
     ╭─[ err/216_references_kept/main.wip:111:20 ]
     │
 109 │     val r: &Node = id<&Node>(&n)
     │         ┬  
     │         ╰── `r` borrows `n`
 110 │     n = Node(size: 2)
     │     ┬  
     │     ╰── `n` assigned here
 111 │     io::println("\(r.size)")
     │                    ───┬──  
     │                       ╰──── used here
     │ 
     │ Help: use `r.size` before `n` changes, or keep a copy of the value it points to
     │ 
     │ Note: a `&` reference points into the place it borrows, so that must not change while the reference is still used
─────╯
[E0437] Error: cannot return a `Vec<&Node>` that borrows `n`
     ╭─[ err/216_references_kept/main.wip:118:12 ]
     │
 115 │     val n = Node(size: 1)
     │         ┬  
     │         ╰── `n` declared here
     │ 
 118 │     return move all
     │            ────┬───  
     │                ╰───── `n` is a local of `pushed`, dropped when it returns
     │ 
     │ Help: answer a value that owns its data, as a `String` owns its bytes
     │ 
     │ Note: a view that leaves a function may only borrow what its reference parameters refer to
─────╯
[E0437] Error: cannot give `at` a `&Node` that borrows `local`
     ╭─[ err/216_references_kept/main.wip:124:10 ]
     │
 123 │     val local = Node(size: 9)
     │         ──┬──  
     │           ╰──── `local` declared here
 124 │     at = &local
     │          ───┬──  
     │             ╰──── `local` is a local of `pointedAtALocal`, dropped when it returns
     │ 
     │ Help: answer a value that owns its data, as a `String` owns its bytes
     │ 
     │ Note: a `&` reference that leaves a function may only point into what its reference parameters refer to
─────╯
[E0436] Error: `next` is used after `list`, which it borrows, was changed
     ╭─[ err/216_references_kept/main.wip:138:12 ]
     │
 136 │     if at is .Cons(value, next) {
     │                           ──┬─  
     │                             ╰─── `next` borrows `list`
 137 │         list = List::Nil
     │         ──┬─  
     │           ╰─── `list` assigned here
 138 │         if next is .Nil {
     │            ──┬─  
     │              ╰─── used here
     │ 
     │ Help: use `next` before `list` changes, or keep a copy of the value it points to
     │ 
     │ Note: a `&` reference points into the place it borrows, so that must not change while the reference is still used
─────╯
