---
source: tests/gate
---
[E0115] Error: return types are written with `:`
   ╭─[ err/41_old_syntax/main.wip:4:24 ]
   │
 4 │ fn add(a: i64, b: i64) -> i64 = a + b
   │                        ─┬
   │                         ╰── `->` is not used in Wip
   │
   │ Help: write `: T` after the parameters
───╯
[E0106] Error: expected `=` before the function body
   ╭─[ err/41_old_syntax/main.wip:6:24 ]
   │
 6 │ fn square(x: i64): i64 {
   │                        ┬
   │                        ╰── the body starts here
   │
   │ Help: add `=`
   │
   │ Note: a function is declared `fn name(…): T = body`
───╯
[E0114] Error: immutable variables are declared with `val`
    ╭─[ err/41_old_syntax/main.wip:11:5 ]
    │
 11 │     let x = 1
    │     ─┬─
    │      ╰─── `let` is not used in Wip
    │
    │ Help: write `val`
────╯
