---
source: crates/wip-lang/tests/cases.rs
---
=== main.wip ===
import std::io  @10:1..10:15
enum Maybe  @12:1..15:2
  type param T  @12:12..12:13
  variant Some  @13:5..13:19
    field value  @13:10..13:18
      T  @13:17..13:18
  variant None  @14:5..14:9
struct Token  @17:1..19:2
  field id  @18:5..18:12
    i64  @18:9..18:12
enum List  @21:1..24:2
  variant Cons  @22:5..22:37
    field head  @22:10..22:19
      i64  @22:16..22:19
    field tail  @22:21..22:36
      own  @22:27..22:36
        List  @22:31..22:35
  variant Nil  @23:5..23:8
fn find  @26:1..26:89
  param n  @26:9..26:15
    i64  @26:12..26:15
  ret: Maybe  @26:18..26:35
    arg: own  @26:24..26:34
      Token  @26:28..26:33
  body: if  @26:38..26:89
    cond: binary >  @26:41..26:46
      name n  @26:41..26:42
      int 0  @26:45..26:46
    then: block  @26:47..26:74
      expr  @26:49..26:72
        call  @26:49..26:72
          callee: path .Some  @26:49..26:54
          arg: unary own  @26:55..26:71
            call  @26:59..26:71
              callee: name Token  @26:59..26:64
              arg id: name n  @26:69..26:70
    else: block  @26:80..26:89
      expr  @26:82..26:87
        path .None  @26:82..26:87
fn push  @28:1..28:88
  param list  @28:9..28:24
    own  @28:15..28:24
      List  @28:19..28:23
  param head  @28:26..28:35
    i64  @28:32..28:35
  ret: own  @28:38..28:47
    List  @28:42..28:46
  body: unary own  @28:50..28:88
    call  @28:54..28:88
      callee: path .Cons  @28:54..28:59
      arg head: name head  @28:66..28:70
      arg tail: unary move  @28:78..28:87
        name list  @28:83..28:87
fn firstId  @30:1..35:2
  param n  @30:12..30:18
    i64  @30:15..30:18
  ret: i64  @30:21..30:24
  body: block  @30:27..35:2
    expr  @31:5..33:6
      if  @31:5..33:6
        cond: is  @31:8..31:31
          scrutinee: call  @31:8..31:15
            callee: name find  @31:8..31:12
            arg: name n  @31:13..31:14
          pattern: variant .Some(token)  @31:19..31:31
        then: block  @31:32..33:6
          return  @32:9..32:29
            binary +  @32:16..32:29
              field id  @32:16..32:24
                name token  @32:16..32:21
              int 90  @32:27..32:29
    expr  @34:5..34:7
      unary -  @34:5..34:7
        int 1  @34:6..34:7
fn main  @37:1..91:2
  ret: i64  @37:12..37:15
  body: block  @37:18..91:2
    val a  @38:5..38:33
      type: Maybe  @38:12..38:22
        arg: i64  @38:18..38:21
      init: call  @38:25..38:33
        callee: path .Some  @38:25..38:30
        arg: int 5  @38:31..38:32
    expr  @39:5..41:6
      if  @39:5..41:6
        cond: is  @39:8..39:21
          scrutinee: name a  @39:8..39:9
          pattern: variant .Some(x)  @39:13..39:21
        then: block  @39:22..41:6
          expr  @40:9..40:24
            call  @40:9..40:24
              callee: path io::printInt  @40:9..40:21
              arg: name x  @40:22..40:23
    expr  @42:5..44:6
      if  @42:5..44:6
        cond: is  @42:8..42:31
          scrutinee: call  @42:8..42:15
            callee: name find  @42:8..42:12
            arg: int 7  @42:13..42:14
          pattern: variant .Some(token)  @42:19..42:31
        then: block  @42:32..44:6
          expr  @43:9..43:31
            call  @43:9..43:31
              callee: path io::printInt  @43:9..43:21
              arg: field id  @43:22..43:30
                name token  @43:22..43:27
    val none  @45:5..45:33
      type: Maybe  @45:15..45:25
        arg: i64  @45:21..45:24
      init: path .None  @45:28..45:33
    val isNone  @46:5..46:31
      init: is  @46:18..46:31
        scrutinee: name none  @46:18..46:22
        pattern: variant .None  @46:26..46:31
    expr  @47:5..47:45
      call  @47:5..47:45
        callee: path io::printInt  @47:5..47:17
        arg: if  @47:18..47:44
          cond: name isNone  @47:21..47:27
          then: block  @47:28..47:33
            expr  @47:30..47:31
              int 1  @47:30..47:31
          else: block  @47:39..47:44
            expr  @47:41..47:42
              int 0  @47:41..47:42
    expr  @48:5..48:49
      call  @48:5..48:49
        callee: path io::printInt  @48:5..48:17
        arg: if  @48:18..48:48
          cond: is  @48:21..48:31
            scrutinee: name a  @48:21..48:22
            pattern: variant .None  @48:26..48:31
          then: block  @48:32..48:37
            expr  @48:34..48:35
              int 1  @48:34..48:35
          else: block  @48:43..48:48
            expr  @48:45..48:46
              int 0  @48:45..48:46
    expr  @49:5..51:6
      if  @49:5..51:6
        cond: binary &&  @49:8..49:30
          is  @49:8..49:21
            scrutinee: name a  @49:8..49:9
            pattern: variant .Some(x)  @49:13..49:21
          binary >  @49:25..49:30
            name x  @49:25..49:26
            int 3  @49:29..49:30
        then: block  @49:31..51:6
          expr  @50:9..50:28
            call  @50:9..50:28
              callee: path io::printInt  @50:9..50:21
              arg: binary +  @50:22..50:27
                name x  @50:22..50:23
                int 7  @50:26..50:27
    expr  @52:5..56:6
      if  @52:5..56:6
        cond: binary &&  @52:8..52:31
          is  @52:8..52:21
            scrutinee: name a  @52:8..52:9
            pattern: variant .Some(x)  @52:13..52:21
          binary >  @52:25..52:31
            name x  @52:25..52:26
            int 10  @52:29..52:31
        then: block  @52:32..54:6
          expr  @53:9..53:24
            call  @53:9..53:24
              callee: path io::printInt  @53:9..53:21
              arg: name x  @53:22..53:23
        else: block  @54:12..56:6
          expr  @55:9..55:25
            call  @55:9..55:25
              callee: path io::printInt  @55:9..55:21
              arg: unary -  @55:22..55:24
                int 1  @55:23..55:24
    var counter  @57:5..57:40
      type: Maybe  @57:18..57:28
        arg: i64  @57:24..57:27
      init: call  @57:31..57:40
        callee: path .Some  @57:31..57:36
        arg: int 10  @57:37..57:39
    expr  @58:5..60:6
      if  @58:5..60:6
        cond: is  @58:8..58:27
          scrutinee: name counter  @58:8..58:15
          pattern: variant .Some(n)  @58:19..58:27
        then: block  @58:28..60:6
          expr  @59:9..59:18
            assign  @59:9..59:18
              target: name n  @59:9..59:10
              value: binary *  @59:13..59:18
                name n  @59:13..59:14
                int 2  @59:17..59:18
    expr  @61:5..63:6
      if  @61:5..63:6
        cond: is  @61:8..61:27
          scrutinee: name counter  @61:8..61:15
          pattern: variant .Some(n)  @61:19..61:27
        then: block  @61:28..63:6
          expr  @62:9..62:24
            call  @62:9..62:24
              callee: path io::printInt  @62:9..62:21
              arg: name n  @62:22..62:23
    var list  @65:5..65:51
      init: call  @65:16..65:51
        callee: name push  @65:16..65:20
        arg: call  @65:21..65:47
          callee: name push  @65:21..65:25
          arg: call  @65:26..65:43
            callee: name push  @65:26..65:30
            arg: unary own  @65:31..65:39
              path .Nil  @65:35..65:39
            arg: int 1  @65:41..65:42
          arg: int 2  @65:45..65:46
        arg: int 3  @65:49..65:50
    expr  @66:5..66:31
      call  @66:5..66:31
        callee: path io::printInt  @66:5..66:17
        arg: call  @66:18..66:30
          callee: name count  @66:18..66:23
          arg: unary &  @66:24..66:29
            name list  @66:25..66:29
    expr  @67:5..67:31
      call  @67:5..67:31
        callee: path io::printInt  @67:5..67:17
        arg: call  @67:18..67:30
          callee: name total  @67:18..67:23
          arg: unary &  @67:24..67:29
            name list  @67:25..67:29
    var owned  @69:5..69:60
      type: Maybe  @69:16..69:33
        arg: own  @69:22..69:32
          Token  @69:26..69:31
      init: call  @69:36..69:60
        callee: path .Some  @69:36..69:41
        arg: unary own  @69:42..69:59
          call  @69:46..69:59
            callee: name Token  @69:46..69:51
            arg id: int 30  @69:56..69:58
    expr  @70:5..72:6
      if  @70:5..72:6
        cond: is  @70:8..70:34
          scrutinee: unary move  @70:8..70:18
            name owned  @70:13..70:18
          pattern: variant .Some(token)  @70:22..70:34
        then: block  @70:35..72:6
          expr  @71:9..71:31
            call  @71:9..71:31
              callee: path io::printInt  @71:9..71:21
              arg: field id  @71:22..71:30
                name token  @71:22..71:27
    var again  @73:5..73:25
      init: call  @73:17..73:25
        callee: name find  @73:17..73:21
        arg: int 30  @73:22..73:24
    while  @74:5..77:6
      cond: is  @74:11..74:37
        scrutinee: unary move  @74:11..74:21
          name again  @74:16..74:21
        pattern: variant .Some(token)  @74:25..74:37
      body: block  @74:38..77:6
        expr  @75:9..75:31
          call  @75:9..75:31
            callee: path io::printInt  @75:9..75:21
            arg: field id  @75:22..75:30
              name token  @75:22..75:27
        expr  @76:9..76:22
          assign  @76:9..76:22
            target: name again  @76:9..76:14
            value: path .None  @76:17..76:22
    var i  @78:5..78:14
      init: int 0  @78:13..78:14
    while  @79:5..87:6
      cond: is  @79:11..79:38
        scrutinee: call  @79:11..79:22
          callee: name find  @79:11..79:15
          arg: binary +  @79:16..79:21
            name i  @79:16..79:17
            int 1  @79:20..79:21
        pattern: variant .Some(token)  @79:26..79:38
      body: block  @79:39..87:6
        expr  @80:9..80:18
          assign  @80:9..80:18
            target: name i  @80:9..80:10
            value: binary +  @80:13..80:18
              name i  @80:13..80:14
              int 1  @80:17..80:18
        expr  @81:9..83:10
          if  @81:9..83:10
            cond: binary ==  @81:12..81:25
              field id  @81:12..81:20
                name token  @81:12..81:17
              int 4  @81:24..81:25
            then: block  @81:26..83:10
              break  @82:13..82:18
        expr  @84:9..86:10
          if  @84:9..86:10
            cond: binary ==  @84:12..84:25
              field id  @84:12..84:20
                name token  @84:12..84:17
              int 2  @84:24..84:25
            then: block  @84:26..86:10
              continue  @85:13..85:21
    expr  @88:5..88:20
      call  @88:5..88:20
        callee: path io::printInt  @88:5..88:17
        arg: name i  @88:18..88:19
    expr  @89:5..89:29
      call  @89:5..89:29
        callee: path io::printInt  @89:5..89:17
        arg: call  @89:18..89:28
          callee: name firstId  @89:18..89:25
          arg: int 9  @89:26..89:27
    expr  @90:5..90:6
      int 0  @90:5..90:6
fn count  @93:1..96:2
  param list  @93:10..93:21
    ref  @93:16..93:21
      List  @93:17..93:21
  ret: i64  @93:24..93:27
  body: match  @93:30..96:2
    scrutinee: name list  @93:36..93:40
    arm  @94:5..94:40
      pattern: variant .Cons(tail, ..)  @94:5..94:20
      body: binary +  @94:24..94:40
        int 1  @94:24..94:25
        call  @94:28..94:40
          callee: name count  @94:28..94:33
          arg: unary &  @94:34..94:39
            name tail  @94:35..94:39
    arm  @95:5..95:14
      pattern: variant .Nil  @95:5..95:9
      body: int 0  @95:13..95:14
fn total  @98:1..103:2
  param list  @98:10..98:21
    ref  @98:16..98:21
      List  @98:17..98:21
  ret: i64  @98:24..98:27
  body: block  @98:30..103:2
    expr  @99:5..101:6
      if  @99:5..101:6
        cond: is  @99:8..99:33
          scrutinee: name list  @99:8..99:12
          pattern: variant .Cons(head, tail)  @99:16..99:33
        then: block  @99:34..101:6
          return  @100:9..100:35
            binary +  @100:16..100:35
              name head  @100:16..100:20
              call  @100:23..100:35
                callee: name total  @100:23..100:28
                arg: unary &  @100:29..100:34
                  name tail  @100:30..100:34
    expr  @102:5..102:6
      int 0  @102:5..102:6
