---
source: crates/wip-lang/tests/cases.rs
---
=== main.wip ===
import std::io  @9:1..9:15
import counter  @10:1..10:15
fn main  @12:1..15:2
  body: block  @12:13..15:2
    expr  @13:5..13:34
      call  @13:5..13:34
        callee: path io::printInt  @13:5..13:17
        arg: call  @13:18..13:33
          callee: path counter::next  @13:18..13:31
    expr  @14:5..14:34
      call  @14:5..14:34
        callee: path io::printInt  @14:5..14:17
        arg: call  @14:18..14:33
          callee: path counter::next  @14:18..14:31
