---
source: crates/wip-lang/tests/cases.rs
---
=== main.wip ===
import std::io  @13:1..13:15
struct Token  @15:1..17:2
  field id  @16:5..16:12
    i64  @16:9..16:12
struct Cell  @19:1..21:2
  field step  @20:5..20:31
    own  @20:11..20:31
      fn type  @20:15..20:30
        param x  @20:16..20:22
          i64  @20:19..20:22
        ret: i64  @20:27..20:30
struct Keep  @23:1..25:2
  type param T  @23:13..23:14
  field value  @24:5..24:13
    T  @24:12..24:13
fn adder  @27:1..27:58
  param n  @27:10..27:16
    i64  @27:13..27:16
  ret: own  @27:19..27:39
    fn type  @27:23..27:38
      param x  @27:24..27:30
        i64  @27:27..27:30
      ret: i64  @27:35..27:38
  body: unary own  @27:42..27:58
    lambda  @27:46..27:58
      param x  @27:47..27:48
      body: binary +  @27:53..27:58
        name x  @27:53..27:54
        name n  @27:57..27:58
fn holder  @29:1..29:78
  param t  @29:11..29:24
    own  @29:14..29:24
      Token  @29:18..29:23
  ret: own  @29:27..29:50
    fn type  @29:31..29:49
      param bump  @29:32..29:41
        i64  @29:38..29:41
      ret: i64  @29:46..29:49
  body: unary own  @29:53..29:78
    lambda  @29:57..29:78
      param bump  @29:58..29:62
      body: binary +  @29:67..29:78
        field id  @29:67..29:71
          name t  @29:67..29:68
        name bump  @29:74..29:78
fn apply  @31:1..31:50
  param f  @31:10..31:29
    ref  @31:13..31:29
      fn type  @31:14..31:29
        param x  @31:15..31:21
          i64  @31:18..31:21
        ret: i64  @31:26..31:29
  param n  @31:31..31:37
    i64  @31:34..31:37
  ret: i64  @31:40..31:43
  body: call  @31:46..31:50
    callee: name f  @31:46..31:47
    arg: name n  @31:48..31:49
fn run  @33:1..33:52
  param f  @33:8..33:31
    own  @33:11..33:31
      fn type  @33:15..33:30
        param x  @33:16..33:22
          i64  @33:19..33:22
        ret: i64  @33:27..33:30
  param n  @33:33..33:39
    i64  @33:36..33:39
  ret: i64  @33:42..33:45
  body: call  @33:48..33:52
    callee: name f  @33:48..33:49
    arg: name n  @33:50..33:51
fn pick  @35:1..36:58
  param big  @35:9..35:18
    bool  @35:14..35:18
  param n  @35:20..35:26
    i64  @35:23..35:26
  ret: own  @35:29..35:49
    fn type  @35:33..35:48
      param x  @35:34..35:40
        i64  @35:37..35:40
      ret: i64  @35:45..35:48
  body: if  @36:5..36:58
    cond: name big  @36:8..36:11
    then: block  @36:12..36:32
      expr  @36:14..36:30
        unary own  @36:14..36:30
          lambda  @36:18..36:30
            param x  @36:19..36:20
            body: binary *  @36:25..36:30
              name x  @36:25..36:26
              name n  @36:29..36:30
    else: block  @36:38..36:58
      expr  @36:40..36:56
        unary own  @36:40..36:56
          lambda  @36:44..36:56
            param x  @36:45..36:46
            body: binary +  @36:51..36:56
              name x  @36:51..36:52
              name n  @36:55..36:56
fn keep  @38:1..38:56
  type param T  @38:9..38:10
  param value  @38:12..38:20
    T  @38:19..38:20
  ret: Keep  @38:23..38:30
    arg: T  @38:28..38:29
  body: call  @38:33..38:56
    callee: name Keep  @38:33..38:37
    arg value: unary move  @38:45..38:55
      name value  @38:50..38:55
fn main  @40:1..72:2
  body: block  @40:13..72:2
    val add3  @41:5..41:24
      init: call  @41:16..41:24
        callee: name adder  @41:16..41:21
        arg: int 3  @41:22..41:23
    expr  @42:5..42:26
      call  @42:5..42:26
        callee: path io::printInt  @42:5..42:17
        arg: call  @42:18..42:25
          callee: name add3  @42:18..42:22
          arg: int 4  @42:23..42:24
    expr  @43:5..43:27
      call  @43:5..43:27
        callee: path io::printInt  @43:5..43:17
        arg: call  @43:18..43:26
          callee: name add3  @43:18..43:22
          arg: int 10  @43:23..43:25
    val token  @45:5..45:34
      init: unary own  @45:17..45:34
        call  @45:21..45:34
          callee: name Token  @45:21..45:26
          arg id: int 40  @45:31..45:33
    val bump  @46:5..46:34
      init: call  @46:16..46:34
        callee: name holder  @46:16..46:22
        arg: unary move  @46:23..46:33
          name token  @46:28..46:33
    expr  @47:5..47:26
      call  @47:5..47:26
        callee: path io::printInt  @47:5..47:17
        arg: call  @47:18..47:25
          callee: name bump  @47:18..47:22
          arg: int 2  @47:23..47:24
    expr  @48:5..48:34
      call  @48:5..48:34
        callee: path io::printInt  @48:5..48:17
        arg: call  @48:18..48:33
          callee: name apply  @48:18..48:23
          arg: unary &  @48:24..48:29
            name bump  @48:25..48:29
          arg: int 5  @48:31..48:32
    val cell  @50:5..50:44
      init: call  @50:16..50:44
        callee: name Cell  @50:16..50:20
        arg step: unary own  @50:27..50:43
          lambda  @50:31..50:43
            param x  @50:32..50:33
            body: binary -  @50:38..50:43
              name x  @50:38..50:39
              int 1  @50:42..50:43
    expr  @51:5..51:32
      call  @51:5..51:32
        callee: path io::printInt  @51:5..51:17
        arg: call  @51:18..51:31
          callee: field step  @51:18..51:27
            name cell  @51:18..51:22
          arg: int 10  @51:28..51:30
    expr  @53:5..53:35
      call  @53:5..53:35
        callee: path io::printInt  @53:5..53:17
        arg: call  @53:18..53:34
          callee: call  @53:18..53:31
            callee: name pick  @53:18..53:22
            arg: bool true  @53:23..53:27
            arg: int 3  @53:29..53:30
          arg: int 5  @53:32..53:33
    expr  @54:5..54:36
      call  @54:5..54:36
        callee: path io::printInt  @54:5..54:17
        arg: call  @54:18..54:35
          callee: call  @54:18..54:32
            callee: name pick  @54:18..54:22
            arg: bool false  @54:23..54:28
            arg: int 3  @54:30..54:31
          arg: int 5  @54:33..54:34
    var f  @56:5..56:30
      init: unary own  @56:13..56:30
        lambda  @56:17..56:30
          param x  @56:18..56:24
            i64  @56:21..56:24
          body: name x  @56:29..56:30
    val counted  @57:5..57:35
      init: unary own  @57:19..57:35
        call  @57:23..57:35
          callee: name Token  @57:23..57:28
          arg id: int 7  @57:33..57:34
    expr  @58:5..58:34
      assign  @58:5..58:34
        target: name f  @58:5..58:6
        value: unary own  @58:9..58:34
          lambda  @58:13..58:34
            param x  @58:14..58:15
            body: binary +  @58:20..58:34
              name x  @58:20..58:21
              field id  @58:24..58:34
                name counted  @58:24..58:31
    expr  @59:5..59:23
      call  @59:5..59:23
        callee: path io::printInt  @59:5..59:17
        arg: call  @59:18..59:22
          callee: name f  @59:18..59:19
          arg: int 1  @59:20..59:21
    expr  @60:5..60:33
      call  @60:5..60:33
        callee: path io::printInt  @60:5..60:17
        arg: call  @60:18..60:32
          callee: name run  @60:18..60:21
          arg: unary move  @60:22..60:28
            name f  @60:27..60:28
          arg: int 2  @60:30..60:31
    val n  @62:5..62:14
      init: int 4  @62:13..62:14
    val kept  @63:5..63:43
      init: call  @63:16..63:43
        callee: name keep  @63:16..63:20
        arg: unary own  @63:21..63:42
          lambda  @63:25..63:42
            param x  @63:26..63:32
              i64  @63:29..63:32
            body: binary +  @63:37..63:42
              name x  @63:37..63:38
              name n  @63:41..63:42
    expr  @64:5..64:32
      call  @64:5..64:32
        callee: path io::printInt  @64:5..64:17
        arg: call  @64:18..64:31
          callee: field value  @64:18..64:28
            name kept  @64:18..64:22
          arg: int 1  @64:29..64:30
    var maybe  @66:5..66:52
      type: Option  @66:16..66:44
        arg: own  @66:23..66:43
          fn type  @66:27..66:42
            param x  @66:28..66:34
              i64  @66:31..66:34
            ret: i64  @66:39..66:42
      init: path .None  @66:47..66:52
    expr  @67:5..67:36
      assign  @67:5..67:36
        target: name maybe  @67:5..67:10
        value: call  @67:13..67:36
          callee: path .Some  @67:13..67:18
          arg: unary own  @67:19..67:35
            lambda  @67:23..67:35
              param x  @67:24..67:25
              body: binary *  @67:30..67:35
                name x  @67:30..67:31
                name n  @67:34..67:35
    expr  @68:5..71:6
      match  @68:5..71:6
        scrutinee: name maybe  @68:11..68:16
        arm  @69:9..69:47
          pattern: variant .Some(times)  @69:9..69:21
          body: call  @69:25..69:47
            callee: path io::printInt  @69:25..69:37
            arg: call  @69:38..69:46
              callee: name times  @69:38..69:43
              arg: int 3  @69:44..69:45
        arm  @70:9..70:33
          pattern: variant .None  @70:9..70:14
          body: call  @70:18..70:33
            callee: path io::printInt  @70:18..70:30
            arg: int 0  @70:31..70:32
