---
source: tests/gate
---
=== main.wip ===
import std::io  @5:1..5:15
fn main  @7:1..16:2
  ret: i64  @7:12..7:15
  body: block  @7:18..16:2
    val min  @8:5..8:35
      init: unary -  @8:15..8:35
        int 9223372036854775808  @8:16..8:35
    val max  @9:5..9:34
      init: int 9223372036854775807  @9:15..9:34
    expr  @10:5..10:22
      call  @10:5..10:22
        callee: path io::printInt  @10:5..10:17
        arg: name min  @10:18..10:21
    expr  @11:5..11:27
      call  @11:5..11:27
        callee: path io::printInt  @11:5..11:17
        arg: binary +%  @11:18..11:26
          name max  @11:18..11:21
          int 1  @11:25..11:26
    expr  @12:5..12:25
      call  @12:5..12:25
        callee: path io::printInt  @12:5..12:17
        arg: binary /  @12:18..12:24
          unary -  @12:18..12:20
            int 7  @12:19..12:20
          int 2  @12:23..12:24
    expr  @13:5..13:25
      call  @13:5..13:25
        callee: path io::printInt  @13:5..13:17
        arg: binary %  @13:18..13:24
          unary -  @13:18..13:20
            int 7  @13:19..13:20
          int 2  @13:23..13:24
    expr  @14:5..14:25
      call  @14:5..14:25
        callee: path io::printInt  @14:5..14:17
        arg: binary /  @14:18..14:24
          int 7  @14:18..14:19
          unary -  @14:22..14:24
            int 2  @14:23..14:24
    expr  @15:5..15:6
      int 0  @15:5..15:6
