---
source: crates/wip-lang/tests/cases.rs
---
[E0414] Error: cannot assign to `counter` while a `match` binding refers to it
   ╭─[ err/227_written_binding_holds/main.wip:9:4 ]
   │
 6 │     match counter {
   │           ───┬───  
   │              ╰───── matched here; the arm's bindings refer to it
   │ 
 9 │          counter = .None
   │          ───┬───  
   │             ╰───── assigned here
   │ 
   │ Note: the bindings of a `match` on a place are aliases for its fields, so the place must not change until the arm ends
───╯
[E0414] Error: cannot assign to `pair` while an `is` binding refers to it
    ╭─[ err/227_written_binding_holds/main.wip:16:3 ]
    │
 14 │     if pair is .Some(both) {
    │        ──┬─  
    │          ╰─── tested here; the bindings refer to it
    │ 
 16 │        pair = .None
    │        ──┬─  
    │          ╰─── assigned here
    │ 
    │ Note: the bindings of an `is` test on a place are aliases for its fields, so the place must not change until the block ends
────╯
