---
source: crates/wip-lang/tests/cases.rs
---
=== main.wip ===
import std::io  @6:1..6:15
import std::math::{PI, TAU as turn}  @7:1..7:36
import lib::{SIZE}  @8:1..8:19
val COUNT  @10:1..10:19
  type: i64  @10:12..10:15
  value: int 4  @10:18..10:19
fn main  @12:1..29:2
  body: block  @12:13..29:2
    expr  @13:5..13:67
      call  @13:5..13:67
        callee: path io::println  @13:5..13:16
        arg: block  @13:17..13:66
          var text#  @13:17..13:66
            init: call  @13:17..13:66
              callee: path String::withCapacity  @13:17..13:66
              arg: int 17  @13:17..13:66
          expr  @13:20..13:39
            call  @13:20..13:39
              callee: field appendTo  @13:20..13:39
                cast  @13:20..13:39
                  paren  @13:20..13:32
                    binary *  @13:21..13:31
                      name PI  @13:21..13:23
                      float 100.0  @13:26..13:31
                  to: i64  @13:36..13:39
              arg: unary &var  @13:20..13:39
                name text#  @13:20..13:39
          expr  @13:39..13:43
            call  @13:39..13:43
              callee: field push  @13:39..13:43
                name text#  @13:39..13:43
              arg: str " "  @13:39..13:43
          expr  @13:43..13:64
            call  @13:43..13:64
              callee: field appendTo  @13:43..13:64
                cast  @13:43..13:64
                  paren  @13:43..13:57
                    binary *  @13:44..13:56
                      name turn  @13:44..13:48
                      float 100.0  @13:51..13:56
                  to: i64  @13:61..13:64
              arg: unary &var  @13:43..13:64
                name text#  @13:43..13:64
          expr  @13:17..13:66
            unary move  @13:17..13:66
              name text#  @13:17..13:66
    val sevens  @15:5..15:28
      init: array repeat  @15:18..15:28
        int 7  @15:19..15:20
        count: name COUNT  @15:22..15:27
    val ones  @16:5..16:38
      type: array SIZE  @16:15..16:26
        i64  @16:16..16:19
      init: array repeat  @16:29..16:38
        int 1  @16:30..16:31
        count: name SIZE  @16:33..16:37
    expr  @17:5..17:62
      call  @17:5..17:62
        callee: path io::println  @17:5..17:16
        arg: block  @17:17..17:61
          var text#  @17:17..17:61
            init: call  @17:17..17:61
              callee: path String::withCapacity  @17:17..17:61
              arg: int 26  @17:17..17:61
          expr  @17:20..17:32
            call  @17:20..17:32
              callee: field appendTo  @17:20..17:32
                call  @17:20..17:32
                  callee: field len  @17:20..17:30
                    name sevens  @17:20..17:26
              arg: unary &var  @17:20..17:32
                name text#  @17:20..17:32
          expr  @17:32..17:36
            call  @17:32..17:36
              callee: field push  @17:32..17:36
                name text#  @17:32..17:36
              arg: str " "  @17:32..17:36
          expr  @17:36..17:46
            call  @17:36..17:46
              callee: field appendTo  @17:36..17:46
                call  @17:36..17:46
                  callee: field len  @17:36..17:44
                    name ones  @17:36..17:40
              arg: unary &var  @17:36..17:46
                name text#  @17:36..17:46
          expr  @17:46..17:50
            call  @17:46..17:50
              callee: field push  @17:46..17:50
                name text#  @17:46..17:50
              arg: str " "  @17:46..17:50
          expr  @17:50..17:59
            call  @17:50..17:59
              callee: field appendTo  @17:50..17:59
                index  @17:50..17:59
                  base: name sevens  @17:50..17:56
                  index: int 3  @17:57..17:58
              arg: unary &var  @17:50..17:59
                name text#  @17:50..17:59
          expr  @17:17..17:61
            unary move  @17:17..17:61
              name text#  @17:17..17:61
    val n  @20:5..20:14
      init: int 5  @20:13..20:14
    val zeros  @21:5..21:27
      init: unary own  @21:17..21:27
        array repeat  @21:21..21:27
          int 0  @21:22..21:23
          count: name n  @21:25..21:26
    expr  @22:5..22:34
      call  @22:5..22:34
        callee: path io::println  @22:5..22:16
        arg: block  @22:17..22:33
          var text#  @22:17..22:33
            init: call  @22:17..22:33
              callee: path String::withCapacity  @22:17..22:33
              arg: int 8  @22:17..22:33
          expr  @22:20..22:31
            call  @22:20..22:31
              callee: field appendTo  @22:20..22:31
                call  @22:20..22:31
                  callee: field len  @22:20..22:29
                    name zeros  @22:20..22:25
              arg: unary &var  @22:20..22:31
                name text#  @22:20..22:31
          expr  @22:17..22:33
            unary move  @22:17..22:33
              name text#  @22:17..22:33
    val a  @24:5..24:20
      type: i32  @24:12..24:15
      init: unary -  @24:18..24:20
        int 7  @24:19..24:20
    val b  @25:5..25:20
      type: u8  @25:12..25:14
      init: int 200  @25:17..25:20
    val c  @26:5..26:21
      type: usize  @26:12..26:17
      init: int 3  @26:20..26:21
    val d  @27:5..27:22
      type: i128  @27:12..27:16
      init: unary -  @27:19..27:22
        int 12  @27:20..27:22
    expr  @28:5..28:110
      call  @28:5..28:110
        callee: path io::println  @28:5..28:16
        arg: block  @28:17..28:109
          var text#  @28:17..28:109
            init: call  @28:17..28:109
              callee: path String::withCapacity  @28:17..28:109
              arg: int 53  @28:17..28:109
          expr  @28:20..28:27
            call  @28:20..28:27
              callee: field appendTo  @28:20..28:27
                call  @28:20..28:27
                  callee: field abs  @28:20..28:25
                    name a  @28:20..28:21
              arg: unary &var  @28:20..28:27
                name text#  @28:20..28:27
          expr  @28:27..28:31
            call  @28:27..28:31
              callee: field push  @28:27..28:31
                name text#  @28:27..28:31
              arg: str " "  @28:27..28:31
          expr  @28:31..28:39
            call  @28:31..28:39
              callee: field appendTo  @28:31..28:39
                call  @28:31..28:39
                  callee: field min  @28:31..28:36
                    name a  @28:31..28:32
                  arg: int 2  @28:37..28:38
              arg: unary &var  @28:31..28:39
                name text#  @28:31..28:39
          expr  @28:39..28:43
            call  @28:39..28:43
              callee: field push  @28:39..28:43
                name text#  @28:39..28:43
              arg: str " "  @28:39..28:43
          expr  @28:43..28:53
            call  @28:43..28:53
              callee: field appendTo  @28:43..28:53
                call  @28:43..28:53
                  callee: field max  @28:43..28:48
                    name b  @28:43..28:44
                  arg: int 250  @28:49..28:52
              arg: unary &var  @28:43..28:53
                name text#  @28:43..28:53
          expr  @28:53..28:57
            call  @28:53..28:57
              callee: field push  @28:53..28:57
                name text#  @28:53..28:57
              arg: str " "  @28:53..28:57
          expr  @28:57..28:72
            call  @28:57..28:72
              callee: field appendTo  @28:57..28:72
                call  @28:57..28:72
                  callee: field clamp  @28:57..28:64
                    name b  @28:57..28:58
                  arg: int 0  @28:65..28:66
                  arg: int 100  @28:68..28:71
              arg: unary &var  @28:57..28:72
                name text#  @28:57..28:72
          expr  @28:72..28:76
            call  @28:72..28:76
              callee: field push  @28:72..28:76
                name text#  @28:72..28:76
              arg: str " "  @28:72..28:76
          expr  @28:76..28:89
            call  @28:76..28:89
              callee: field appendTo  @28:76..28:89
                call  @28:76..28:89
                  callee: field clamp  @28:76..28:83
                    name c  @28:76..28:77
                  arg: int 5  @28:84..28:85
                  arg: int 9  @28:87..28:88
              arg: unary &var  @28:76..28:89
                name text#  @28:76..28:89
          expr  @28:89..28:93
            call  @28:89..28:93
              callee: field push  @28:89..28:93
                name text#  @28:89..28:93
              arg: str " "  @28:89..28:93
          expr  @28:93..28:107
            call  @28:93..28:107
              callee: field appendTo  @28:93..28:107
                cast  @28:93..28:107
                  call  @28:93..28:100
                    callee: field abs  @28:93..28:98
                      name d  @28:93..28:94
                  to: i64  @28:104..28:107
              arg: unary &var  @28:93..28:107
                name text#  @28:93..28:107
          expr  @28:17..28:109
            unary move  @28:17..28:109
              name text#  @28:17..28:109
