---
source: tests/gate
---
=== main.wip ===
extern "C"  @6:1..9:2
  fn abs  @7:5..7:28
    param x  @7:12..7:20
      c_int  @7:15..7:20
    ret: c_int  @7:23..7:28
  fn printf  @8:5..8:43
    param format  @8:15..8:30
      cstring  @8:23..8:30
    more arguments  @8:32..8:35
    ret: c_int  @8:38..8:43
fn shown  @11:1..11:31
  param x  @11:10..11:19
    ref  @11:13..11:19
      c_int  @11:14..11:19
  ret: c_int  @11:22..11:27
  body: name x  @11:30..11:31
fn main  @13:1..17:2
  body: block  @13:13..17:2
    expr  @14:5..14:32
      assert "assertion failed: shown(abs(-3)) == 3"  @14:5..14:32
        cond: binary ==  @14:12..14:31
          call  @14:12..14:26
            callee: name shown  @14:12..14:17
            arg: call  @14:18..14:25
              callee: name abs  @14:18..14:21
              arg: unary -  @14:22..14:24
                int 3  @14:23..14:24
          int 3  @14:30..14:31
    val written  @15:5..15:59
      init: call  @15:19..15:59
        callee: name shown  @15:19..15:24
        arg: call  @15:25..15:58
          callee: name printf  @15:25..15:31
          arg: str "seven: %d\n"  @15:32..15:45
          arg: cast  @15:47..15:57
            int 7  @15:47..15:48
            to: c_int  @15:52..15:57
    expr  @16:5..16:25
      assert "assertion failed: written == 9"  @16:5..16:25
        cond: binary ==  @16:12..16:24
          name written  @16:12..16:19
          int 9  @16:23..16:24
