---
source: tests/gate
---
[E0313] Error: `LIMIT` is a constant, and a local of that name hides it
    ╭─[ err/300_constants_in_patterns/main.wip:12:3 ]
    │
 12 │         LIMIT => {}
    │         ──┬──
    │           ╰──── a constant or a new name?
    │
    │ Help: rename the local, or bind a name of its own here
    │
    │ Note: a constant's name in a pattern is the value it stands for
────╯
[E0301] Error: `SMALL` is `u8`, and the value matched is `i64`
    ╭─[ err/300_constants_in_patterns/main.wip:17:3 ]
    │
 17 │         SMALL => {}
    │         ──┬──
    │           ╰──── a constant of another type
    │
    │ Note: a constant in a pattern asks whether the value equals it, so the two are of one type
────╯
[E0313] Error: `HALF` is `f64`, which a pattern cannot equal
    ╭─[ err/300_constants_in_patterns/main.wip:21:3 ]
    │
 21 │         HALF => {}
    │         ──┬─
    │           ╰─── not a number, a character, a `bool` or text
    │
    │ Note: a constant in a pattern is one a literal could be written for: an integer, a character, a `bool` or a `str`; a float is compared with `==`
────╯
