---
source: crates/wip-lang/tests/cases.rs
---
[E0338] Error: `Slots` is the standard library's
   ╭─[ err/120_slots/main.wip:9:16 ]
   │
 9 │     var block: Slots<i64> = Slots<i64>::alloc(4)
   │                ─────┬────  
   │                     ╰────── not a type this module may name
   │ 
   │ Help: use `Vec<T>`
   │ 
   │ Note: a block of slots holds memory that holds nothing, which nothing else in Wip may; `Vec<T>` is what it is for
───╯
[E0420] Error: the compiler has no body for `mine`
    ╭─[ err/120_slots/main.wip:14:4 ]
    │
 14 │ fn mine(): i64
    │    ──┬─  
    │      ╰─── not an intrinsic it knows
    │ 
    │ Note: `@intrinsic` says the compiler writes the body, so it must be one of the few it knows
────╯
