---
source: tests/gate
---
[E0302] Error: `add` takes 2 arguments but 1 was given
    ╭─[ err/21_calls/main.wip:10:13 ]
    │
  5 │ fn add(a: i64, b: i64): i64 = {
    │ ─────────────┬─────────────
    │              ╰─────────────── declared here
    │
 10 │     val x = add(1)
    │             ───┬──
    │                ╰──── expected 2 arguments
────╯
[E0302] Error: `add` takes 2 arguments but 3 were given
    ╭─[ err/21_calls/main.wip:11:13 ]
    │
  5 │ fn add(a: i64, b: i64): i64 = {
    │ ─────────────┬─────────────
    │              ╰─────────────── declared here
    │
 11 │     val y = add(1, 2, 3)
    │             ──────┬─────
    │                   ╰─────── expected 2 arguments
────╯
[E0306] Error: a value of type `i64` cannot be called
    ╭─[ err/21_calls/main.wip:12:13 ]
    │
 12 │     val z = x(2)
    │             ┬
    │             ╰── not a function
    │
    │ Note: functions, and values of a function type such as `(x: i64) => i64`, can be called
────╯
