---
source: crates/wip-lang/tests/cases.rs
---
[E0305] Error: `sign` can reach its end without returning a value
    ╭─[ err/20_missing_return/main.wip:11:1 ]
    │
  5 │ fn sign(x: i64): i64 = {
    │                  ─┬─  
    │                   ╰─── declared to return `i64`
    │ 
 11 │ }
    │ ┬  
    │ ╰── reaches the end here
────╯
[E0301] Error: missing return value
    ╭─[ err/20_missing_return/main.wip:14:5 ]
    │
 13 │ fn nothing(): i64 = {
    │               ─┬─  
    │                ╰─── return type declared here
 14 │     return
    │     ───┬──  
    │        ╰──── expected a value of type `i64`
────╯
[E0301] Error: this function returns nothing, but a value is returned
    ╭─[ err/20_missing_return/main.wip:18:12 ]
    │
 18 │     return x
    │            ┬  
    │            ╰── a value of type `i64`
    │ 
    │ Help: to return it, declare the return type: `: i64`
────╯
