---
source: crates/wip-lang/tests/cases.rs
---
=== main.wip ===
import std::io  @11:1..11:15
import flags  @13:1..13:13
val SIZE  @15:1..15:16
  value: int 4096  @15:12..15:16
val LIMIT  @16:1..16:25
  value: binary -  @16:13..16:25
    binary *  @16:13..16:21
      name SIZE  @16:13..16:17
      int 2  @16:20..16:21
    int 1  @16:24..16:25
val NEGATIVE  @17:1..17:21
  value: unary -  @17:16..17:21
    name SIZE  @17:17..17:21
val WIDE  @18:1..18:38
  type: i64  @18:11..18:14
  value: binary *  @18:17..18:38
    cast  @18:17..18:28
      name SIZE  @18:17..18:21
      to: i64  @18:25..18:28
    int 1000000  @18:31..18:38
val SHIFTED  @19:1..19:22
  value: binary <<  @19:15..19:22
    int 1  @19:15..19:16
    int 10  @19:20..19:22
val TOTAL  @20:1..20:21
  value: binary *  @20:13..20:21
    name BASE  @20:13..20:17
    int 2  @20:20..20:21
val BASE  @21:1..21:14
  value: int 21  @21:12..21:14
val ELEMENTS  @22:1..22:17
  value: int 4  @22:16..22:17
struct Buffer  @24:1..26:2
  field bytes  @25:5..25:27
    array ELEMENTS  @25:12..25:27
      i64  @25:13..25:16
extern "C"  @28:1..30:2
  fn puts  @29:5..29:31
    param s  @29:13..29:23
      cstring  @29:16..29:23
    ret: c_int  @29:26..29:31
fn main  @32:1..47:2
  body: block  @32:13..47:2
    expr  @33:5..33:24
      call  @33:5..33:24
        callee: path io::printInt  @33:5..33:17
        arg: name LIMIT  @33:18..33:23
    expr  @34:5..34:27
      call  @34:5..34:27
        callee: path io::printInt  @34:5..34:17
        arg: name NEGATIVE  @34:18..34:26
    expr  @35:5..35:23
      call  @35:5..35:23
        callee: path io::printInt  @35:5..35:17
        arg: name WIDE  @35:18..35:22
    expr  @36:5..36:26
      call  @36:5..36:26
        callee: path io::printInt  @36:5..36:17
        arg: name SHIFTED  @36:18..36:25
    expr  @37:5..37:24
      call  @37:5..37:24
        callee: path io::printInt  @37:5..37:17
        arg: name TOTAL  @37:18..37:23
    expr  @39:5..39:37
      call  @39:5..39:37
        callee: path io::printInt  @39:5..39:17
        arg: cast  @39:18..39:36
          path flags::BOTH  @39:18..39:29
          to: i64  @39:33..39:36
    expr  @40:5..40:22
      call  @40:5..40:22
        callee: name puts  @40:5..40:9
        arg: path flags::NAME  @40:10..40:21
    expr  @41:5..41:33
      call  @41:5..41:33
        callee: path io::printFloat  @41:5..41:19
        arg: path flags::RATIO  @41:20..41:32
    expr  @42:5..42:62
      if  @42:5..42:62
        cond: path flags::ON  @42:8..42:17
        then: block  @42:18..42:37
          expr  @42:20..42:35
            call  @42:20..42:35
              callee: path io::printInt  @42:20..42:32
              arg: int 1  @42:33..42:34
        else: block  @42:43..42:62
          expr  @42:45..42:60
            call  @42:45..42:60
              callee: path io::printInt  @42:45..42:57
              arg: int 0  @42:58..42:59
    val buffer  @44:5..44:45
      init: call  @44:18..44:45
        callee: name Buffer  @44:18..44:24
        arg bytes: array  @44:32..44:44
          int 1  @44:33..44:34
          int 2  @44:36..44:37
          int 3  @44:39..44:40
          int 4  @44:42..44:43
    val xs  @45:5..45:43
      type: array ELEMENTS  @45:13..45:28
        i64  @45:14..45:17
      init: array  @45:31..45:43
        int 5  @45:32..45:33
        int 6  @45:35..45:36
        int 7  @45:38..45:39
        int 8  @45:41..45:42
    expr  @46:5..46:42
      call  @46:5..46:42
        callee: path io::printInt  @46:5..46:17
        arg: binary +  @46:18..46:41
          index  @46:18..46:33
            base: field bytes  @46:18..46:30
              name buffer  @46:18..46:24
            index: int 0  @46:31..46:32
          index  @46:36..46:41
            base: name xs  @46:36..46:38
            index: int 3  @46:39..46:40
