---
source: crates/wip-lang/tests/cases.rs
---
[E0133] Error: a struct is built with a call
    ╭─[ err/58_field_shorthand/main.wip:12:13 ]
    │
 12 │     val s = Size { width, height }
    │             ───────────┬──────────  
    │                        ╰──────────── written with braces
    │ 
    │ Help: write `Size(width: width, height: height)`
    │ 
    │ Note: a struct is built as a variant is: its name, and its fields as a call's arguments, by position and then by name
────╯
[E0133] Error: a struct is built with a call
    ╭─[ err/58_field_shorthand/main.wip:17:13 ]
    │
 17 │     val s = Size { width 1, height: 2 }
    │             ─────────────┬─────────────  
    │                          ╰─────────────── written with braces
    │ 
    │ Help: write `Size(width, height: 2)`
    │ 
    │ Note: a struct is built as a variant is: its name, and its fields as a call's arguments, by position and then by name
────╯
[E0101] Error: expected `:` and a value, found `1`
    ╭─[ err/58_field_shorthand/main.wip:17:26 ]
    │
 17 │     val s = Size { width 1, height: 2 }
    │                          ┬  
    │                          ╰── expected `:` and a value
────╯
