---
source: tests/gate
---
[E0356] Error: this loop stands for a value, and yields none
   ╭─[ err/199_generators/main.wip:8:16 ]
   │
 8 │     var none = for x in xs { val y = x }
   │                ────────────┬────────────
   │                            ╰────────────── no `yield` in it
   │
   │ Help: hand each value over with `yield`, or write the loop as a statement
   │
   │ Note: a loop where a value stands is a generator, whose values are what it yields
───╯
[E0357] Error: cannot `return` from a loop that is a generator
    ╭─[ err/199_generators/main.wip:14:13 ]
    │
 12 │ ╭─▶     var early = for x in xs {
    ┆ ┆
 14 │ │               return
    │ │               ───┬──
    │ │                  ╰──── the loop runs as its values are asked for
    ┆ ┆
 17 │ ├─▶     }
    │ │
    │ ╰─────────── a generator
    │
    │     Help: end the loop with `break`
    │
    │     Note: the loop runs later, from whoever asks for its values, so there is no function around it to leave; `break` ends it
────╯
[E0356] Error: `silent` answers an `Iterator`, and yields nothing
    ╭─[ err/199_generators/main.wip:20:4 ]
    │
 20 │ fn silent(n: i64): Iterator<i64> = {
    │    ───┬──          ──────┬──────
    │       ╰─────────────────────────── no `yield` in its body
    │                          │
    │                          ╰──────── a generator
    │
    │ Help: hand each value over with `yield`
    │
    │ Note: a function that answers `Iterator<T>` is a generator, whose values are what its body yields
────╯
[E0358] Error: a function that yields cannot take `v`, a `&var`
    ╭─[ err/199_generators/main.wip:24:10 ]
    │
 24 │ fn grows(v: &var Vec<i64>): Iterator<i64> = {
    │          ────────┬───────
    │                  ╰───────── the generator would hold it between calls
    │
    │ Help: take it as `&`, or collect the values with `own for`, which runs while the call does
    │
    │ Note: a function that yields answers a generator, which keeps what it was given until its values are asked for; it may read what it borrows, but not change it
────╯
[E0359] Error: `leaves` would hold itself, and be endlessly large
    ╭─[ err/199_generators/main.wip:38:30 ]
    │
 38 │                 for value in leaves(&child) {
    │                              ───────┬──────
    │                                     ╰──────── a generator held here, by value, that holds this one
    │
    │ Help: put the inner one on the heap
    │
    │ Note: a generator keeps what it walks inside itself, so one that walks itself holds itself; on the heap, it holds a pointer
────╯
[E0359] Error: `ping` would hold itself, and be endlessly large
    ╭─[ err/199_generators/main.wip:48:18 ]
    │
 48 │         for x in pong(n - 1) {
    │                  ─────┬─────
    │                       ╰─────── a generator held here, by value, that holds this one
    │
    │ Help: put the inner one on the heap
    │
    │ Note: a generator keeps what it walks inside itself, so one that walks itself holds itself; on the heap, it holds a pointer
────╯
[E0359] Error: `pong` would hold itself, and be endlessly large
    ╭─[ err/199_generators/main.wip:55:43 ]
    │
 55 │ fn pong(n: i64): Iterator<i64> = for x in ping(n) { yield x * 10 }
    │                                           ───┬───
    │                                              ╰───── a generator held here, by value, that holds this one
    │
    │ Help: put the inner one on the heap
    │
    │ Note: a generator keeps what it walks inside itself, so one that walks itself holds itself; on the heap, it holds a pointer
────╯
