---
source: crates/wip-lang/tests/cases.rs
---
=== main.wip ===
import std::io  @5:1..5:15
struct Node  @7:1..10:2
  field name  @8:5..8:17
    String  @8:11..8:17
  field next  @9:5..9:28
    Option  @9:11..9:28
      arg: own  @9:18..9:27
        Node  @9:22..9:26
struct Holder  @12:1..15:2
  field items  @13:5..13:23
    Vec  @13:12..13:23
      arg: String  @13:16..13:22
  field label  @14:5..14:18
    String  @14:12..14:18
fn main  @17:1..35:2
  body: block  @17:13..35:2
    val holder  @18:5..18:108
      init: call  @18:18..18:108
        callee: name Holder  @18:18..18:24
        arg items: call  @18:32..18:80
          callee: path Vec::of  @18:32..18:39
          arg: unary own  @18:40..18:79
            array  @18:44..18:79
              call  @18:45..18:60
                callee: path String::of  @18:45..18:55
                arg: str "a"  @18:56..18:59
              call  @18:62..18:78
                callee: path String::of  @18:62..18:72
                arg: str "bb"  @18:73..18:77
        arg label: call  @18:89..18:107
          callee: path String::of  @18:89..18:99
          arg: str "held"  @18:100..18:106
    val second  @19:5..19:34
      init: unary &  @19:18..19:34
        index  @19:19..19:34
          base: field items  @19:19..19:31
            name holder  @19:19..19:25
          index: int 1  @19:32..19:33
    val label  @20:5..20:30
      init: unary &  @20:17..20:30
        field label  @20:18..20:30
          name holder  @20:18..20:24
    expr  @21:5..21:54
      call  @21:5..21:54
        callee: path io::println  @21:5..21:16
        arg: block  @21:17..21:53
          var text#  @21:17..21:53
            init: call  @21:17..21:53
              callee: path String::withCapacity  @21:17..21:53
              arg: int 26  @21:17..21:53
          expr  @21:20..21:26
            call  @21:20..21:26
              callee: field appendTo  @21:20..21:26
                name second  @21:20..21:26
              arg: unary &var  @21:20..21:26
                name text#  @21:20..21:26
          expr  @21:26..21:30
            call  @21:26..21:30
              callee: field push  @21:26..21:30
                name text#  @21:26..21:30
              arg: str " "  @21:26..21:30
          expr  @21:30..21:42
            call  @21:30..21:42
              callee: field appendTo  @21:30..21:42
                call  @21:30..21:42
                  callee: field len  @21:30..21:40
                    name second  @21:30..21:36
              arg: unary &var  @21:30..21:42
                name text#  @21:30..21:42
          expr  @21:42..21:46
            call  @21:42..21:46
              callee: field push  @21:42..21:46
                name text#  @21:42..21:46
              arg: str " "  @21:42..21:46
          expr  @21:46..21:51
            call  @21:46..21:51
              callee: field appendTo  @21:46..21:51
                name label  @21:46..21:51
              arg: unary &var  @21:46..21:51
                name text#  @21:46..21:51
          expr  @21:17..21:53
            unary move  @21:17..21:53
              name text#  @21:17..21:53
    val list  @24:5..24:106
      init: call  @24:16..24:106
        callee: name Node  @24:16..24:20
        arg name: call  @24:27..24:44
          callee: path String::of  @24:27..24:37
          arg: str "one"  @24:38..24:43
        arg next: call  @24:52..24:105
          callee: path .Some  @24:52..24:57
          arg: unary own  @24:58..24:104
            call  @24:62..24:104
              callee: name Node  @24:62..24:66
              arg name: call  @24:73..24:90
                callee: path String::of  @24:73..24:83
                arg: str "two"  @24:84..24:89
              arg next: path .None  @24:98..24:103
    var at  @25:5..25:19
      init: unary &  @25:14..25:19
        name list  @25:15..25:19
    var names  @26:5..26:25
      init: call  @26:17..26:25
        callee: name String  @26:17..26:23
    while  @27:5..33:6
      cond: bool true  @27:11..27:15
      body: block  @27:16..33:6
        expr  @28:9..28:36
          call  @28:9..28:36
            callee: field push  @28:9..28:19
              name names  @28:9..28:14
            arg: call  @28:20..28:35
              callee: field toStr  @28:20..28:33
                field name  @28:20..28:27
                  name at  @28:20..28:22
        val else  @29:9..31:10
          pattern: variant .Some(next)  @29:13..29:24
          value: field next  @29:27..29:34
            name at  @29:27..29:29
          else: block  @29:40..31:10
            break  @30:13..30:18
        expr  @32:9..32:19
          assign  @32:9..32:19
            target: name at  @32:9..32:11
            value: unary &  @32:14..32:19
              name next  @32:15..32:19
    expr  @34:5..34:31
      call  @34:5..34:31
        callee: path io::println  @34:5..34:16
        arg: call  @34:17..34:30
          callee: field toStr  @34:17..34:28
            name names  @34:17..34:22
