---
source: crates/wip-lang/tests/cases.rs
---
[E0436] Error: `empty` is used after `names`, which it captures, was passed as `&var`
   ╭─[ err/210_a_kept_closure_after_a_change/main.wip:9:18 ]
   │
 7 │     val empty = () => names.isEmpty()
   │         ──┬──  
   │           ╰──── `empty` captures `names`
 8 │     names.push("x")
   │     ──┬──  
   │       ╰──── `names` passed as `&var` here
 9 │     val before = empty()
   │                  ──┬──  
   │                    ╰──── used here
   │ 
   │ Help: call `empty` before `names` changes, or give it `names` as an argument
   │ 
   │ Note: a closure kept in a `val` reads what it captures where it is, so that must not change while the closure is still used
───╯
[E0436] Error: `empty` is used after `names`, which it captures, was moved
    ╭─[ err/210_a_kept_closure_after_a_change/main.wip:16:18 ]
    │
 14 │     val empty = () => names.isEmpty()
    │         ──┬──  
    │           ╰──── `empty` captures `names`
 15 │     val taken = move names
    │                 ─────┬────  
    │                      ╰────── `names` moved here
 16 │     val before = empty()
    │                  ──┬──  
    │                    ╰──── used here
    │ 
    │ Help: call `empty` before `names` changes, or give it `names` as an argument
    │ 
    │ Note: a closure kept in a `val` reads what it captures where it is, so that must not change while the closure is still used
────╯
