---
source: crates/wip-lang/tests/cases.rs
---
=== main.wip ===
import std::io  @3:1..3:15
fn main  @5:1..17:2
  ret: i64  @5:12..5:15
  body: block  @5:18..17:2
    val a  @6:5..6:14
      init: int 7  @6:13..6:14
    val b  @7:5..7:19
      type: i64  @7:12..7:15
      init: int 3  @7:18..7:19
    expr  @8:5..8:24
      call  @8:5..8:24
        callee: path io::printInt  @8:5..8:17
        arg: binary +  @8:18..8:23
          name a  @8:18..8:19
          name b  @8:22..8:23
    expr  @9:5..9:24
      call  @9:5..9:24
        callee: path io::printInt  @9:5..9:17
        arg: binary -  @9:18..9:23
          name a  @9:18..9:19
          name b  @9:22..9:23
    expr  @10:5..10:24
      call  @10:5..10:24
        callee: path io::printInt  @10:5..10:17
        arg: binary *  @10:18..10:23
          name a  @10:18..10:19
          name b  @10:22..10:23
    expr  @11:5..11:24
      call  @11:5..11:24
        callee: path io::printInt  @11:5..11:17
        arg: binary /  @11:18..11:23
          name a  @11:18..11:19
          name b  @11:22..11:23
    expr  @12:5..12:24
      call  @12:5..12:24
        callee: path io::printInt  @12:5..12:17
        arg: binary %  @12:18..12:23
          name a  @12:18..12:19
          name b  @12:22..12:23
    expr  @13:5..13:29
      call  @13:5..13:29
        callee: path io::printInt  @13:5..13:17
        arg: binary +  @13:18..13:28
          unary -  @13:18..13:20
            name a  @13:19..13:20
          binary *  @13:23..13:28
            name b  @13:23..13:24
            int 2  @13:27..13:28
    expr  @14:5..14:30
      call  @14:5..14:30
        callee: path io::printInt  @14:5..14:17
        arg: binary *  @14:18..14:29
          paren  @14:18..14:25
            binary +  @14:19..14:24
              name a  @14:19..14:20
              name b  @14:23..14:24
          int 2  @14:28..14:29
    expr  @15:5..15:23
      call  @15:5..15:23
        callee: path io::printInt  @15:5..15:17
        arg: unary -  @15:18..15:22
          unary -  @15:20..15:22
            name a  @15:21..15:22
    expr  @16:5..16:6
      int 0  @16:5..16:6
