---
source: tests/gate
---
[E0404] Error: cannot copy `a`
    ╭─[ err/118_destroy_moves/main.wip:18:13 ]
    │
 18 │     val b = a                       // two owners, two drops
    │             ┬
    │             ╰── `a` has type `Handle`
    │
    │ Help: to transfer ownership, write `move a`
    │
    │ Note: a value that contains `own` has exactly one owner, so it is never copied
────╯
[E0401] Error: use of moved value `a`
    ╭─[ err/118_destroy_moves/main.wip:25:5 ]
    │
 24 │     val b = move a
    │             ───┬──
    │                ╰──── `a` moved here
 25 │     a.id as i64                     // it was moved away
    │     ──┬─
    │       ╰─── used here after the move
    │
    │ Note: after `move`, `a` holds no value until it is assigned again
────╯
