---
source: tests/gate
---
=== main.wip ===
import std::io  @10:1..10:15
struct Shape  @12:1..17:2
  field side  @13:2..13:11
    i64  @13:8..13:11
  fn area  @15:2..15:40
    ret: i64  @15:13..15:16
    body: binary *  @15:19..15:40
      field side  @15:19..15:28
        self  @15:19..15:23
      field side  @15:31..15:40
        self  @15:31..15:35
  static fn square  @16:2..16:56
    param side  @16:19..16:28
      i64  @16:25..16:28
    ret: Shape  @16:31..16:36
    body: call  @16:39..16:56
      callee: name Shape  @16:39..16:44
      arg side: name side  @16:51..16:55
fn double  @19:1..19:31
  param x  @19:11..19:17
    i64  @19:14..19:17
  ret: i64  @19:20..19:23
  body: binary *  @19:26..19:31
    name x  @19:26..19:27
    int 2  @19:30..19:31
fn main  @21:1..31:2
  body: block  @21:13..31:2
    val owned  @22:2..22:56
      init: call  @22:14..22:56
        callee: field toVec  @22:14..22:54
          call  @22:14..22:48
            callee: field map  @22:14..22:36
              call  @22:14..22:32
                callee: field lines  @22:14..22:30
                  str "a bc def"  @22:14..22:24
            arg: path String::of  @22:37..22:47
    val words  @23:2..23:59
      init: call  @23:14..23:59
        callee: field toVec  @23:14..23:57
          call  @23:14..23:51
            callee: field map  @23:14..23:39
              call  @23:14..23:35
                callee: field split  @23:14..23:30
                  str "a bc def"  @23:14..23:24
                arg: str " "  @23:31..23:34
            arg: path String::of  @23:40..23:50
    expr  @24:2..24:34
      call  @24:2..24:34
        callee: path io::println  @24:2..24:13
        arg: block  @24:14..24:33
          var text#  @24:14..24:33
            init: call  @24:14..24:33
              callee: path String::withCapacity  @24:14..24:33
              arg: int 17  @24:14..24:33
          expr  @24:17..24:22
            call  @24:17..24:22
              callee: field appendTo  @24:17..24:22
                name owned  @24:17..24:22
              arg: unary &var  @24:17..24:22
                name text#  @24:17..24:22
          expr  @24:22..24:26
            call  @24:22..24:26
              callee: field push  @24:22..24:26
                name text#  @24:22..24:26
              arg: str " "  @24:22..24:26
          expr  @24:26..24:31
            call  @24:26..24:31
              callee: field appendTo  @24:26..24:31
                name words  @24:26..24:31
              arg: unary &var  @24:26..24:31
                name text#  @24:26..24:31
          expr  @24:14..24:33
            unary move  @24:14..24:33
              name text#  @24:14..24:33
    val shapes  @25:2..25:76
      init: call  @25:15..25:76
        callee: field toVec  @25:15..25:74
          call  @25:15..25:68
            callee: field map  @25:15..25:53
              call  @25:15..25:49
                callee: field intoIterator  @25:15..25:47
                  call  @25:15..25:34
                    callee: path Vec::of  @25:15..25:22
                    arg: unary own  @25:23..25:33
                      array  @25:27..25:33
                        int 2  @25:28..25:29
                        int 3  @25:31..25:32
            arg: path Shape::square  @25:54..25:67
    expr  @26:2..26:43
      call  @26:2..26:43
        callee: path io::println  @26:2..26:13
        arg: block  @26:14..26:42
          var text#  @26:14..26:42
            init: call  @26:14..26:42
              callee: path String::withCapacity  @26:14..26:42
              arg: int 8  @26:14..26:42
          expr  @26:17..26:40
            call  @26:17..26:40
              callee: field appendTo  @26:17..26:40
                call  @26:17..26:40
                  callee: field map  @26:17..26:27
                    name shapes  @26:17..26:23
                  arg: path Shape::area  @26:28..26:39
              arg: unary &var  @26:17..26:40
                name text#  @26:17..26:40
          expr  @26:14..26:42
            unary move  @26:14..26:42
              name text#  @26:14..26:42
    val keep  @27:2..27:41
      type: own  @27:12..27:32
        fn type  @27:16..27:31
          param x  @27:17..27:23
            i64  @27:20..27:23
          ret: i64  @27:28..27:31
      init: name double  @27:35..27:41
    expr  @28:2..28:28
      call  @28:2..28:28
        callee: path io::println  @28:2..28:13
        arg: block  @28:14..28:27
          var text#  @28:14..28:27
            init: call  @28:14..28:27
              callee: path String::withCapacity  @28:14..28:27
              arg: int 8  @28:14..28:27
          expr  @28:17..28:25
            call  @28:17..28:25
              callee: field appendTo  @28:17..28:25
                call  @28:17..28:25
                  callee: name keep  @28:17..28:21
                  arg: int 21  @28:22..28:24
              arg: unary &var  @28:17..28:25
                name text#  @28:17..28:25
          expr  @28:14..28:27
            unary move  @28:14..28:27
              name text#  @28:14..28:27
    val doubled  @29:2..29:73
      init: call  @29:16..29:73
        callee: field toVec  @29:16..29:71
          call  @29:16..29:65
            callee: field map  @29:16..29:57
              call  @29:16..29:53
                callee: field intoIterator  @29:16..29:51
                  call  @29:16..29:38
                    callee: path Vec::of  @29:16..29:23
                    arg: unary own  @29:24..29:37
                      array  @29:28..29:37
                        int 1  @29:29..29:30
                        int 2  @29:32..29:33
                        int 3  @29:35..29:36
            arg: name double  @29:58..29:64
    expr  @30:2..30:27
      call  @30:2..30:27
        callee: path io::println  @30:2..30:13
        arg: block  @30:14..30:26
          var text#  @30:14..30:26
            init: call  @30:14..30:26
              callee: path String::withCapacity  @30:14..30:26
              arg: int 8  @30:14..30:26
          expr  @30:17..30:24
            call  @30:17..30:24
              callee: field appendTo  @30:17..30:24
                name doubled  @30:17..30:24
              arg: unary &var  @30:17..30:24
                name text#  @30:17..30:24
          expr  @30:14..30:26
            unary move  @30:14..30:26
              name text#  @30:14..30:26
