---
source: tests/gate
---
[E0362] Error: `Source` has a method `label` already
    ╭─[ err/404_interface_extensions/main.wip:25:8 ]
    │
 13 │     fn label(): i64 = 1
    │        ──┬──
    │          ╰──── declared here
    │
 25 │     fn label(): i64 = 2
    │        ──┬──
    │          ╰──── declared again
    │
    │ Note: an extension adds methods of names the interface and its other extensions do not have, so a call means one of them
────╯
[E0362] Error: `made` is not called on a value
    ╭─[ err/404_interface_extensions/main.wip:27:5 ]
    │
 27 │     static fn made(): i64 = 0
    │     ───┬──
    │        ╰──── not `fn`, `var fn` or `move fn`
    │
    │ Note: an extension's methods are called on a value of a type that implements the interface
────╯
[E0362] Error: `Source` has a method `total` already
    ╭─[ err/404_interface_extensions/main.wip:31:8 ]
    │
 17 │     var fn total(): T = {
    │            ──┬──
    │              ╰──── declared here
    │
 31 │     fn total(): i64 = 0
    │        ──┬──
    │          ╰──── declared again
    │
    │ Note: an extension adds methods of names the interface and its other extensions do not have, so a call means one of them
────╯
[E0362] Error: an extension of `Source` with no condition
    ╭─[ err/404_interface_extensions/main.wip:34:8 ]
    │
 11 │ interface Source<T> {
    │           ───┬──
    │              ╰──── the interface
    │
 34 │ extend Source<T> {
    │        ───┬──
    │           ╰──── asks nothing of its types
    │
    │ Help: write the methods in the interface, as defaults
────╯
[E0362] Error: `copy` is not a condition an extension can have
    ╭─[ err/404_interface_extensions/main.wip:38:18 ]
    │
 38 │ extend Source<T: copy> {
    │                  ──┬─
    │                    ╰─── not an interface
    │
    │ Note: an extension's condition is what the interface's types implement
────╯
[E0362] Error: an interface implements no interface
    ╭─[ err/404_interface_extensions/main.wip:42:24 ]
    │
 42 │ extend Source<T: Ord>: Text {
    │                        ──┬─
    │                          ╰─── implemented
    │
    │ Note: `extend Source<…> { … }` gives methods to every type that implements `Source`, where its types meet a condition
────╯
[E0362] Error: `Iterator` is declared in another module
    ╭─[ err/404_interface_extensions/main.wip:46:8 ]
    │
 46 │ extend Iterator<T: Text> {
    │        ────┬───
    │            ╰───── not an interface of this module
    │
    ├─[ std/prelude/iterator.wip:45:15 ]
    │
 45 │ pub interface Iterator<type Item> {
    │               ────┬───
    │                   ╰───── declared here
    │
    │ Note: only the module that declares an interface may extend it
────╯
[E0341] Error: `Source` has no method `total`
    ╭─[ err/404_interface_extensions/main.wip:71:12 ]
    │
 71 │     var fn total(): i64 = 0
    │            ──┬──
    │              ╰──── not a method of the interface
    │
    │ Help: methods that are not the interface's belong in `extend Type { … }`
────╯
[E0337] Error: no method `total` on `S`
    ╭─[ err/404_interface_extensions/main.wip:74:57 ]
    │
 17 │     var fn total(): T = {
    │            ──┬──
    │              ╰──── declared here
    │
 74 │ fn through<S: Source<T>, T>(source: &var S): T = source.total()
    │                                                         ──┬──
    │                                                           ╰──── `total` is a `Source<T>`'s where `T: Add + Zero`
    │
    │ Help: constrain it: `T: Add`
    │
    │ Note: `S` is a `Source<T>`, and nothing says `T` implements `Add`
────╯
[E0337] Error: no method `total` on `Letters`
    ╭─[ err/404_interface_extensions/main.wip:78:25 ]
    │
 17 │     var fn total(): T = {
    │            ──┬──
    │              ╰──── declared here
    │
 78 │     val total = letters.total()
    │                         ──┬──
    │                           ╰──── `total` is a `Source<T>`'s where `T: Add + Zero`
    │
    │ Note: `Letters` is a `Source<char>`, and `char` does not implement `Add`
────╯
[E0363] Error: `label` of `Letters` is in question
    ╭─[ err/404_interface_extensions/main.wip:79:25 ]
    │
 13 │     fn label(): i64 = 1
    │        ──┬──
    │          ╰──── one of them
    │
 51 │     fn label(): i64 = 4
    │        ──┬──
    │          ╰──── one of them
    │
 79 │     val label = letters.label()
    │                         ──┬──
    │                           ╰──── `Source` and `Named` each give it
    │
    │ Note: a method that two interfaces give a type is not chosen between: a type's own method of the name would be the one
────╯
