---
source: crates/wip-lang/tests/cases.rs
---
[E0342] Error: `Plain` does not implement `Ord`
     ╭─[ err/153_slice_conditions/main.wip:14:5 ]
     │
  14 │     values.items().sort()
     │     ──────────┬──────────  
     │               ╰──────────── `T` requires `Ord`
     │
     ├─[ std/prelude/sort.wip:175:5 ]
     │
 175 │ extend [T: Ord] {
     │         ┬  
     │         ╰── `T: Ord` declared here
     │ 
     │ Help: `@derive(Ord)` on the declaration writes it from the fields
     │ 
     │ Note: a type implements an interface by `extend …: Ord`
─────╯
[E0342] Error: `Plain` does not implement `Eq`
    ╭─[ err/153_slice_conditions/main.wip:15:20 ]
    │
 15 │     io::println("\(values.contains(Plain(n: 1)))")
    │                    ──────────────┬─────────────  
    │                                  ╰─────────────── `T` requires `Eq`
    │
    ├─[ std/prelude/search.wip:84:10 ]
    │
 84 │ extend Vec<T: Eq> {
    │            ┬  
    │            ╰── `T: Eq` declared here
    │ 
    │ Help: `@derive(Eq)` on the declaration writes it from the fields
    │ 
    │ Note: a type implements an interface by `extend …: Eq`
────╯
