---
source: crates/wip-lang/tests/cases.rs
---
[E0124] Error: expected `fn` after `var`
   ╭─[ err/90_method_syntax/main.wip:9:8 ]
   │
 9 │     var missing(): i64 = 0      // `var` without `fn`
   │        │ 
   │        ╰─ expected `fn`
   │ 
   │ Note: `var fn` declares a method
───╯
[E0124] Error: expected `fn` after `move`
    ╭─[ err/90_method_syntax/main.wip:10:9 ]
    │
 10 │     move gone(): i64 = 0        // `move` without `fn`
    │         │ 
    │         ╰─ expected `fn`
    │ 
    │ Note: `move fn` declares a method
────╯
[E0124] Error: `pub` belongs on a field or a method
    ╭─[ err/90_method_syntax/main.wip:15:5 ]
    │
 15 │     pub First                   // `pub` belongs on a field or a method
    │     ─┬─  
    │      ╰─── not a field or a method
    │ 
    │ Help: remove `pub`
    │ 
    │ Note: an enum's variants are exported with it, and so are the fields they carry
────╯
