---
source: crates/wip-lang/tests/cases.rs
---
[E0406] Error: cannot move out of an array element that contains `own`
    ╭─[ err/36_move_out_of_array/main.wip:12:15 ]
    │
 12 │     take(move cells[0])
    │               ────┬───  
    │                   ╰───── an element of an array
    │ 
    │ Note: taking one element would leave a hole in the array; an array of `own` values is moved as a whole
────╯
[E0407] Error: cannot repeat a value that contains `own`
    ╭─[ err/36_move_out_of_array/main.wip:13:17 ]
    │
 13 │     val many = [own Cell(v: 0); 4]
    │                 ───────┬──────  
    │                        ╰──────── would give 4 owners to one allocation
    │ 
    │ Help: write each element out, so each gets its own allocation
────╯
