---
source: crates/wip-lang/tests/cases.rs
---
=== main.wip ===
import std::io  @9:1..9:15
@link("m", "pthread")  @11:1..11:22
extern "C"  @12:1..14:2
  fn sqrt  @13:5..13:25
    param x  @13:13..13:19
      f64  @13:16..13:19
    ret: f64  @13:22..13:25
@link("m")  @17:1..17:11
extern "C"  @18:1..18:14
extern "C"  @20:1..22:2
  fn strlen  @21:5..21:31
    param s  @21:15..21:25
      cstring  @21:18..21:25
    ret: u64  @21:28..21:31
fn main  @24:1..27:2
  body: block  @24:13..27:2
    expr  @25:5..25:37
      call  @25:5..25:37
        callee: path io::printInt  @25:5..25:17
        arg: cast  @25:18..25:36
          call  @25:18..25:29
            callee: name sqrt  @25:18..25:22
            arg: float 144.0  @25:23..25:28
          to: i64  @25:33..25:36
    expr  @26:5..26:41
      call  @26:5..26:41
        callee: path io::printInt  @26:5..26:17
        arg: cast  @26:18..26:40
          call  @26:18..26:33
            callee: name strlen  @26:18..26:24
            arg: str "hello"  @26:25..26:32
          to: i64  @26:37..26:40
