---
source: tests/gate
---
=== main.wip ===
import std::io  @6:1..6:15
struct Ball  @8:1..11:2
  field x  @9:5..9:11
    i64  @9:8..9:11
  field age  @10:5..10:13
    i64  @10:10..10:13
fn main  @13:1..43:2
  body: block  @13:13..43:2
    var numbers  @14:5..14:41
      init: call  @14:19..14:41
        callee: path Vec::of  @14:19..14:26
        arg: unary own  @14:27..14:40
          array  @14:31..14:40
            int 1  @14:32..14:33
            int 2  @14:35..14:36
            int 3  @14:38..14:39
    for  @15:5..17:6
      pattern: binding n  @15:9..15:10
      elements: name numbers  @15:14..15:21
      body: block  @15:22..17:6
        expr  @16:9..16:19
          assign  @16:9..16:19
            target: name n  @16:9..16:10
            value: binary *  @16:13..16:19
              name n  @16:13..16:14
              int 10  @16:17..16:19
    expr  @18:5..18:61
      call  @18:5..18:61
        callee: path io::println  @18:5..18:16
        arg: block  @18:17..18:60
          var text#  @18:17..18:60
            init: call  @18:17..18:60
              callee: path String::withCapacity  @18:17..18:60
              arg: int 26  @18:17..18:60
          expr  @18:20..18:30
            call  @18:20..18:30
              callee: field appendTo  @18:20..18:30
                index  @18:20..18:30
                  base: name numbers  @18:20..18:27
                  index: int 0  @18:28..18:29
              arg: unary &var  @18:20..18:30
                name text#  @18:20..18:30
          expr  @18:30..18:34
            call  @18:30..18:34
              callee: field push  @18:30..18:34
                name text#  @18:30..18:34
              arg: str " "  @18:30..18:34
          expr  @18:34..18:44
            call  @18:34..18:44
              callee: field appendTo  @18:34..18:44
                index  @18:34..18:44
                  base: name numbers  @18:34..18:41
                  index: int 1  @18:42..18:43
              arg: unary &var  @18:34..18:44
                name text#  @18:34..18:44
          expr  @18:44..18:48
            call  @18:44..18:48
              callee: field push  @18:44..18:48
                name text#  @18:44..18:48
              arg: str " "  @18:44..18:48
          expr  @18:48..18:58
            call  @18:48..18:58
              callee: field appendTo  @18:48..18:58
                index  @18:48..18:58
                  base: name numbers  @18:48..18:55
                  index: int 2  @18:56..18:57
              arg: unary &var  @18:48..18:58
                name text#  @18:48..18:58
          expr  @18:17..18:60
            unary move  @18:17..18:60
              name text#  @18:17..18:60
    var balls  @20:5..20:33
      type: Vec  @20:16..20:25
        arg: Ball  @20:20..20:24
      init: call  @20:28..20:33
        callee: name Vec  @20:28..20:31
    expr  @21:5..21:35
      call  @21:5..21:35
        callee: field push  @21:5..21:15
          name balls  @21:5..21:10
        arg: call  @21:16..21:34
          callee: name Ball  @21:16..21:20
          arg x: int 1  @21:24..21:25
          arg age: int 0  @21:32..21:33
    expr  @22:5..22:35
      call  @22:5..22:35
        callee: field push  @22:5..22:15
          name balls  @22:5..22:10
        arg: call  @22:16..22:34
          callee: name Ball  @22:16..22:20
          arg x: int 2  @22:24..22:25
          arg age: int 0  @22:32..22:33
    for  @23:5..26:6
      pattern: binding ball  @23:9..23:13
      elements: name balls  @23:17..23:22
      body: block  @23:23..26:6
        expr  @24:9..24:22
          assign +=  @24:9..24:22
            target: field age  @24:9..24:17
              name ball  @24:9..24:13
            value: int 5  @24:21..24:22
        expr  @25:9..25:27
          assign +=  @25:9..25:27
            target: field x  @25:9..25:15
              name ball  @25:9..25:13
            value: field age  @25:19..25:27
              name ball  @25:19..25:23
    for  @27:5..29:6
      pattern: variant Ball(x, age)  @27:9..27:21
      elements: name balls  @27:25..27:30
      body: block  @27:31..29:6
        expr  @28:9..28:35
          call  @28:9..28:35
            callee: path io::println  @28:9..28:20
            arg: block  @28:21..28:34
              var text#  @28:21..28:34
                init: call  @28:21..28:34
                  callee: path String::withCapacity  @28:21..28:34
                  arg: int 17  @28:21..28:34
              expr  @28:24..28:25
                call  @28:24..28:25
                  callee: field appendTo  @28:24..28:25
                    name x  @28:24..28:25
                  arg: unary &var  @28:24..28:25
                    name text#  @28:24..28:25
              expr  @28:25..28:29
                call  @28:25..28:29
                  callee: field push  @28:25..28:29
                    name text#  @28:25..28:29
                  arg: str " "  @28:25..28:29
              expr  @28:29..28:32
                call  @28:29..28:32
                  callee: field appendTo  @28:29..28:32
                    name age  @28:29..28:32
                  arg: unary &var  @28:29..28:32
                    name text#  @28:29..28:32
              expr  @28:21..28:34
                unary move  @28:21..28:34
                  name text#  @28:21..28:34
    for  @32:5..34:6
      pattern: binding n  @32:9..32:10
      elements: name numbers  @32:14..32:21
      body: block  @32:22..34:6
        expr  @33:9..33:27
          assign +=  @33:9..33:27
            target: name n  @33:9..33:10
            value: call  @33:14..33:27
              callee: field len  @33:14..33:25
                name numbers  @33:14..33:21
    expr  @35:5..35:33
      call  @35:5..35:33
        callee: path io::println  @35:5..35:16
        arg: block  @35:17..35:32
          var text#  @35:17..35:32
            init: call  @35:17..35:32
              callee: path String::withCapacity  @35:17..35:32
              arg: int 8  @35:17..35:32
          expr  @35:20..35:30
            call  @35:20..35:30
              callee: field appendTo  @35:20..35:30
                index  @35:20..35:30
                  base: name numbers  @35:20..35:27
                  index: int 0  @35:28..35:29
              arg: unary &var  @35:20..35:30
                name text#  @35:20..35:30
          expr  @35:17..35:32
            unary move  @35:17..35:32
              name text#  @35:17..35:32
    val fixed  @37:5..37:36
      init: call  @37:17..37:36
        callee: path Vec::of  @37:17..37:24
        arg: unary own  @37:25..37:35
          array  @37:29..37:35
            int 1  @37:30..37:31
            int 2  @37:33..37:34
    var total  @38:5..38:18
      init: int 0  @38:17..38:18
    for  @39:5..41:6
      pattern: binding n  @39:9..39:10
      elements: name fixed  @39:14..39:19
      body: block  @39:20..41:6
        expr  @40:9..40:19
          assign +=  @40:9..40:19
            target: name total  @40:9..40:14
            value: name n  @40:18..40:19
    expr  @42:5..42:24
      call  @42:5..42:24
        callee: path io::printInt  @42:5..42:17
        arg: name total  @42:18..42:23
