---
source: tests/gate
---
[E0301] Error: mismatched types
   ╭─[ err/338_string_lent_by_reference/main.wip:9:12 ]
   │
 5 │ fn change(text: &var str) = {}
   │           ───────┬──────
   │                  ╰──────── parameter declared here
   │
 9 │     change(&var name)
   │            ────┬────
   │                ╰────── expected `&var str`, found `&var String`
   │
   │ Note: a `String` is lent as a `str` where its text is read; writing a `str` would not write the `String`
───╯
[E0301] Error: mismatched types
    ╭─[ err/338_string_lent_by_reference/main.wip:10:22 ]
    │
 10 │     val kept: &str = name
    │               ──┬─   ──┬─
    │                 ╰────────── expected because of this type
    │                        │
    │                        ╰─── expected `&str`, found `String`
    │
    │ Help: call `toStr()` to say where the bytes are looked at, and keep the `String` alive for as long
    │
    │ Note: a `String` owns its bytes and a `str` borrows them, so it is lent as a `str` for a call and no longer
────╯
